Component: ARM Compiler 5.05 update 2 (build 169) Tool: armlink [4d0f33]

==============================================================================

Section Cross References

    system_stm32f10x.o(.text) refers to system_stm32f10x.o(.data) for SystemCoreClock
    main.o(.text) refers to _printf_percent.o(.ARM.Collect$$_printf_percent$$00000000) for _printf_percent
    main.o(.text) refers to _printf_s.o(.ARM.Collect$$_printf_percent$$00000014) for _printf_s
    main.o(.text) refers to _printf_str.o(.text) for _printf_str
    main.o(.text) refers to _printf_d.o(.ARM.Collect$$_printf_percent$$00000009) for _printf_d
    main.o(.text) refers to _printf_dec.o(.text) for _printf_int_dec
    main.o(.text) refers to _printf_f.o(.ARM.Collect$$_printf_percent$$00000003) for _printf_f
    main.o(.text) refers to printf1.o(x$fpl$printf1) for _printf_fp_dec
    main.o(.text) refers to delay.o(.text) for delay_ms
    main.o(.text) refers to nbiot.o(.text) for NB_send_cmd
    main.o(.text) refers to rt_memclr.o(.text) for __aeabi_memclr
    main.o(.text) refers to c89printf.o(.text) for __c89printf
    main.o(.text) refers to strstr.o(.text) for strstr
    main.o(.text) refers to oled.o(.text) for OLED_ShowString
    main.o(.text) refers to usart3.o(.text) for ClearRAM
    main.o(.text) refers to __2sprintf.o(.text) for __2sprintf
    main.o(.text) refers to __2printf.o(.text) for __2printf
    main.o(.text) refers to strlen.o(.text) for strlen
    main.o(.text) refers to strncpy.o(.text) for strncpy
    main.o(.text) refers to sys.o(.text) for NVIC_Configuration
    main.o(.text) refers to usart.o(.text) for uart_init
    main.o(.text) refers to led.o(.text) for LED_Init
    main.o(.text) refers to adcx.o(.text) for ADCx_Init
    main.o(.text) refers to usart2.o(.text) for USART2_Init
    main.o(.text) refers to usart2.o(.data) for USART2_RX_STA
    main.o(.text) refers to usart2.o(.bss) for USART2_RX_BUF
    main.o(.text) refers to main.o(.bss) for cardIMSI
    main.o(.text) refers to fflt_clz.o(x$fpl$ffltu) for __aeabi_ui2f
    main.o(.text) refers to fmul.o(x$fpl$fmul) for __aeabi_fmul
    main.o(.text) refers to fdiv.o(x$fpl$fdiv) for __aeabi_fdiv
    main.o(.text) refers to f2d.o(x$fpl$f2d) for __aeabi_f2d
    main.o(.text) refers to strcpy.o(.text) for strcpy
    main.o(.text) refers to hexstr.o(.text) for Str2Hex
    main.o(.text) refers to adcx.o(.data) for ADC_ConvertedValue
    main.o(.text) refers to usart3.o(.data) for USART3_RX_STA
    main.o(.text) refers to usart3.o(.bss) for USART3_RX_BUF
    main.o(.text) refers to main.o(.data) for id
    main.o(.text) refers to usart.o(.data) for USART_RX_STA
    main.o(.text) refers to usart.o(.bss) for USART_RX_BUF
    main.o(.data) refers to main.o(.conststring) for .conststring
    key.o(.text) refers to stm32f10x_rcc.o(.text) for RCC_APB2PeriphClockCmd
    key.o(.text) refers to stm32f10x_gpio.o(.text) for GPIO_PinRemapConfig
    key.o(.text) refers to delay.o(.text) for delay_ms
    key.o(.text) refers to key.o(.data) for key_up
    led.o(.text) refers to stm32f10x_rcc.o(.text) for RCC_APB2PeriphClockCmd
    led.o(.text) refers to stm32f10x_gpio.o(.text) for GPIO_Init
    usart2.o(.text) refers to stm32f10x_tim.o(.text) for TIM_SetCounter
    usart2.o(.text) refers to stm32f10x_usart.o(.text) for USART_GetITStatus
    usart2.o(.text) refers to stm32f10x_rcc.o(.text) for RCC_APB1PeriphClockCmd
    usart2.o(.text) refers to misc.o(.text) for NVIC_Init
    usart2.o(.text) refers to stm32f10x_dma.o(.text) for DMA_DeInit
    usart2.o(.text) refers to stm32f10x_gpio.o(.text) for GPIO_Init
    usart2.o(.text) refers to c89vsprintf.o(.text) for __c89vsprintf
    usart2.o(.text) refers to strlen.o(.text) for strlen
    usart2.o(.text) refers to usart2.o(.data) for USART2_RX_STA
    usart2.o(.text) refers to usart2.o(.bss) for USART2_RX_BUF
    usart2.o(.text) refers to nbiot.o(.data) for Scan_Wtime
    usart3.o(.text) refers to stm32f10x_rcc.o(.text) for RCC_APB1PeriphClockCmd
    usart3.o(.text) refers to stm32f10x_usart.o(.text) for USART_DeInit
    usart3.o(.text) refers to stm32f10x_gpio.o(.text) for GPIO_Init
    usart3.o(.text) refers to misc.o(.text) for NVIC_Init
    usart3.o(.text) refers to usart3.o(.data) for USART3_RX_STA
    usart3.o(.text) refers to usart3.o(.bss) for USART3_RX_BUF
    lcd5110.o(.text) refers to stm32f10x_gpio.o(.text) for GPIO_ResetBits
    lcd5110.o(.text) refers to stm32f10x_rcc.o(.text) for RCC_APB2PeriphClockCmd
    lcd5110.o(.text) refers to delay.o(.text) for delay_ms
    lcd5110.o(.text) refers to stm32f10x_dma.o(.text) for DMA_GetCurrDataCounter
    lcd5110.o(.text) refers to lcd5110.o(.constdata) for Font6x8
    lcd5110.o(.text) refers to lcd5110.o(.bss) for lcd_buf
    beep.o(.text) refers to stm32f10x_rcc.o(.text) for RCC_APB2PeriphClockCmd
    beep.o(.text) refers to stm32f10x_gpio.o(.text) for GPIO_Init
    adcx.o(.text) refers to stm32f10x_rcc.o(.text) for RCC_APB2PeriphClockCmd
[...]
    .text                                    0x080052c8   Section      128  strcmpv7m.o(.text)
    CL$$btod_d2e                             0x08005348   Section       62  btod.o(CL$$btod_d2e)
    CL$$btod_d2e_denorm_low                  0x08005386   Section       70  btod.o(CL$$btod_d2e_denorm_low)
    CL$$btod_d2e_norm_op1                    0x080053cc   Section       96  btod.o(CL$$btod_d2e_norm_op1)
    CL$$btod_div_common                      0x0800542c   Section      824  btod.o(CL$$btod_div_common)
    CL$$btod_e2e                             0x08005764   Section      198  btod.o(CL$$btod_e2e)
    CL$$btod_ediv                            0x0800582a   Section       40  btod.o(CL$$btod_ediv)
    CL$$btod_emul                            0x08005852   Section       40  btod.o(CL$$btod_emul)
    CL$$btod_mult_common                     0x0800587a   Section      580  btod.o(CL$$btod_mult_common)
    i.__ARM_fpclassify                       0x08005abe   Section        0  fpclassify.o(i.__ARM_fpclassify)
    i._is_digit                              0x08005ae6   Section        0  __printf_wp.o(i._is_digit)
    locale$$code                             0x08005af4   Section       44  lc_numeric_c.o(locale$$code)
    locale$$code                             0x08005b20   Section       44  lc_ctype_c.o(locale$$code)
    x$fpl$dretinf                            0x08005b4c   Section       12  dretinf.o(x$fpl$dretinf)
    x$fpl$f2d                                0x08005b58   Section       86  f2d.o(x$fpl$f2d)
    x$fpl$fdiv                               0x08005bb0   Section      388  fdiv.o(x$fpl$fdiv)
    _fdiv1                                   0x08005bb1   Thumb Code     0  fdiv.o(x$fpl$fdiv)
    x$fpl$ffltu                              0x08005d34   Section       38  fflt_clz.o(x$fpl$ffltu)
    x$fpl$fmul                               0x08005d5c   Section      258  fmul.o(x$fpl$fmul)
    x$fpl$fnaninf                            0x08005e5e   Section      140  fnaninf.o(x$fpl$fnaninf)
    x$fpl$fretinf                            0x08005eea   Section       10  fretinf.o(x$fpl$fretinf)
    x$fpl$printf1                            0x08005ef4   Section        4  printf1.o(x$fpl$printf1)
    .constdata                               0x08005ef8   Section     2072  oled.o(.constdata)
    x$fpl$usenofp                            0x08005ef8   Section        0  usenofp.o(x$fpl$usenofp)
    .constdata                               0x08006710   Section       17  __printf_flags_ss_wp.o(.constdata)
    maptable                                 0x08006710   Data          17  __printf_flags_ss_wp.o(.constdata)
    .constdata                               0x08006724   Section        8  _printf_wctomb.o(.constdata)
    initial_mbstate                          0x08006724   Data           8  _printf_wctomb.o(.constdata)
    .constdata                               0x0800672c   Section       40  _printf_hex_int_ll_ptr.o(.constdata)
    uc_hextab                                0x0800672c   Data          20  _printf_hex_int_ll_ptr.o(.constdata)
    lc_hextab                                0x08006740   Data          20  _printf_hex_int_ll_ptr.o(.constdata)
    .constdata                               0x08006754   Section      148  bigflt0.o(.constdata)
    tenpwrs_x                                0x08006754   Data          60  bigflt0.o(.constdata)
    tenpwrs_i                                0x08006790   Data          64  bigflt0.o(.constdata)
    .conststring                             0x080067e8   Section        3  main.o(.conststring)
    locale$$data                             0x0800680c   Section       28  lc_numeric_c.o(locale$$data)
    __lcnum_c_name                           0x08006810   Data           2  lc_numeric_c.o(locale$$data)
    __lcnum_c_start                          0x08006818   Data           0  lc_numeric_c.o(locale$$data)
    __lcnum_c_point                          0x08006824   Data           0  lc_numeric_c.o(locale$$data)
    __lcnum_c_thousands                      0x08006826   Data           0  lc_numeric_c.o(locale$$data)
    __lcnum_c_grouping                       0x08006827   Data           0  lc_numeric_c.o(locale$$data)
    locale$$data                             0x08006828   Section      272  lc_ctype_c.o(locale$$data)
    __lcnum_c_end                            0x08006828   Data           0  lc_numeric_c.o(locale$$data)
    __lcctype_c_name                         0x0800682c   Data           2  lc_ctype_c.o(locale$$data)
    __lcctype_c_start                        0x08006834   Data           0  lc_ctype_c.o(locale$$data)
    __lcctype_c_end                          0x08006938   Data           0  lc_ctype_c.o(locale$$data)
    .data                                    0x20000000   Section       20  system_stm32f10x.o(.data)
    .data                                    0x20000014   Section     1032  main.o(.data)
    .data                                    0x2000041c   Section        1  key.o(.data)
    key_up                                   0x2000041c   Data           1  key.o(.data)
    .data                                    0x2000041e   Section        3  usart2.o(.data)
    i                                        0x20000420   Data           1  usart2.o(.data)
    .data                                    0x20000422   Section        4  usart3.o(.data)
    .data                                    0x20000426   Section        2  adcx.o(.data)
    .data                                    0x20000428   Section      256  oled.o(.data)
    .data                                    0x20000528   Section        4  delay.o(.data)
    fac_us                                   0x20000528   Data           1  delay.o(.data)
    fac_ms                                   0x2000052a   Data           2  delay.o(.data)
    .data                                    0x2000052c   Section        6  usart.o(.data)
    .data                                    0x20000532   Section       20  stm32f10x_rcc.o(.data)
    APBAHBPrescTable                         0x20000532   Data          16  stm32f10x_rcc.o(.data)
    ADCPrescTable                            0x20000542   Data           4  stm32f10x_rcc.o(.data)
    .data                                    0x20000548   Section        8  nbiot.o(.data)
    .bss                                     0x20000550   Section     2200  main.o(.bss)
    .bss                                     0x20000de8   Section     2048  usart2.o(.bss)
    .bss                                     0x200015e8   Section      400  usart3.o(.bss)
    .bss                                     0x20001778   Section      200  usart.o(.bss)
    .bss                                     0x20001840   Section       96  libspace.o(.bss)
    HEAP                                     0x200018a0   Section      512  startup_stm32f10x_md.o(HEAP)
    Heap_Mem                                 0x200018a0   Data         512  startup_stm32f10x_md.o(HEAP)
    STACK                                    0x20001aa0   Section     1024  startup_stm32f10x_md.o(STACK)
    Stack_Mem                                0x20001aa0   Data        1024  startup_stm32f10x_md.o(STACK)
    __initial_sp                             0x20001ea0   Data           0  startup_stm32f10x_md.o(STACK)

    Global Symbols

    Symbol Name                              Value     Ov Type        Size  Object(Section)

    BuildAttributes$$THM_ISAv4$P$D$K$B$S$PE$A:L22UL41UL21$X:L11$S22US41US21$IEEE1$IW$USESV6$~STKCKD$USESV7$~SHL$OTIME$ROPI$IEEEJ$EBA8$UX$STANDARDLIB$REQ8$PRES8$EABIv2 0x00000000   Number         0  anon$$obj.o ABSOLUTE
    __ARM_use_no_argv                        0x00000000   Number         0  main.o ABSOLUTE
    _printf_flags                            0x00000000   Number         0  printf_stubs.o ABSOLUTE
    _printf_return_value                     0x00000000   Number         0  printf_stubs.o ABSOLUTE
    _printf_sizespec                         0x00000000   Number         0  printf_stubs.o ABSOLUTE
    _printf_widthprec                        0x00000000   Number         0  printf_stubs.o ABSOLUTE
    __ARM_exceptions_init                     - Undefined Weak Reference
    __alloca_initialize                       - Undefined Weak Reference
    __arm_preinit_                            - Undefined Weak Reference
    __cpp_initialize__aeabi_                  - Undefined Weak Reference
    __cxa_finalize                            - Undefined Weak Reference
    __sigvec_lookup                           - Undefined Weak Reference
    _atexit_init                              - Undefined Weak Reference
    _call_atexit_fns                          - Undefined Weak Reference
    _clock_init                               - Undefined Weak Reference
    _fp_trap_init                             - Undefined Weak Reference
    _fp_trap_shutdown                         - Undefined Weak Reference
    _get_lc_collate                           - Undefined Weak Reference
    _get_lc_monetary                          - Undefined Weak Reference
    _get_lc_time                              - Undefined Weak Reference
    _getenv_init                              - Undefined Weak Reference
    _handle_redirection                       - Undefined Weak Reference
    _init_alloc                               - Undefined Weak Reference
    _init_user_alloc                          - Undefined Weak Reference
    _initio                                   - Undefined Weak Reference
    _mutex_acquire                            - Undefined Weak Reference
    _mutex_release                            - Undefined Weak Reference
    _printf_fp_hex                            - Undefined Weak Reference
    _printf_mbtowc                            - Undefined Weak Reference
    _printf_wc                                - Undefined Weak Reference
    _rand_init                                - Undefined Weak Reference
    _signal_finish                            - Undefined Weak Reference
    _signal_init                              - Undefined Weak Reference
    _terminate_alloc                          - Undefined Weak Reference
    _terminate_user_alloc                     - Undefined Weak Reference
    _terminateio                              - Undefined Weak Reference
    __Vectors_Size                           0x000000ec   Number         0  startup_stm32f10x_md.o ABSOLUTE
    __Vectors                                0x08000000   Data           4  startup_stm32f10x_md.o(RESET)
    __Vectors_End                            0x080000ec   Data           0  startup_stm32f10x_md.o(RESET)
    __main                                   0x080000ed   Thumb Code     8  __main.o(!!!main)
    __scatterload                            0x080000f5   Thumb Code     0  __scatter.o(!!!scatter)
    __scatterload_rt2                        0x080000f5   Thumb Code    44  __scatter.o(!!!scatter)
    __scatterload_rt2_thumb_only             0x080000f5   Thumb Code     0  __scatter.o(!!!scatter)
    __scatterload_null                       0x08000103   Thumb Code     0  __scatter.o(!!!scatter)
    __decompress                             0x08000129   Thumb Code    90  __dczerorl2.o(!!dczerorl2)
    __decompress1                            0x08000129   Thumb Code     0  __dczerorl2.o(!!dczerorl2)
    __scatterload_zeroinit                   0x08000185   Thumb Code    28  __scatter_zi.o(!!handler_zi)
    _printf_n                                0x080001a1   Thumb Code     0  _printf_n.o(.ARM.Collect$$_printf_percent$$00000001)
    _printf_percent                          0x080001a1   Thumb Code     0  _printf_percent.o(.ARM.Collect$$_printf_percent$$00000000)
    _printf_p                                0x080001a7   Thumb Code     0  _printf_p.o(.ARM.Collect$$_printf_percent$$00000002)
    _printf_f                                0x080001ad   Thumb Code     0  _printf_f.o(.ARM.Collect$$_printf_percent$$00000003)
    _printf_e                                0x080001b3   Thumb Code     0  _printf_e.o(.ARM.Collect$$_printf_percent$$00000004)
    _printf_g                                0x080001b9   Thumb Code     0  _printf_g.o(.ARM.Collect$$_printf_percent$$00000005)
    _printf_a                                0x080001bf   Thumb Code     0  _printf_a.o(.ARM.Collect$$_printf_percent$$00000006)
    _printf_ll                               0x080001c5   Thumb Code     0  _printf_ll.o(.ARM.Collect$$_printf_percent$$00000007)
    _printf_i                                0x080001cf   Thumb Code     0  _printf_i.o(.ARM.Collect$$_printf_percent$$00000008)
    _printf_d                                0x080001d5   Thumb Code     0  _printf_d.o(.ARM.Collect$$_printf_percent$$00000009)
    _printf_u                                0x080001db   Thumb Code     0  _printf_u.o(.ARM.Collect$$_printf_percent$$0000000A)
    _printf_o                                0x080001e1   Thumb Code     0  _printf_o.o(.ARM.Collect$$_printf_percent$$0000000B)
    _printf_x                                0x080001e7   Thumb Code     0  _printf_x.o(.ARM.Collect$$_printf_percent$$0000000C)
    _printf_lli                              0x080001ed   Thumb Code     0  _printf_lli.o(.ARM.Collect$$_printf_percent$$0000000D)
    _printf_lld                              0x080001f3   Thumb Code     0  _printf_lld.o(.ARM.Collect$$_printf_percent$$0000000E)
    _printf_llu                              0x080001f9   Thumb Code     0  _printf_llu.o(.ARM.Collect$$_printf_percent$$0000000F)
    _printf_llo                              0x080001ff   Thumb Code     0  _printf_llo.o(.ARM.Collect$$_printf_percent$$00000010)
    _printf_llx                              0x08000205   Thumb Code     0  _printf_llx.o(.ARM.Collect$$_printf_percent$$00000011)
    _printf_l                                0x0800020b   Thumb Code     0  _printf_l.o(.ARM.Collect$$_printf_percent$$00000012)
    _printf_c                                0x08000215   Thumb Code     0  _printf_c.o(.ARM.Collect$$_printf_percent$$00000013)
    _printf_s                                0x0800021b   Thumb Code     0  _printf_s.o(.ARM.Collect$$_printf_percent$$00000014)
    _printf_lc                               0x08000221   Thumb Code     0  _printf_lc.o(.ARM.Collect$$_printf_percent$$00000015)
    _printf_ls                               0x08000227   Thumb Code     0  _printf_ls.o(.ARM.Collect$$_printf_percent$$00000016)
    _printf_percent_end                      0x0800022d   Thumb Code     0  _printf_percent_end.o(.ARM.Collect$$_printf_percent$$00000017)
    __rt_lib_init                            0x08000231   Thumb Code     0  libinit.o(.ARM.Collect$$libinit$$00000000)
    __rt_lib_init_fp_1                       0x08000233   Thumb Code     0  libinit2.o(.ARM.Collect$$libinit$$00000002)
    __rt_lib_init_heap_1                     0x08000233   Thumb Code     0  libinit2.o(.ARM.Collect$$libinit$$0000000A)
    __rt_lib_init_lc_common                  0x08000233   Thumb Code     0  libinit2.o(.ARM.Collect$$libinit$$0000000F)
    __rt_lib_init_preinit_1                  0x08000233   Thumb Code     0  libinit2.o(.ARM.Collect$$libinit$$00000004)
    __rt_lib_init_rand_1                     0x08000233   Thumb Code     0  libinit2.o(.ARM.Collect$$libinit$$0000000E)
    __rt_lib_init_user_alloc_1               0x08000233   Thumb Code     0  libinit2.o(.ARM.Collect$$libinit$$0000000C)
    __rt_lib_init_lc_collate_1               0x08000239   Thumb Code     0  libinit2.o(.ARM.Collect$$libinit$$00000011)
    __rt_lib_init_lc_ctype_2                 0x08000239   Thumb Code     0  libinit2.o(.ARM.Collect$$libinit$$00000012)
    __rt_lib_init_lc_ctype_1                 0x08000245   Thumb Code     0  libinit2.o(.ARM.Collect$$libinit$$00000013)
    __rt_lib_init_lc_monetary_1              0x08000245   Thumb Code     0  libinit2.o(.ARM.Collect$$libinit$$00000015)
    __rt_lib_init_lc_numeric_2               0x08000245   Thumb Code     0  libinit2.o(.ARM.Collect$$libinit$$00000016)
    __rt_lib_init_alloca_1                   0x0800024f   Thumb Code     0  libinit2.o(.ARM.Collect$$libinit$$0000002E)
    __rt_lib_init_argv_1                     0x0800024f   Thumb Code     0  libinit2.o(.ARM.Collect$$libinit$$0000002C)
    __rt_lib_init_atexit_1                   0x0800024f   Thumb Code     0  libinit2.o(.ARM.Collect$$libinit$$0000001B)
    __rt_lib_init_clock_1                    0x0800024f   Thumb Code     0  libinit2.o(.ARM.Collect$$libinit$$00000021)
    __rt_lib_init_cpp_1                      0x0800024f   Thumb Code     0  libinit2.o(.ARM.Collect$$libinit$$00000032)
    __rt_lib_init_exceptions_1               0x0800024f   Thumb Code     0  libinit2.o(.ARM.Collect$$libinit$$00000030)
    __rt_lib_init_fp_trap_1                  0x0800024f   Thumb Code     0  libinit2.o(.ARM.Collect$$libinit$$0000001F)
    __rt_lib_init_getenv_1                   0x0800024f   Thumb Code     0  libinit2.o(.ARM.Collect$$libinit$$00000023)
    __rt_lib_init_lc_numeric_1               0x0800024f   Thumb Code     0  libinit2.o(.ARM.Collect$$libinit$$00000017)
    __rt_lib_init_lc_time_1                  0x0800024f   Thumb Code     0  libinit2.o(.ARM.Collect$$libinit$$00000019)
    __rt_lib_init_return                     0x0800024f   Thumb Code     0  libinit2.o(.ARM.Collect$$libinit$$00000033)
    __rt_lib_init_signal_1                   0x0800024f   Thumb Code     0  libinit2.o(.ARM.Collect$$libinit$$0000001D)
    __rt_lib_init_stdio_1                    0x0800024f   Thumb Code     0  libinit2.o(.ARM.Collect$$libinit$$00000025)
    __rt_lib_shutdown                        0x08000251   Thumb Code     0  libshutdown.o(.ARM.Collect$$libshutdown$$00000000)
    __rt_lib_shutdown_fp_trap_1              0x08000253   Thumb Code     0  libshutdown2.o(.ARM.Collect$$libshutdown$$00000006)
    __rt_lib_shutdown_heap_1                 0x08000253   Thumb Code     0  libshutdown2.o(.ARM.Collect$$libshutdown$$0000000E)
    __rt_lib_shutdown_return                 0x08000253   Thumb Code     0  libshutdown2.o(.ARM.Collect$$libshutdown$$0000000F)
    __rt_lib_shutdown_signal_1               0x08000253   Thumb Code     0  libshutdown2.o(.ARM.Collect$$libshutdown$$00000009)
    __rt_lib_shutdown_stdio_1                0x08000253   Thumb Code     0  libshutdown2.o(.ARM.Collect$$libshutdown$$00000003)
    __rt_lib_shutdown_user_alloc_1           0x08000253   Thumb Code     0  libshutdown2.o(.ARM.Collect$$libshutdown$$0000000B)
    __rt_entry                               0x08000255   Thumb Code     0  __rtentry.o(.ARM.Collect$$rtentry$$00000000)
    __rt_entry_presh_1                       0x08000255   Thumb Code     0  __rtentry2.o(.ARM.Collect$$rtentry$$00000002)
    __rt_entry_sh                            0x08000255   Thumb Code     0  __rtentry4.o(.ARM.Collect$$rtentry$$00000004)
    __rt_entry_li                            0x0800025b   Thumb Code     0  __rtentry2.o(.ARM.Collect$$rtentry$$0000000A)
    __rt_entry_postsh_1                      0x0800025b   Thumb Code     0  __rtentry2.o(.ARM.Collect$$rtentry$$00000009)
    __rt_entry_main                          0x0800025f   Thumb Code     0  __rtentry2.o(.ARM.Collect$$rtentry$$0000000D)
    __rt_entry_postli_1                      0x0800025f   Thumb Code     0  __rtentry2.o(.ARM.Collect$$rtentry$$0000000C)
    __rt_exit                                0x08000267   Thumb Code     0  rtexit.o(.ARM.Collect$$rtexit$$00000000)
    __rt_exit_ls                             0x08000269   Thumb Code     0  rtexit2.o(.ARM.Collect$$rtexit$$00000003)
    __rt_exit_prels_1                        0x08000269   Thumb Code     0  rtexit2.o(.ARM.Collect$$rtexit$$00000002)
    __rt_exit_exit                           0x0800026d   Thumb Code     0  rtexit2.o(.ARM.Collect$$rtexit$$00000004)
    SystemInit                               0x08000353   Thumb Code    78  system_stm32f10x.o(.text)
    SystemCoreClockUpdate                    0x080003a1   Thumb Code   142  system_stm32f10x.o(.text)
    NB_init                                  0x0800045d   Thumb Code   880  main.o(.text)
    main                                     0x080007cd   Thumb Code  2292  main.o(.text)
    NB_ret                                   0x080010c1   Thumb Code    44  main.o(.text)
    NMI_Handler                              0x08001141   Thumb Code     2  stm32f10x_it.o(.text)
    HardFault_Handler                        0x08001143   Thumb Code     4  stm32f10x_it.o(.text)
    MemManage_Handler                        0x08001147   Thumb Code     4  stm32f10x_it.o(.text)
    BusFault_Handler                         0x0800114b   Thumb Code     4  stm32f10x_it.o(.text)
    UsageFault_Handler                       0x0800114f   Thumb Code     4  stm32f10x_it.o(.text)
    SVC_Handler                              0x08001153   Thumb Code     2  stm32f10x_it.o(.text)
    DebugMon_Handler                         0x08001155   Thumb Code     2  stm32f10x_it.o(.text)
    PendSV_Handler                           0x08001157   Thumb Code     2  stm32f10x_it.o(.text)
    SysTick_Handler                          0x08001159   Thumb Code     2  stm32f10x_it.o(.text)
    KEY_Init                                 0x0800115d   Thumb Code    82  key.o(.text)
    KEY_Scan                                 0x080011af   Thumb Code   154  key.o(.text)
    LED_Init                                 0x08001259   Thumb Code   114  led.o(.text)
    TIM4_Set                                 0x080012d1   Thumb Code    34  usart2.o(.text)
    USART2_IRQHandler                        0x080012f3   Thumb Code    84  usart2.o(.text)
    TIM4_Init                                0x08001347   Thumb Code    82  usart2.o(.text)
    UART_DMA_Config                          0x08001399   Thumb Code    72  usart2.o(.text)
    USART2_Init                              0x080013e1   Thumb Code   204  usart2.o(.text)
    UART_DMA_Enable                          0x080014ad   Thumb Code    32  usart2.o(.text)
    u2_printf                                0x080014cd   Thumb Code    56  usart2.o(.text)
    TIM4_SetARR                              0x08001505   Thumb Code    36  usart2.o(.text)
    TIM4_IRQHandler                          0x08001529   Thumb Code   104  usart2.o(.text)
    uart3_init                               0x080015b5   Thumb Code   156  usart3.o(.text)
    USART3_IRQHandler                        0x08001651   Thumb Code   130  usart3.o(.text)
    Uart1_SendStr                            0x080016f1   Thumb Code    34  usart3.o(.text)
    Usart_SendStr_length                     0x08001713   Thumb Code    32  usart3.o(.text)
    Usart_SendString                         0x08001733   Thumb Code    28  usart3.o(.text)
    ClearRAM                                 0x0800174f   Thumb Code    18  usart3.o(.text)
    ADCx_Init                                0x0800187b   Thumb Code    12  adcx.o(.text)
    Value2Hex                                0x08001899   Thumb Code    36  hexstr.o(.text)
    Str2Hex                                  0x080018bd   Thumb Code    84  hexstr.o(.text)
    OLED_WR_Byte                             0x08001911   Thumb Code   112  oled.o(.text)
    OLED_Set_Pos                             0x08001981   Thumb Code    46  oled.o(.text)
    OLED_Display_On                          0x080019af   Thumb Code    28  oled.o(.text)
    OLED_Display_Off                         0x080019cb   Thumb Code    28  oled.o(.text)
    OLED_Clear                               0x080019e7   Thumb Code    64  oled.o(.text)
    OLED_ShowChar                            0x08001a27   Thumb Code   106  oled.o(.text)
    oled_pow                                 0x08001a91   Thumb Code    22  oled.o(.text)
    OLED_ShowNum                             0x08001aa7   Thumb Code   132  oled.o(.text)
    OLED_ShowString                          0x08001b2b   Thumb Code    54  oled.o(.text)
    OLED_ShowCHinese                         0x08001b61   Thumb Code    98  oled.o(.text)
    OLED_DrawBMP                             0x08001bc3   Thumb Code   118  oled.o(.text)
    OLED_Init                                0x08001c39   Thumb Code   386  oled.o(.text)
    delay_init                               0x08001dbd   Thumb Code    50  delay.o(.text)
    delay_us                                 0x08001def   Thumb Code    72  delay.o(.text)
    delay_ms                                 0x08001e37   Thumb Code    72  delay.o(.text)
    NVIC_Configuration                       0x08001e91   Thumb Code    12  sys.o(.text)
    _sys_exit                                0x08001e9d   Thumb Code     6  usart.o(.text)
    fputc                                    0x08001ea3   Thumb Code    24  usart.o(.text)
    uart_init                                0x08001ebb   Thumb Code   158  usart.o(.text)
    USART1_IRQHandler                        0x08001f59   Thumb Code   122  usart.o(.text)
    Reset_Handler                            0x08001fe5   Thumb Code     8  startup_stm32f10x_md.o(.text)
    ADC1_2_IRQHandler                        0x08001fff   Thumb Code     0  startup_stm32f10x_md.o(.text)
    CAN1_RX1_IRQHandler                      0x08001fff   Thumb Code     0  startup_stm32f10x_md.o(.text)
    CAN1_SCE_IRQHandler                      0x08001fff   Thumb Code     0  startup_stm32f10x_md.o(.text)
    DMA1_Channel1_IRQHandler                 0x08001fff   Thumb Code     0  startup_stm32f10x_md.o(.text)
    DMA1_Channel2_IRQHandler                 0x08001fff   Thumb Code     0  startup_stm32f10x_md.o(.text)
    DMA1_Channel3_IRQHandler                 0x08001fff   Thumb Code     0  startup_stm32f10x_md.o(.text)
    DMA1_Channel4_IRQHandler                 0x08001fff   Thumb Code     0  startup_stm32f10x_md.o(.text)
    DMA1_Channel5_IRQHandler                 0x08001fff   Thumb Code     0  startup_stm32f10x_md.o(.text)
    DMA1_Channel6_IRQHandler                 0x08001fff   Thumb Code     0  startup_stm32f10x_md.o(.text)
    DMA1_Channel7_IRQHandler                 0x08001fff   Thumb Code     0  startup_stm32f10x_md.o(.text)
    EXTI0_IRQHandler                         0x08001fff   Thumb Code     0  startup_stm32f10x_md.o(.text)
    EXTI15_10_IRQHandler                     0x08001fff   Thumb Code     0  startup_stm32f10x_md.o(.text)
    EXTI1_IRQHandler                         0x08001fff   Thumb Code     0  startup_stm32f10x_md.o(.text)
    EXTI2_IRQHandler                         0x08001fff   Thumb Code     0  startup_stm32f10x_md.o(.text)
    EXTI3_IRQHandler                         0x08001fff   Thumb Code     0  startup_stm32f10x_md.o(.text)
    EXTI4_IRQHandler                         0x08001fff   Thumb Code     0  startup_stm32f10x_md.o(.text)
    EXTI9_5_IRQHandler                       0x08001fff   Thumb Code     0  startup_stm32f10x_md.o(.text)
    FLASH_IRQHandler                         0x08001fff   Thumb Code     0  startup_stm32f10x_md.o(.text)
    I2C1_ER_IRQHandler                       0x08001fff   Thumb Code     0  startup_stm32f10x_md.o(.text)
    I2C1_EV_IRQHandler                       0x08001fff   Thumb Code     0  startup_stm32f10x_md.o(.text)
    I2C2_ER_IRQHandler                       0x08001fff   Thumb Code     0  startup_stm32f10x_md.o(.text)
    I2C2_EV_IRQHandler                       0x08001fff   Thumb Code     0  startup_stm32f10x_md.o(.text)
    PVD_IRQHandler                           0x08001fff   Thumb Code     0  startup_stm32f10x_md.o(.text)
    RCC_IRQHandler                           0x08001fff   Thumb Code     0  startup_stm32f10x_md.o(.text)
    RTCAlarm_IRQHandler                      0x08001fff   Thumb Code     0  startup_stm32f10x_md.o(.text)
    RTC_IRQHandler                           0x08001fff   Thumb Code     0  startup_stm32f10x_md.o(.text)
    SPI1_IRQHandler                          0x08001fff   Thumb Code     0  startup_stm32f10x_md.o(.text)
    SPI2_IRQHandler                          0x08001fff   Thumb Code     0  startup_stm32f10x_md.o(.text)
    TAMPER_IRQHandler                        0x08001fff   Thumb Code     0  startup_stm32f10x_md.o(.text)
    TIM1_BRK_IRQHandler                      0x08001fff   Thumb Code     0  startup_stm32f10x_md.o(.text)
    TIM1_CC_IRQHandler                       0x08001fff   Thumb Code     0  startup_stm32f10x_md.o(.text)
    TIM1_TRG_COM_IRQHandler                  0x08001fff   Thumb Code     0  startup_stm32f10x_md.o(.text)
    TIM1_UP_IRQHandler                       0x08001fff   Thumb Code     0  startup_stm32f10x_md.o(.text)
    TIM2_IRQHandler                          0x08001fff   Thumb Code     0  startup_stm32f10x_md.o(.text)
    TIM3_IRQHandler                          0x08001fff   Thumb Code     0  startup_stm32f10x_md.o(.text)
    USBWakeUp_IRQHandler                     0x08001fff   Thumb Code     0  startup_stm32f10x_md.o(.text)
    USB_HP_CAN1_TX_IRQHandler                0x08001fff   Thumb Code     0  startup_stm32f10x_md.o(.text)
    USB_LP_CAN1_RX0_IRQHandler               0x08001fff   Thumb Code     0  startup_stm32f10x_md.o(.text)
    WWDG_IRQHandler                          0x08001fff   Thumb Code     0  startup_stm32f10x_md.o(.text)
    __user_initial_stackheap                 0x08002001   Thumb Code     0  startup_stm32f10x_md.o(.text)
    NVIC_PriorityGroupConfig                 0x08002025   Thumb Code    10  misc.o(.text)
    NVIC_Init                                0x0800202f   Thumb Code   100  misc.o(.text)
    NVIC_SetVectorTable                      0x08002093   Thumb Code    14  misc.o(.text)
    NVIC_SystemLPConfig                      0x080020a1   Thumb Code    34  misc.o(.text)
    SysTick_CLKSourceConfig                  0x080020c3   Thumb Code    40  misc.o(.text)
    GPIO_DeInit                              0x08002101   Thumb Code   172  stm32f10x_gpio.o(.text)
    GPIO_AFIODeInit                          0x080021ad   Thumb Code    20  stm32f10x_gpio.o(.text)
    GPIO_Init                                0x080021c1   Thumb Code   278  stm32f10x_gpio.o(.text)
    GPIO_StructInit                          0x080022d7   Thumb Code    16  stm32f10x_gpio.o(.text)
    GPIO_ReadInputDataBit                    0x080022e7   Thumb Code    18  stm32f10x_gpio.o(.text)
    GPIO_ReadInputData                       0x080022f9   Thumb Code     8  stm32f10x_gpio.o(.text)
    GPIO_ReadOutputDataBit                   0x08002301   Thumb Code    18  stm32f10x_gpio.o(.text)
    GPIO_ReadOutputData                      0x08002313   Thumb Code     8  stm32f10x_gpio.o(.text)
    GPIO_SetBits                             0x0800231b   Thumb Code     4  stm32f10x_gpio.o(.text)
    GPIO_ResetBits                           0x0800231f   Thumb Code     4  stm32f10x_gpio.o(.text)
    GPIO_WriteBit                            0x08002323   Thumb Code    10  stm32f10x_gpio.o(.text)
    GPIO_Write                               0x0800232d   Thumb Code     4  stm32f10x_gpio.o(.text)
    GPIO_PinLockConfig                       0x08002331   Thumb Code    18  stm32f10x_gpio.o(.text)
    GPIO_EventOutputConfig                   0x08002343   Thumb Code    26  stm32f10x_gpio.o(.text)
    GPIO_EventOutputCmd                      0x0800235d   Thumb Code     6  stm32f10x_gpio.o(.text)
    GPIO_PinRemapConfig                      0x08002363   Thumb Code   138  stm32f10x_gpio.o(.text)
    GPIO_EXTILineConfig                      0x080023ed   Thumb Code    66  stm32f10x_gpio.o(.text)
    GPIO_ETH_MediaInterfaceConfig            0x0800242f   Thumb Code     8  stm32f10x_gpio.o(.text)
    RCC_DeInit                               0x0800245d   Thumb Code    64  stm32f10x_rcc.o(.text)
    RCC_HSEConfig                            0x0800249d   Thumb Code    70  stm32f10x_rcc.o(.text)
    RCC_GetFlagStatus                        0x080024e3   Thumb Code    56  stm32f10x_rcc.o(.text)
    RCC_WaitForHSEStartUp                    0x0800251b   Thumb Code    56  stm32f10x_rcc.o(.text)
    RCC_AdjustHSICalibrationValue            0x08002553   Thumb Code    20  stm32f10x_rcc.o(.text)
    RCC_HSICmd                               0x08002567   Thumb Code     6  stm32f10x_rcc.o(.text)
    RCC_PLLConfig                            0x0800256d   Thumb Code    24  stm32f10x_rcc.o(.text)
    RCC_PLLCmd                               0x08002585   Thumb Code     6  stm32f10x_rcc.o(.text)
    RCC_SYSCLKConfig                         0x0800258b   Thumb Code    18  stm32f10x_rcc.o(.text)
    RCC_GetSYSCLKSource                      0x0800259d   Thumb Code    10  stm32f10x_rcc.o(.text)
    RCC_HCLKConfig                           0x080025a7   Thumb Code    18  stm32f10x_rcc.o(.text)
    RCC_PCLK1Config                          0x080025b9   Thumb Code    18  stm32f10x_rcc.o(.text)
    RCC_PCLK2Config                          0x080025cb   Thumb Code    20  stm32f10x_rcc.o(.text)
    RCC_ITConfig                             0x080025df   Thumb Code    26  stm32f10x_rcc.o(.text)
    RCC_USBCLKConfig                         0x080025f9   Thumb Code     8  stm32f10x_rcc.o(.text)
    RCC_ADCCLKConfig                         0x08002601   Thumb Code    18  stm32f10x_rcc.o(.text)
    RCC_LSEConfig                            0x08002613   Thumb Code    50  stm32f10x_rcc.o(.text)
    RCC_LSICmd                               0x08002645   Thumb Code     6  stm32f10x_rcc.o(.text)
    RCC_RTCCLKConfig                         0x0800264b   Thumb Code    12  stm32f10x_rcc.o(.text)
    RCC_RTCCLKCmd                            0x08002657   Thumb Code     8  stm32f10x_rcc.o(.text)
    RCC_GetClocksFreq                        0x0800265f   Thumb Code   192  stm32f10x_rcc.o(.text)
    RCC_AHBPeriphClockCmd                    0x0800271f   Thumb Code    26  stm32f10x_rcc.o(.text)
    RCC_APB2PeriphClockCmd                   0x08002739   Thumb Code    26  stm32f10x_rcc.o(.text)
    RCC_APB1PeriphClockCmd                   0x08002753   Thumb Code    26  stm32f10x_rcc.o(.text)
    RCC_APB2PeriphResetCmd                   0x0800276d   Thumb Code    26  stm32f10x_rcc.o(.text)
    RCC_APB1PeriphResetCmd                   0x08002787   Thumb Code    26  stm32f10x_rcc.o(.text)
    RCC_BackupResetCmd                       0x080027a1   Thumb Code     8  stm32f10x_rcc.o(.text)
    RCC_ClockSecuritySystemCmd               0x080027a9   Thumb Code     6  stm32f10x_rcc.o(.text)
    RCC_MCOConfig                            0x080027af   Thumb Code     6  stm32f10x_rcc.o(.text)
    RCC_ClearFlag                            0x080027b5   Thumb Code    14  stm32f10x_rcc.o(.text)
    RCC_GetITStatus                          0x080027c3   Thumb Code    20  stm32f10x_rcc.o(.text)
    RCC_ClearITPendingBit                    0x080027d7   Thumb Code     6  stm32f10x_rcc.o(.text)
    USART_DeInit                             0x08002809   Thumb Code   134  stm32f10x_usart.o(.text)
    USART_Init                               0x0800288f   Thumb Code   210  stm32f10x_usart.o(.text)
    USART_StructInit                         0x08002961   Thumb Code    24  stm32f10x_usart.o(.text)
    USART_ClockInit                          0x08002979   Thumb Code    34  stm32f10x_usart.o(.text)
    USART_ClockStructInit                    0x0800299b   Thumb Code    12  stm32f10x_usart.o(.text)
    USART_Cmd                                0x080029a7   Thumb Code    24  stm32f10x_usart.o(.text)
    USART_ITConfig                           0x080029bf   Thumb Code    74  stm32f10x_usart.o(.text)
    USART_DMACmd                             0x08002a09   Thumb Code    18  stm32f10x_usart.o(.text)
    USART_SetAddress                         0x08002a1b   Thumb Code    18  stm32f10x_usart.o(.text)
    USART_WakeUpConfig                       0x08002a2d   Thumb Code    18  stm32f10x_usart.o(.text)
    USART_ReceiverWakeUpCmd                  0x08002a3f   Thumb Code    24  stm32f10x_usart.o(.text)
    USART_LINBreakDetectLengthConfig         0x08002a57   Thumb Code    18  stm32f10x_usart.o(.text)
    USART_LINCmd                             0x08002a69   Thumb Code    24  stm32f10x_usart.o(.text)
    USART_SendData                           0x08002a81   Thumb Code     8  stm32f10x_usart.o(.text)
    USART_ReceiveData                        0x08002a89   Thumb Code    10  stm32f10x_usart.o(.text)
    USART_SendBreak                          0x08002a93   Thumb Code    10  stm32f10x_usart.o(.text)
    USART_SetGuardTime                       0x08002a9d   Thumb Code    16  stm32f10x_usart.o(.text)
    USART_SetPrescaler                       0x08002aad   Thumb Code    16  stm32f10x_usart.o(.text)
    USART_SmartCardCmd                       0x08002abd   Thumb Code    24  stm32f10x_usart.o(.text)
    USART_SmartCardNACKCmd                   0x08002ad5   Thumb Code    24  stm32f10x_usart.o(.text)
    USART_HalfDuplexCmd                      0x08002aed   Thumb Code    24  stm32f10x_usart.o(.text)
    USART_OverSampling8Cmd                   0x08002b05   Thumb Code    22  stm32f10x_usart.o(.text)
    USART_OneBitMethodCmd                    0x08002b1b   Thumb Code    24  stm32f10x_usart.o(.text)
    USART_IrDAConfig                         0x08002b33   Thumb Code    18  stm32f10x_usart.o(.text)
    USART_IrDACmd                            0x08002b45   Thumb Code    24  stm32f10x_usart.o(.text)
    USART_GetFlagStatus                      0x08002b5d   Thumb Code    26  stm32f10x_usart.o(.text)
    USART_ClearFlag                          0x08002b77   Thumb Code    18  stm32f10x_usart.o(.text)
    USART_GetITStatus                        0x08002b89   Thumb Code    84  stm32f10x_usart.o(.text)
    USART_ClearITPendingBit                  0x08002bdd   Thumb Code    52  stm32f10x_usart.o(.text)
    TIM_DeInit                               0x08002c11   Thumb Code   424  stm32f10x_tim.o(.text)
    TIM_TimeBaseInit                         0x08002db9   Thumb Code   122  stm32f10x_tim.o(.text)
    TIM_OC1Init                              0x08002e33   Thumb Code   132  stm32f10x_tim.o(.text)
    TIM_OC2Init                              0x08002eb7   Thumb Code   154  stm32f10x_tim.o(.text)
    TIM_OC3Init                              0x08002f51   Thumb Code   150  stm32f10x_tim.o(.text)
    TIM_OC4Init                              0x08002fe7   Thumb Code   182  stm32f10x_tim.o(.text)
    TIM_SetIC4Prescaler                      0x0800309d   Thumb Code    26  stm32f10x_tim.o(.text)
    TIM_SetIC3Prescaler                      0x08003139   Thumb Code    18  stm32f10x_tim.o(.text)
    TIM_SetIC2Prescaler                      0x080031c5   Thumb Code    26  stm32f10x_tim.o(.text)
    TIM_SetIC1Prescaler                      0x08003261   Thumb Code    18  stm32f10x_tim.o(.text)
    TIM_ICInit                               0x080032df   Thumb Code   150  stm32f10x_tim.o(.text)
    TIM_PWMIConfig                           0x08003375   Thumb Code   124  stm32f10x_tim.o(.text)
    TIM_BDTRConfig                           0x080033f1   Thumb Code    32  stm32f10x_tim.o(.text)
    TIM_TimeBaseStructInit                   0x08003411   Thumb Code    18  stm32f10x_tim.o(.text)
    TIM_OCStructInit                         0x08003423   Thumb Code    20  stm32f10x_tim.o(.text)
    TIM_ICStructInit                         0x08003437   Thumb Code    18  stm32f10x_tim.o(.text)
    TIM_BDTRStructInit                       0x08003449   Thumb Code    40  stm32f10x_tim.o(.text)
    TIM_Cmd                                  0x08003471   Thumb Code    24  stm32f10x_tim.o(.text)
    TIM_CtrlPWMOutputs                       0x08003489   Thumb Code    30  stm32f10x_tim.o(.text)
    TIM_ITConfig                             0x080034a7   Thumb Code    18  stm32f10x_tim.o(.text)
    TIM_GenerateEvent                        0x080034b9   Thumb Code     4  stm32f10x_tim.o(.text)
    TIM_DMAConfig                            0x080034bd   Thumb Code    10  stm32f10x_tim.o(.text)
    TIM_DMACmd                               0x080034c7   Thumb Code    18  stm32f10x_tim.o(.text)
    TIM_InternalClockConfig                  0x080034d9   Thumb Code    12  stm32f10x_tim.o(.text)
    TIM_SelectInputTrigger                   0x080034e5   Thumb Code    18  stm32f10x_tim.o(.text)
    TIM_ITRxExternalClockConfig              0x080034f7   Thumb Code    24  stm32f10x_tim.o(.text)
    TIM_TIxExternalClockConfig               0x0800350f   Thumb Code    62  stm32f10x_tim.o(.text)
    TIM_ETRConfig                            0x0800354d   Thumb Code    28  stm32f10x_tim.o(.text)
    TIM_ETRClockMode1Config                  0x08003569   Thumb Code    54  stm32f10x_tim.o(.text)
    TIM_ETRClockMode2Config                  0x0800359f   Thumb Code    32  stm32f10x_tim.o(.text)
    TIM_PrescalerConfig                      0x080035bf   Thumb Code     6  stm32f10x_tim.o(.text)
    TIM_CounterModeConfig                    0x080035c5   Thumb Code    18  stm32f10x_tim.o(.text)
    TIM_EncoderInterfaceConfig               0x080035d7   Thumb Code    66  stm32f10x_tim.o(.text)
    TIM_ForcedOC1Config                      0x08003619   Thumb Code    18  stm32f10x_tim.o(.text)
    TIM_ForcedOC2Config                      0x0800362b   Thumb Code    26  stm32f10x_tim.o(.text)
    TIM_ForcedOC3Config                      0x08003645   Thumb Code    18  stm32f10x_tim.o(.text)
    TIM_ForcedOC4Config                      0x08003657   Thumb Code    26  stm32f10x_tim.o(.text)
    TIM_ARRPreloadConfig                     0x08003671   Thumb Code    24  stm32f10x_tim.o(.text)
    TIM_SelectCOM                            0x08003689   Thumb Code    24  stm32f10x_tim.o(.text)
    TIM_SelectCCDMA                          0x080036a1   Thumb Code    24  stm32f10x_tim.o(.text)
    TIM_CCPreloadControl                     0x080036b9   Thumb Code    24  stm32f10x_tim.o(.text)
    TIM_OC1PreloadConfig                     0x080036d1   Thumb Code    18  stm32f10x_tim.o(.text)
    TIM_OC2PreloadConfig                     0x080036e3   Thumb Code    26  stm32f10x_tim.o(.text)
    TIM_OC3PreloadConfig                     0x080036fd   Thumb Code    18  stm32f10x_tim.o(.text)
    TIM_OC4PreloadConfig                     0x0800370f   Thumb Code    26  stm32f10x_tim.o(.text)
    TIM_OC1FastConfig                        0x08003729   Thumb Code    18  stm32f10x_tim.o(.text)
    TIM_OC2FastConfig                        0x0800373b   Thumb Code    26  stm32f10x_tim.o(.text)
    TIM_OC3FastConfig                        0x08003755   Thumb Code    18  stm32f10x_tim.o(.text)
    TIM_OC4FastConfig                        0x08003767   Thumb Code    26  stm32f10x_tim.o(.text)
    TIM_ClearOC1Ref                          0x08003781   Thumb Code    18  stm32f10x_tim.o(.text)
    TIM_ClearOC2Ref                          0x08003793   Thumb Code    24  stm32f10x_tim.o(.text)
    TIM_ClearOC3Ref                          0x080037ab   Thumb Code    18  stm32f10x_tim.o(.text)
    TIM_ClearOC4Ref                          0x080037bd   Thumb Code    24  stm32f10x_tim.o(.text)
    TIM_OC1PolarityConfig                    0x080037d5   Thumb Code    18  stm32f10x_tim.o(.text)
    TIM_OC1NPolarityConfig                   0x080037e7   Thumb Code    18  stm32f10x_tim.o(.text)
    TIM_OC2PolarityConfig                    0x080037f9   Thumb Code    26  stm32f10x_tim.o(.text)
    TIM_OC2NPolarityConfig                   0x08003813   Thumb Code    26  stm32f10x_tim.o(.text)
    TIM_OC3PolarityConfig                    0x0800382d   Thumb Code    26  stm32f10x_tim.o(.text)
    TIM_OC3NPolarityConfig                   0x08003847   Thumb Code    26  stm32f10x_tim.o(.text)
    TIM_OC4PolarityConfig                    0x08003861   Thumb Code    26  stm32f10x_tim.o(.text)
    TIM_CCxCmd                               0x0800387b   Thumb Code    30  stm32f10x_tim.o(.text)
    TIM_CCxNCmd                              0x08003899   Thumb Code    30  stm32f10x_tim.o(.text)
    TIM_SelectOCxM                           0x080038b7   Thumb Code    82  stm32f10x_tim.o(.text)
    TIM_UpdateDisableConfig                  0x08003909   Thumb Code    24  stm32f10x_tim.o(.text)
    TIM_UpdateRequestConfig                  0x08003921   Thumb Code    24  stm32f10x_tim.o(.text)
    TIM_SelectHallSensor                     0x08003939   Thumb Code    24  stm32f10x_tim.o(.text)
    TIM_SelectOnePulseMode                   0x08003951   Thumb Code    18  stm32f10x_tim.o(.text)
    TIM_SelectOutputTrigger                  0x08003963   Thumb Code    18  stm32f10x_tim.o(.text)
    TIM_SelectSlaveMode                      0x08003975   Thumb Code    18  stm32f10x_tim.o(.text)
    TIM_SelectMasterSlaveMode                0x08003987   Thumb Code    18  stm32f10x_tim.o(.text)
    TIM_SetCounter                           0x08003999   Thumb Code     4  stm32f10x_tim.o(.text)
    TIM_SetAutoreload                        0x0800399d   Thumb Code     4  stm32f10x_tim.o(.text)
    TIM_SetCompare1                          0x080039a1   Thumb Code     4  stm32f10x_tim.o(.text)
    TIM_SetCompare2                          0x080039a5   Thumb Code     4  stm32f10x_tim.o(.text)
    TIM_SetCompare3                          0x080039a9   Thumb Code     4  stm32f10x_tim.o(.text)
    TIM_SetCompare4                          0x080039ad   Thumb Code     6  stm32f10x_tim.o(.text)
    TIM_SetClockDivision                     0x080039b3   Thumb Code    18  stm32f10x_tim.o(.text)
    TIM_GetCapture1                          0x080039c5   Thumb Code     6  stm32f10x_tim.o(.text)
    TIM_GetCapture2                          0x080039cb   Thumb Code     6  stm32f10x_tim.o(.text)
    TIM_GetCapture3                          0x080039d1   Thumb Code     6  stm32f10x_tim.o(.text)
    TIM_GetCapture4                          0x080039d7   Thumb Code     8  stm32f10x_tim.o(.text)
    TIM_GetCounter                           0x080039df   Thumb Code     6  stm32f10x_tim.o(.text)
    TIM_GetPrescaler                         0x080039e5   Thumb Code     6  stm32f10x_tim.o(.text)
    TIM_GetFlagStatus                        0x080039eb   Thumb Code    18  stm32f10x_tim.o(.text)
    TIM_ClearFlag                            0x080039fd   Thumb Code     6  stm32f10x_tim.o(.text)
    TIM_GetITStatus                          0x08003a03   Thumb Code    34  stm32f10x_tim.o(.text)
    TIM_ClearITPendingBit                    0x08003a25   Thumb Code     6  stm32f10x_tim.o(.text)
    DMA_DeInit                               0x08003a2d   Thumb Code   324  stm32f10x_dma.o(.text)
    DMA_Init                                 0x08003b71   Thumb Code    60  stm32f10x_dma.o(.text)
    DMA_StructInit                           0x08003bad   Thumb Code    26  stm32f10x_dma.o(.text)
    DMA_Cmd                                  0x08003bc7   Thumb Code    24  stm32f10x_dma.o(.text)
    DMA_ITConfig                             0x08003bdf   Thumb Code    18  stm32f10x_dma.o(.text)
    DMA_SetCurrDataCounter                   0x08003bf1   Thumb Code     4  stm32f10x_dma.o(.text)
    DMA_GetCurrDataCounter                   0x08003bf5   Thumb Code     8  stm32f10x_dma.o(.text)
    DMA_GetFlagStatus                        0x08003bfd   Thumb Code    40  stm32f10x_dma.o(.text)
    DMA_ClearFlag                            0x08003c25   Thumb Code    22  stm32f10x_dma.o(.text)
    DMA_GetITStatus                          0x08003c3b   Thumb Code    40  stm32f10x_dma.o(.text)
    DMA_ClearITPendingBit                    0x08003c63   Thumb Code    22  stm32f10x_dma.o(.text)
    ADC_DeInit                               0x08003c81   Thumb Code    78  stm32f10x_adc.o(.text)
    ADC_Init                                 0x08003ccf   Thumb Code    70  stm32f10x_adc.o(.text)
    ADC_StructInit                           0x08003d15   Thumb Code    18  stm32f10x_adc.o(.text)
    ADC_Cmd                                  0x08003d27   Thumb Code    22  stm32f10x_adc.o(.text)
    ADC_DMACmd                               0x08003d3d   Thumb Code    22  stm32f10x_adc.o(.text)
    ADC_ITConfig                             0x08003d53   Thumb Code    24  stm32f10x_adc.o(.text)
    ADC_ResetCalibration                     0x08003d6b   Thumb Code    10  stm32f10x_adc.o(.text)
    ADC_GetResetCalibrationStatus            0x08003d75   Thumb Code    20  stm32f10x_adc.o(.text)
    ADC_StartCalibration                     0x08003d89   Thumb Code    10  stm32f10x_adc.o(.text)
    ADC_GetCalibrationStatus                 0x08003d93   Thumb Code    20  stm32f10x_adc.o(.text)
    ADC_SoftwareStartConvCmd                 0x08003da7   Thumb Code    22  stm32f10x_adc.o(.text)
    ADC_GetSoftwareStartConvStatus           0x08003dbd   Thumb Code    20  stm32f10x_adc.o(.text)
    ADC_DiscModeChannelCountConfig           0x08003dd1   Thumb Code    24  stm32f10x_adc.o(.text)
    ADC_DiscModeCmd                          0x08003de9   Thumb Code    22  stm32f10x_adc.o(.text)
    ADC_RegularChannelConfig                 0x08003dff   Thumb Code   184  stm32f10x_adc.o(.text)
    ADC_ExternalTrigConvCmd                  0x08003eb7   Thumb Code    22  stm32f10x_adc.o(.text)
    ADC_GetConversionValue                   0x08003ecd   Thumb Code     8  stm32f10x_adc.o(.text)
    ADC_GetDualModeConversionValue           0x08003ed5   Thumb Code     8  stm32f10x_adc.o(.text)
    ADC_AutoInjectedConvCmd                  0x08003edd   Thumb Code    22  stm32f10x_adc.o(.text)
    ADC_InjectedDiscModeCmd                  0x08003ef3   Thumb Code    22  stm32f10x_adc.o(.text)
    ADC_ExternalTrigInjectedConvConfig       0x08003f09   Thumb Code    16  stm32f10x_adc.o(.text)
    ADC_ExternalTrigInjectedConvCmd          0x08003f19   Thumb Code    22  stm32f10x_adc.o(.text)
    ADC_SoftwareStartInjectedConvCmd         0x08003f2f   Thumb Code    22  stm32f10x_adc.o(.text)
    ADC_GetSoftwareStartInjectedConvCmdStatus 0x08003f45   Thumb Code    20  stm32f10x_adc.o(.text)
    ADC_InjectedChannelConfig                0x08003f59   Thumb Code   130  stm32f10x_adc.o(.text)
    ADC_InjectedSequencerLengthConfig        0x08003fdb   Thumb Code    24  stm32f10x_adc.o(.text)
    ADC_SetInjectedOffset                    0x08003ff3   Thumb Code    20  stm32f10x_adc.o(.text)
    ADC_GetInjectedConversionValue           0x08004007   Thumb Code    28  stm32f10x_adc.o(.text)
    ADC_AnalogWatchdogCmd                    0x08004023   Thumb Code    16  stm32f10x_adc.o(.text)
    ADC_AnalogWatchdogThresholdsConfig       0x08004033   Thumb Code     6  stm32f10x_adc.o(.text)
    ADC_AnalogWatchdogSingleChannelConfig    0x08004039   Thumb Code    16  stm32f10x_adc.o(.text)
    ADC_TempSensorVrefintCmd                 0x08004049   Thumb Code    64  stm32f10x_adc.o(.text)
    ADC_GetFlagStatus                        0x08004089   Thumb Code    18  stm32f10x_adc.o(.text)
    ADC_ClearFlag                            0x0800409b   Thumb Code     6  stm32f10x_adc.o(.text)
    ADC_GetITStatus                          0x080040a1   Thumb Code    36  stm32f10x_adc.o(.text)
    ADC_ClearITPendingBit                    0x080040c5   Thumb Code    10  stm32f10x_adc.o(.text)
    sim_at_response                          0x080040d1   Thumb Code    46  nbiot.o(.text)
    NB_check_cmd                             0x080040ff   Thumb Code    44  nbiot.o(.text)
    NB_send_cmd                              0x0800412b   Thumb Code   212  nbiot.o(.text)
    NB_wait_request                          0x080041ff   Thumb Code    84  nbiot.o(.text)
    NB_chr2hex                               0x08004253   Thumb Code    54  nbiot.o(.text)
    NB_hex2chr                               0x08004289   Thumb Code    34  nbiot.o(.text)
    BC95_RECData                             0x080042ab   Thumb Code    74  nbiot.o(.text)
    __use_no_semihosting                     0x08004351   Thumb Code     2  use_no_semi_2.o(.text)
    __c89printf                              0x08004355   Thumb Code    20  c89printf.o(.text)
    __c89vsprintf                            0x0800436d   Thumb Code    32  c89vsprintf.o(.text)
    __2printf                                0x08004391   Thumb Code    20  __2printf.o(.text)
    __2sprintf                               0x080043a9   Thumb Code    38  __2sprintf.o(.text)
    _printf_str                              0x080043d5   Thumb Code    82  _printf_str.o(.text)
    _printf_int_dec                          0x08004429   Thumb Code   104  _printf_dec.o(.text)
    __printf                                 0x080044a1   Thumb Code   388  __printf_flags_ss_wp.o(.text)
    strstr                                   0x08004629   Thumb Code    36  strstr.o(.text)
    strcpy                                   0x0800464d   Thumb Code    72  strcpy.o(.text)
    strlen                                   0x08004695   Thumb Code    62  strlen.o(.text)
    __aeabi_memclr                           0x080046d3   Thumb Code     0  rt_memclr.o(.text)
    __rt_memclr                              0x080046d3   Thumb Code    68  rt_memclr.o(.text)
    _memset                                  0x080046d7   Thumb Code     0  rt_memclr.o(.text)
    strncpy                                  0x08004717   Thumb Code    86  strncpy.o(.text)
    __use_two_region_memory                  0x0800476d   Thumb Code     2  heapauxi.o(.text)
    __rt_heap_escrow$2region                 0x0800476f   Thumb Code     2  heapauxi.o(.text)
    __rt_heap_expand$2region                 0x08004771   Thumb Code     2  heapauxi.o(.text)
    __I$use$semihosting                      0x08004773   Thumb Code     0  use_no_semi.o(.text)
    __use_no_semihosting_swi                 0x08004773   Thumb Code     2  use_no_semi.o(.text)
    _printf_pre_padding                      0x08004775   Thumb Code    44  _printf_pad.o(.text)
    _printf_post_padding                     0x080047a1   Thumb Code    34  _printf_pad.o(.text)
    _printf_truncate_signed                  0x080047c3   Thumb Code    18  _printf_truncate.o(.text)
    _printf_truncate_unsigned                0x080047d5   Thumb Code    18  _printf_truncate.o(.text)
    _printf_int_common                       0x080047e7   Thumb Code   178  _printf_intcommon.o(.text)
    _printf_charcount                        0x08004899   Thumb Code    40  _printf_charcount.o(.text)
    __lib_sel_fp_printf                      0x080048c1   Thumb Code     2  _printf_fp_dec.o(.text)
    _printf_fp_dec_real                      0x08004a6f   Thumb Code   620  _printf_fp_dec.o(.text)
    _printf_char_common                      0x08004ce7   Thumb Code    32  _printf_char_common.o(.text)
    _sputc                                   0x08004d0d   Thumb Code    10  _sputc.o(.text)
    _printf_cs_common                        0x08004d17   Thumb Code    20  _printf_char.o(.text)
    _printf_char                             0x08004d2b   Thumb Code    16  _printf_char.o(.text)
    _printf_string                           0x08004d3b   Thumb Code     8  _printf_char.o(.text)
    _printf_char_file                        0x08004d45   Thumb Code    32  _printf_char_file.o(.text)
    _printf_wctomb                           0x08004d69   Thumb Code   182  _printf_wctomb.o(.text)
    _printf_longlong_dec                     0x08004e25   Thumb Code   108  _printf_longlong_dec.o(.text)
    _printf_longlong_oct                     0x08004ea1   Thumb Code    68  _printf_oct_int_ll.o(.text)
    _printf_int_oct                          0x08004ee5   Thumb Code    24  _printf_oct_int_ll.o(.text)
    _printf_ll_oct                           0x08004efd   Thumb Code    12  _printf_oct_int_ll.o(.text)
    _printf_longlong_hex                     0x08004f11   Thumb Code    86  _printf_hex_int_ll_ptr.o(.text)
    _printf_int_hex                          0x08004f67   Thumb Code    28  _printf_hex_int_ll_ptr.o(.text)
    _printf_ll_hex                           0x08004f83   Thumb Code    12  _printf_hex_int_ll_ptr.o(.text)
    _printf_hex_ptr                          0x08004f8f   Thumb Code    18  _printf_hex_int_ll_ptr.o(.text)
    __aeabi_memclr4                          0x08004fa5   Thumb Code     0  rt_memclr_w.o(.text)
    __aeabi_memclr8                          0x08004fa5   Thumb Code     0  rt_memclr_w.o(.text)
    __rt_memclr_w                            0x08004fa5   Thumb Code    78  rt_memclr_w.o(.text)
    _memset_w                                0x08004fa9   Thumb Code     0  rt_memclr_w.o(.text)
    __rt_locale                              0x08004ff5   Thumb Code     8  rt_locale_intlibspace.o(.text)
    _ll_udiv10                               0x08004ffd   Thumb Code   138  lludiv10.o(.text)
    _printf_fp_infnan                        0x08005089   Thumb Code   112  _printf_fp_infnan.o(.text)
    _printf_lcs_common                       0x08005109   Thumb Code    20  _printf_wchar.o(.text)
    _printf_wchar                            0x0800511d   Thumb Code    16  _printf_wchar.o(.text)
    _printf_wstring                          0x0800512d   Thumb Code     8  _printf_wchar.o(.text)
    _btod_etento                             0x08005135   Thumb Code   216  bigflt0.o(.text)
    ferror                                   0x08005211   Thumb Code     8  ferror.o(.text)
    _wcrtomb                                 0x08005219   Thumb Code    64  _wcrtomb.o(.text)
    __user_libspace                          0x08005259   Thumb Code     8  libspace.o(.text)
    __user_perproc_libspace                  0x08005259   Thumb Code     0  libspace.o(.text)
    __user_perthread_libspace                0x08005259   Thumb Code     0  libspace.o(.text)
    __user_setup_stackheap                   0x08005261   Thumb Code    74  sys_stackheap_outer.o(.text)
    __rt_ctype_table                         0x080052ad   Thumb Code    16  rt_ctype_table.o(.text)
    exit                                     0x080052bd   Thumb Code    12  exit.o(.text)
    strcmp                                   0x080052c9   Thumb Code   128  strcmpv7m.o(.text)
    _btod_d2e                                0x08005349   Thumb Code    62  btod.o(CL$$btod_d2e)
    _d2e_denorm_low                          0x08005387   Thumb Code    70  btod.o(CL$$btod_d2e_denorm_low)
    _d2e_norm_op1                            0x080053cd   Thumb Code    96  btod.o(CL$$btod_d2e_norm_op1)
    __btod_div_common                        0x0800542d   Thumb Code   696  btod.o(CL$$btod_div_common)
    _e2e                                     0x08005765   Thumb Code   198  btod.o(CL$$btod_e2e)
    _btod_ediv                               0x0800582b   Thumb Code    40  btod.o(CL$$btod_ediv)
    _btod_emul                               0x08005853   Thumb Code    40  btod.o(CL$$btod_emul)
    __btod_mult_common                       0x0800587b   Thumb Code   580  btod.o(CL$$btod_mult_common)
    __ARM_fpclassify                         0x08005abf   Thumb Code    40  fpclassify.o(i.__ARM_fpclassify)
    _is_digit                                0x08005ae7   Thumb Code    14  __printf_wp.o(i._is_digit)
    _get_lc_numeric                          0x08005af5   Thumb Code    44  lc_numeric_c.o(locale$$code)
    _get_lc_ctype                            0x08005b21   Thumb Code    44  lc_ctype_c.o(locale$$code)
    __fpl_dretinf                            0x08005b4d   Thumb Code    12  dretinf.o(x$fpl$dretinf)
    __aeabi_f2d                              0x08005b59   Thumb Code     0  f2d.o(x$fpl$f2d)
    _f2d                                     0x08005b59   Thumb Code    86  f2d.o(x$fpl$f2d)
    __aeabi_fdiv                             0x08005bb1   Thumb Code     0  fdiv.o(x$fpl$fdiv)
    _fdiv                                    0x08005bb1   Thumb Code   384  fdiv.o(x$fpl$fdiv)
    __aeabi_ui2f                             0x08005d35   Thumb Code     0  fflt_clz.o(x$fpl$ffltu)
    _ffltu                                   0x08005d35   Thumb Code    38  fflt_clz.o(x$fpl$ffltu)
    __aeabi_fmul                             0x08005d5d   Thumb Code     0  fmul.o(x$fpl$fmul)
    _fmul                                    0x08005d5d   Thumb Code   258  fmul.o(x$fpl$fmul)
    __fpl_fnaninf                            0x08005e5f   Thumb Code   140  fnaninf.o(x$fpl$fnaninf)
    __fpl_fretinf                            0x08005eeb   Thumb Code    10  fretinf.o(x$fpl$fretinf)
    _printf_fp_dec                           0x08005ef5   Thumb Code     4  printf1.o(x$fpl$printf1)
    F6x8                                     0x08005ef8   Data         552  oled.o(.constdata)
    __I$use$fp                               0x08005ef8   Number         0  usenofp.o(x$fpl$usenofp)
    F8X16                                    0x08006120   Data        1520  oled.o(.constdata)
    Region$$Table$$Base                      0x080067ec   Number         0  anon$$obj.o(Region$$Table)
    Region$$Table$$Limit                     0x0800680c   Number         0  anon$$obj.o(Region$$Table)
    __ctype                                  0x08006835   Data           0  lc_ctype_c.o(locale$$data)
    SystemCoreClock                          0x20000000   Data           4  system_stm32f10x.o(.data)
    AHBPrescTable                            0x20000004   Data          16  system_stm32f10x.o(.data)
    BMP1                                     0x20000014   Data        1024  main.o(.data)
    Mystr                                    0x20000414   Data           4  main.o(.data)
    id                                       0x20000418   Data           4  main.o(.data)
    USART2_RX_STA                            0x2000041e   Data           2  usart2.o(.data)
    RxCounter                                0x20000422   Data           1  usart3.o(.data)
    RxCounter1                               0x20000423   Data           1  usart3.o(.data)
    USART3_RX_STA                            0x20000424   Data           2  usart3.o(.data)
    ADC_ConvertedValue                       0x20000426   Data           2  adcx.o(.data)
    Hzk                                      0x20000428   Data         256  oled.o(.data)
    __stdout                                 0x2000052c   Data           4  usart.o(.data)
    USART_RX_STA                             0x20000530   Data           2  usart.o(.data)
    Scan_Wtime                               0x20000548   Data           1  nbiot.o(.data)
    BT_Scan_mode                             0x20000549   Data           1  nbiot.o(.data)
    extstrx                                  0x2000054c   Data           4  nbiot.o(.data)
    commandAT                                0x20000550   Data         255  main.o(.bss)
    locationLen                              0x2000064f   Data         255  main.o(.bss)
    location                                 0x2000074e   Data         255  main.o(.bss)
    locationxianshi                          0x2000084d   Data         255  main.o(.bss)
    locationHex                              0x2000094c   Data         255  main.o(.bss)
    HTTPTCPData                              0x20000a4b   Data         255  main.o(.bss)
    COM1Hex                                  0x20000b4a   Data         255  main.o(.bss)
    COM1Data                                 0x20000c49   Data         255  main.o(.bss)
    cardIMSI                                 0x20000d48   Data          80  main.o(.bss)
    signalCSQ                                0x20000d98   Data          80  main.o(.bss)
    USART2_TX_BUF                            0x20000de8   Data        1024  usart2.o(.bss)
    USART2_RX_BUF                            0x200011e8   Data        1024  usart2.o(.bss)
    RxBuffer                                 0x200015e8   Data         100  usart3.o(.bss)
    RxBuffer1                                0x2000164c   Data         100  usart3.o(.bss)
    USART3_RX_BUF                            0x200016b0   Data         200  usart3.o(.bss)
    USART_RX_BUF                             0x20001778   Data         200  usart.o(.bss)
    __libspace_start                         0x20001840   Data          96  libspace.o(.bss)
    __temporary_stack_top$libspace           0x200018a0   Data           0  libspace.o(.bss)



==============================================================================

Memory Map of the image

  Image Entry point : 0x080000ed

  Load Region LR_IROM1 (Base: 0x08000000, Size: 0x00006e88, Max: 0x00020000, ABSOLUTE, COMPRESSED[0x00006af0])

    Execution Region ER_IROM1 (Base: 0x08000000, Size: 0x00006938, Max: 0x00020000, ABSOLUTE)

    Base Addr    Size         Type   Attr      Idx    E Section Name        Object

    0x08000000   0x000000ec   Data   RO          445    RESET               startup_stm32f10x_md.o
    0x080000ec   0x00000008   Code   RO          617  * !!!main             c_w.l(__main.o)
    0x080000f4   0x00000034   Code   RO          926    !!!scatter          c_w.l(__scatter.o)
    0x08000128   0x0000005a   Code   RO          924    !!dczerorl2         c_w.l(__dczerorl2.o)
    0x08000182   0x00000002   PAD
    0x08000184   0x0000001c   Code   RO          928    !!handler_zi        c_w.l(__scatter_zi.o)
    0x080001a0   0x00000000   Code   RO          604    .ARM.Collect$$_printf_percent$$00000000  c_w.l(_printf_percent.o)
    0x080001a0   0x00000006   Code   RO          689    .ARM.Collect$$_printf_percent$$00000001  c_w.l(_printf_n.o)
    0x080001a6   0x00000006   Code   RO          691    .ARM.Collect$$_printf_percent$$00000002  c_w.l(_printf_p.o)
    0x080001ac   0x00000006   Code   RO          603    .ARM.Collect$$_printf_percent$$00000003  c_w.l(_printf_f.o)
    0x080001b2   0x00000006   Code   RO          695    .ARM.Collect$$_printf_percent$$00000004  c_w.l(_printf_e.o)
    0x080001b8   0x00000006   Code   RO          696    .ARM.Collect$$_printf_percent$$00000005  c_w.l(_printf_g.o)
    0x080001be   0x00000006   Code   RO          697    .ARM.Collect$$_printf_percent$$00000006  c_w.l(_printf_a.o)
    0x080001c4   0x0000000a   Code   RO          702    .ARM.Collect$$_printf_percent$$00000007  c_w.l(_printf_ll.o)
    0x080001ce   0x00000006   Code   RO          693    .ARM.Collect$$_printf_percent$$00000008  c_w.l(_printf_i.o)
    0x080001d4   0x00000006   Code   RO          602    .ARM.Collect$$_printf_percent$$00000009  c_w.l(_printf_d.o)
    0x080001da   0x00000006   Code   RO          694    .ARM.Collect$$_printf_percent$$0000000A  c_w.l(_printf_u.o)
    0x080001e0   0x00000006   Code   RO          692    .ARM.Collect$$_printf_percent$$0000000B  c_w.l(_printf_o.o)
    0x080001e6   0x00000006   Code   RO          690    .ARM.Collect$$_printf_percent$$0000000C  c_w.l(_printf_x.o)
    0x080001ec   0x00000006   Code   RO          699    .ARM.Collect$$_printf_percent$$0000000D  c_w.l(_printf_lli.o)
    0x080001f2   0x00000006   Code   RO          700    .ARM.Collect$$_printf_percent$$0000000E  c_w.l(_printf_lld.o)
    0x080001f8   0x00000006   Code   RO          701    .ARM.Collect$$_printf_percent$$0000000F  c_w.l(_printf_llu.o)
    0x080001fe   0x00000006   Code   RO          706    .ARM.Collect$$_printf_percent$$00000010  c_w.l(_printf_llo.o)
    0x08000204   0x00000006   Code   RO          707    .ARM.Collect$$_printf_percent$$00000011  c_w.l(_printf_llx.o)
    0x0800020a   0x0000000a   Code   RO          703    .ARM.Collect$$_printf_percent$$00000012  c_w.l(_printf_l.o)
    0x08000214   0x00000006   Code   RO          688    .ARM.Collect$$_printf_percent$$00000013  c_w.l(_printf_c.o)
    0x0800021a   0x00000006   Code   RO          601    .ARM.Collect$$_printf_percent$$00000014  c_w.l(_printf_s.o)
    0x08000220   0x00000006   Code   RO          704    .ARM.Collect$$_printf_percent$$00000015  c_w.l(_printf_lc.o)
    0x08000226   0x00000006   Code   RO          705    .ARM.Collect$$_printf_percent$$00000016  c_w.l(_printf_ls.o)
    0x0800022c   0x00000004   Code   RO          698    .ARM.Collect$$_printf_percent$$00000017  c_w.l(_printf_percent_end.o)
    0x08000230   0x00000002   Code   RO          799    .ARM.Collect$$libinit$$00000000  c_w.l(libinit.o)
    0x08000232   0x00000000   Code   RO          801    .ARM.Collect$$libinit$$00000002  c_w.l(libinit2.o)
    0x08000232   0x00000000   Code   RO          803    .ARM.Collect$$libinit$$00000004  c_w.l(libinit2.o)
    0x08000232   0x00000000   Code   RO          806    .ARM.Collect$$libinit$$0000000A  c_w.l(libinit2.o)
    0x08000232   0x00000000   Code   RO          808    .ARM.Collect$$libinit$$0000000C  c_w.l(libinit2.o)
    0x08000232   0x00000000   Code   RO          810    .ARM.Collect$$libinit$$0000000E  c_w.l(libinit2.o)
    0x08000232   0x00000006   Code   RO          811    .ARM.Collect$$libinit$$0000000F  c_w.l(libinit2.o)
    0x08000238   0x00000000   Code   RO          813    .ARM.Collect$$libinit$$00000011  c_w.l(libinit2.o)
    0x08000238   0x0000000c   Code   RO          814    .ARM.Collect$$libinit$$00000012  c_w.l(libinit2.o)
    0x08000244   0x00000000   Code   RO          815    .ARM.Collect$$libinit$$00000013  c_w.l(libinit2.o)
    0x08000244   0x00000000   Code   RO          817    .ARM.Collect$$libinit$$00000015  c_w.l(libinit2.o)
    0x08000244   0x0000000a   Code   RO          818    .ARM.Collect$$libinit$$00000016  c_w.l(libinit2.o)
    0x0800024e   0x00000000   Code   RO          819    .ARM.Collect$$libinit$$00000017  c_w.l(libinit2.o)
    0x0800024e   0x00000000   Code   RO          821    .ARM.Collect$$libinit$$00000019  c_w.l(libinit2.o)
    0x0800024e   0x00000000   Code   RO          823    .ARM.Collect$$libinit$$0000001B  c_w.l(libinit2.o)
    0x0800024e   0x00000000   Code   RO          825    .ARM.Collect$$libinit$$0000001D  c_w.l(libinit2.o)
    0x0800024e   0x00000000   Code   RO          827    .ARM.Collect$$libinit$$0000001F  c_w.l(libinit2.o)
    0x0800024e   0x00000000   Code   RO          829    .ARM.Collect$$libinit$$00000021  c_w.l(libinit2.o)
    0x0800024e   0x00000000   Code   RO          831    .ARM.Collect$$libinit$$00000023  c_w.l(libinit2.o)
    0x0800024e   0x00000000   Code   RO          833    .ARM.Collect$$libinit$$00000025  c_w.l(libinit2.o)
    0x0800024e   0x00000000   Code   RO          837    .ARM.Collect$$libinit$$0000002C  c_w.l(libinit2.o)
    0x0800024e   0x00000000   Code   RO          839    .ARM.Collect$$libinit$$0000002E  c_w.l(libinit2.o)
    0x0800024e   0x00000000   Code   RO          841    .ARM.Collect$$libinit$$00000030  c_w.l(libinit2.o)
    0x0800024e   0x00000000   Code   RO          843    .ARM.Collect$$libinit$$00000032  c_w.l(libinit2.o)
    0x0800024e   0x00000002   Code   RO          844    .ARM.Collect$$libinit$$00000033  c_w.l(libinit2.o)
    0x08000250   0x00000002   Code   RO          875    .ARM.Collect$$libshutdown$$00000000  c_w.l(libshutdown.o)
    0x08000252   0x00000000   Code   RO          885    .ARM.Collect$$libshutdown$$00000003  c_w.l(libshutdown2.o)
    0x08000252   0x00000000   Code   RO          888    .ARM.Collect$$libshutdown$$00000006  c_w.l(libshutdown2.o)
    0x08000252   0x00000000   Code   RO          891    .ARM.Collect$$libshutdown$$00000009  c_w.l(libshutdown2.o)
    0x08000252   0x00000000   Code   RO          893    .ARM.Collect$$libshutdown$$0000000B  c_w.l(libshutdown2.o)
    0x08000252   0x00000000   Code   RO          896    .ARM.Collect$$libshutdown$$0000000E  c_w.l(libshutdown2.o)
    0x08000252   0x00000002   Code   RO          897    .ARM.Collect$$libshutdown$$0000000F  c_w.l(libshutdown2.o)
    0x08000254   0x00000000   Code   RO          637    .ARM.Collect$$rtentry$$00000000  c_w.l(__rtentry.o)
    0x08000254   0x00000000   Code   RO          718    .ARM.Collect$$rtentry$$00000002  c_w.l(__rtentry2.o)
    0x08000254   0x00000006   Code   RO          730    .ARM.Collect$$rtentry$$00000004  c_w.l(__rtentry4.o)
    0x0800025a   0x00000000   Code   RO          720    .ARM.Collect$$rtentry$$00000009  c_w.l(__rtentry2.o)
    0x0800025a   0x00000004   Code   RO          721    .ARM.Collect$$rtentry$$0000000A  c_w.l(__rtentry2.o)
    0x0800025e   0x00000000   Code   RO          723    .ARM.Collect$$rtentry$$0000000C  c_w.l(__rtentry2.o)
    0x0800025e   0x00000008   Code   RO          724    .ARM.Collect$$rtentry$$0000000D  c_w.l(__rtentry2.o)
    0x08000266   0x00000002   Code   RO          845    .ARM.Collect$$rtexit$$00000000  c_w.l(rtexit.o)
    0x08000268   0x00000000   Code   RO          855    .ARM.Collect$$rtexit$$00000002  c_w.l(rtexit2.o)
    0x08000268   0x00000004   Code   RO          856    .ARM.Collect$$rtexit$$00000003  c_w.l(rtexit2.o)
    0x0800026c   0x00000006   Code   RO          857    .ARM.Collect$$rtexit$$00000004  c_w.l(rtexit2.o)
    0x08000272   0x00000002   PAD
    0x08000274   0x000001e8   Code   RO            1    .text               system_stm32f10x.o
    0x0800045c   0x00000ce4   Code   RO          103    .text               main.o
    0x08001140   0x0000001a   Code   RO          204    .text               stm32f10x_it.o
    0x0800115a   0x00000002   PAD
    0x0800115c   0x000000fc   Code   RO          223    .text               key.o
    0x08001258   0x00000078   Code   RO          236    .text               led.o
    0x080012d0   0x000002e4   Code   RO          248    .text               usart2.o
    0x080015b4   0x000001c4   Code   RO          274    .text               usart3.o
    0x08001778   0x00000120   Code   RO          334    .text               adcx.o
    0x08001898   0x00000078   Code   RO          349    .text               hexstr.o
    0x08001910   0x000004aa   Code   RO          361    .text               oled.o
    0x08001dba   0x00000002   PAD
    0x08001dbc   0x000000d4   Code   RO          383    .text               delay.o
    0x08001e90   0x0000000c   Code   RO          397    .text               sys.o
    0x08001e9c   0x00000148   Code   RO          409    .text               usart.o
    0x08001fe4   0x00000040   Code   RO          446    .text               startup_stm32f10x_md.o
    0x08002024   0x000000dc   Code   RO          450    .text               misc.o
    0x08002100   0x0000035c   Code   RO          462    .text               stm32f10x_gpio.o
    0x0800245c   0x000003ac   Code   RO          474    .text               stm32f10x_rcc.o
    0x08002808   0x00000408   Code   RO          488    .text               stm32f10x_usart.o
    0x08002c10   0x00000e1a   Code   RO          500    .text               stm32f10x_tim.o
    0x08003a2a   0x00000002   PAD
    0x08003a2c   0x00000254   Code   RO          512    .text               stm32f10x_dma.o
    0x08003c80   0x0000044e   Code   RO          524    .text               stm32f10x_adc.o
    0x080040ce   0x00000002   PAD
    0x080040d0   0x00000280   Code   RO          539    .text               nbiot.o
    0x08004350   0x00000002   Code   RO          561    .text               c_w.l(use_no_semi_2.o)
    0x08004352   0x00000002   PAD
    0x08004354   0x00000018   Code   RO          563    .text               c_w.l(c89printf.o)
    0x0800436c   0x00000024   Code   RO          565    .text               c_w.l(c89vsprintf.o)
    0x08004390   0x00000018   Code   RO          567    .text               c_w.l(__2printf.o)
    0x080043a8   0x0000002c   Code   RO          569    .text               c_w.l(__2sprintf.o)
    0x080043d4   0x00000052   Code   RO          577    .text               c_w.l(_printf_str.o)
    0x08004426   0x00000002   PAD
    0x08004428   0x00000078   Code   RO          579    .text               c_w.l(_printf_dec.o)
    0x080044a0   0x00000188   Code   RO          598    .text               c_w.l(__printf_flags_ss_wp.o)
    0x08004628   0x00000024   Code   RO          605    .text               c_w.l(strstr.o)
    0x0800464c   0x00000048   Code   RO          607    .text               c_w.l(strcpy.o)
    0x08004694   0x0000003e   Code   RO          609    .text               c_w.l(strlen.o)
    0x080046d2   0x00000044   Code   RO          611    .text               c_w.l(rt_memclr.o)
    0x08004716   0x00000056   Code   RO          613    .text               c_w.l(strncpy.o)
    0x0800476c   0x00000006   Code   RO          615    .text               c_w.l(heapauxi.o)
    0x08004772   0x00000002   Code   RO          635    .text               c_w.l(use_no_semi.o)
    0x08004774   0x0000004e   Code   RO          638    .text               c_w.l(_printf_pad.o)
    0x080047c2   0x00000024   Code   RO          640    .text               c_w.l(_printf_truncate.o)
    0x080047e6   0x000000b2   Code   RO          642    .text               c_w.l(_printf_intcommon.o)
    0x08004898   0x00000028   Code   RO          644    .text               c_w.l(_printf_charcount.o)
    0x080048c0   0x0000041a   Code   RO          646    .text               c_w.l(_printf_fp_dec.o)
    0x08004cda   0x00000002   PAD
    0x08004cdc   0x00000030   Code   RO          648    .text               c_w.l(_printf_char_common.o)
    0x08004d0c   0x0000000a   Code   RO          650    .text               c_w.l(_sputc.o)
    0x08004d16   0x0000002c   Code   RO          652    .text               c_w.l(_printf_char.o)
    0x08004d42   0x00000002   PAD
    0x08004d44   0x00000024   Code   RO          654    .text               c_w.l(_printf_char_file.o)
    0x08004d68   0x000000bc   Code   RO          656    .text               c_w.l(_printf_wctomb.o)
    0x08004e24   0x0000007c   Code   RO          659    .text               c_w.l(_printf_longlong_dec.o)
    0x08004ea0   0x00000070   Code   RO          665    .text               c_w.l(_printf_oct_int_ll.o)
    0x08004f10   0x00000094   Code   RO          685    .text               c_w.l(_printf_hex_int_ll_ptr.o)
    0x08004fa4   0x0000004e   Code   RO          708    .text               c_w.l(rt_memclr_w.o)
    0x08004ff2   0x00000002   PAD
    0x08004ff4   0x00000008   Code   RO          735    .text               c_w.l(rt_locale_intlibspace.o)
    0x08004ffc   0x0000008a   Code   RO          737    .text               c_w.l(lludiv10.o)
    0x08005086   0x00000002   PAD
    0x08005088   0x00000080   Code   RO          739    .text               c_w.l(_printf_fp_infnan.o)
    0x08005108   0x0000002c   Code   RO          743    .text               c_w.l(_printf_wchar.o)
    0x08005134   0x000000dc   Code   RO          745    .text               c_w.l(bigflt0.o)
    0x08005210   0x00000008   Code   RO          770    .text               c_w.l(ferror.o)
    0x08005218   0x00000040   Code   RO          774    .text               c_w.l(_wcrtomb.o)
    0x08005258   0x00000008   Code   RO          783    .text               c_w.l(libspace.o)
    0x08005260   0x0000004a   Code   RO          786    .text               c_w.l(sys_stackheap_outer.o)
    0x080052aa   0x00000002   PAD
    0x080052ac   0x00000010   Code   RO          788    .text               c_w.l(rt_ctype_table.o)
    0x080052bc   0x0000000c   Code   RO          790    .text               c_w.l(exit.o)
    0x080052c8   0x00000080   Code   RO          792    .text               c_w.l(strcmpv7m.o)
    0x08005348   0x0000003e   Code   RO          748    CL$$btod_d2e        c_w.l(btod.o)
    0x08005386   0x00000046   Code   RO          750    CL$$btod_d2e_denorm_low  c_w.l(btod.o)
    0x080053cc   0x00000060   Code   RO          749    CL$$btod_d2e_norm_op1  c_w.l(btod.o)
    0x0800542c   0x00000338   Code   RO          758    CL$$btod_div_common  c_w.l(btod.o)
    0x08005764   0x000000c6   Code   RO          755    CL$$btod_e2e        c_w.l(btod.o)
    0x0800582a   0x00000028   Code   RO          752    CL$$btod_ediv       c_w.l(btod.o)
    0x08005852   0x00000028   Code   RO          751    CL$$btod_emul       c_w.l(btod.o)
    0x0800587a   0x00000244   Code   RO          757    CL$$btod_mult_common  c_w.l(btod.o)
    0x08005abe   0x00000028   Code   RO          781    i.__ARM_fpclassify  m_ws.l(fpclassify.o)
    0x08005ae6   0x0000000e   Code   RO          591    i._is_digit         c_w.l(__printf_wp.o)
    0x08005af4   0x0000002c   Code   RO          777    locale$$code        c_w.l(lc_numeric_c.o)
    0x08005b20   0x0000002c   Code   RO          848    locale$$code        c_w.l(lc_ctype_c.o)
    0x08005b4c   0x0000000c   Code   RO          710    x$fpl$dretinf       fz_ws.l(dretinf.o)
    0x08005b58   0x00000056   Code   RO          619    x$fpl$f2d           fz_ws.l(f2d.o)
    0x08005bae   0x00000002   PAD
    0x08005bb0   0x00000184   Code   RO          622    x$fpl$fdiv          fz_ws.l(fdiv.o)
    0x08005d34   0x00000026   Code   RO          625    x$fpl$ffltu         fz_ws.l(fflt_clz.o)
    0x08005d5a   0x00000002   PAD
    0x08005d5c   0x00000102   Code   RO          631    x$fpl$fmul          fz_ws.l(fmul.o)
    0x08005e5e   0x0000008c   Code   RO          712    x$fpl$fnaninf       fz_ws.l(fnaninf.o)
    0x08005eea   0x0000000a   Code   RO          714    x$fpl$fretinf       fz_ws.l(fretinf.o)
    0x08005ef4   0x00000004   Code   RO          633    x$fpl$printf1       fz_ws.l(printf1.o)
    0x08005ef8   0x00000000   Code   RO          716    x$fpl$usenofp       fz_ws.l(usenofp.o)
    0x08005ef8   0x00000818   Data   RO          362    .constdata          oled.o
    0x08006710   0x00000011   Data   RO          599    .constdata          c_w.l(__printf_flags_ss_wp.o)
    0x08006721   0x00000003   PAD
    0x08006724   0x00000008   Data   RO          657    .constdata          c_w.l(_printf_wctomb.o)
    0x0800672c   0x00000028   Data   RO          686    .constdata          c_w.l(_printf_hex_int_ll_ptr.o)
    0x08006754   0x00000094   Data   RO          746    .constdata          c_w.l(bigflt0.o)
    0x080067e8   0x00000003   Data   RO          105    .conststring        main.o
    0x080067eb   0x00000001   PAD
    0x080067ec   0x00000020   Data   RO          922    Region$$Table       anon$$obj.o
    0x0800680c   0x0000001c   Data   RO          776    locale$$data        c_w.l(lc_numeric_c.o)
    0x08006828   0x00000110   Data   RO          847    locale$$data        c_w.l(lc_ctype_c.o)


    Execution Region RW_IRAM1 (Base: 0x20000000, Size: 0x00001ea0, Max: 0x00005000, ABSOLUTE, COMPRESSED[0x000001b8])

    Base Addr    Size         Type   Attr      Idx    E Section Name        Object

    0x20000000   0x00000014   Data   RW            2    .data               system_stm32f10x.o
    0x20000014   0x00000408   Data   RW          106    .data               main.o
    0x2000041c   0x00000001   Data   RW          224    .data               key.o
    0x2000041d   0x00000001   PAD
    0x2000041e   0x00000003   Data   RW          250    .data               usart2.o
    0x20000421   0x00000001   PAD
    0x20000422   0x00000004   Data   RW          276    .data               usart3.o
    0x20000426   0x00000002   Data   RW          335    .data               adcx.o
    0x20000428   0x00000100   Data   RW          363    .data               oled.o
    0x20000528   0x00000004   Data   RW          384    .data               delay.o
    0x2000052c   0x00000006   Data   RW          411    .data               usart.o
    0x20000532   0x00000014   Data   RW          475    .data               stm32f10x_rcc.o
    0x20000546   0x00000002   PAD
    0x20000548   0x00000008   Data   RW          541    .data               nbiot.o
    0x20000550   0x00000898   Zero   RW          104    .bss                main.o
    0x20000de8   0x00000800   Zero   RW          249    .bss                usart2.o
    0x200015e8   0x00000190   Zero   RW          275    .bss                usart3.o
    0x20001778   0x000000c8   Zero   RW          410    .bss                usart.o
    0x20001840   0x00000060   Zero   RW          784    .bss                c_w.l(libspace.o)
    0x200018a0   0x00000200   Zero   RW          444    HEAP                startup_stm32f10x_md.o
    0x20001aa0   0x00000400   Zero   RW          443    STACK               startup_stm32f10x_md.o


==============================================================================

Image component sizes


      Code (inc. data)   RO Data    RW Data    ZI Data      Debug   Object Name

       288         18          0          2          0       1477   adcx.o
         0          0          0          0          0         32   core_cm3.o
       212         18          0          4          0       1023   delay.o
       120          0          0          0          0        992   hexstr.o
       252         16          0          1          0        832   key.o
       120          6          0          0          0        531   led.o
      3300       1004          3       1032       2200     216202   main.o
       220         22          0          0          0       1809   misc.o
       640         92          0          8          0       3822   nbiot.o
      1194         16       2072        256          0       4673   oled.o
        64         26        236          0       1536        792   startup_stm32f10x_md.o
      1102         26          0          0          0      19913   stm32f10x_adc.o
       596          8          0          0          0       4338   stm32f10x_dma.o
       860         38          0          0          0       5653   stm32f10x_gpio.o
        26          0          0          0          0       1186   stm32f10x_it.o
       940         44          0         20          0       8828   stm32f10x_rcc.o
      3610         88          0          0          0      22136   stm32f10x_tim.o
      1032         22          0          0          0       8380   stm32f10x_usart.o
        12          0          0          0          0        457   sys.o
       488         46          0         20          0      59623   system_stm32f10x.o
       328         18          0          6        200       3170   usart.o
       740         36          0          3       2048       3869   usart2.o
       452         24          0          4        400       2928   usart3.o

    ----------------------------------------------------------------------
     16604       1568       2344       1360       6384     372666   Object Totals
         0          0         32          0          0          0   (incl. Generated)
         8          0          1          4          0          0   (incl. Padding)

    ----------------------------------------------------------------------

      Code (inc. data)   RO Data    RW Data    ZI Data      Debug   Library Member Name

        24          4          0          0          0         84   __2printf.o
        44          6          0          0          0         84   __2sprintf.o
        90          0          0          0          0          0   __dczerorl2.o
         8          0          0          0          0         68   __main.o
       392          4         17          0          0         92   __printf_flags_ss_wp.o
        14          0          0          0          0         68   __printf_wp.o
         0          0          0          0          0          0   __rtentry.o
        12          0          0          0          0          0   __rtentry2.o
         6          0          0          0          0          0   __rtentry4.o
        52          8          0          0          0          0   __scatter.o
        28          0          0          0          0          0   __scatter_zi.o
         6          0          0          0          0          0   _printf_a.o
         6          0          0          0          0          0   _printf_c.o
        44          0          0          0          0        108   _printf_char.o
        48          6          0          0          0         96   _printf_char_common.o
        36          4          0          0          0         80   _printf_char_file.o
        40          0          0          0          0         68   _printf_charcount.o
         6          0          0          0          0          0   _printf_d.o
       120         16          0          0          0         92   _printf_dec.o
         6          0          0          0          0          0   _printf_e.o
         6          0          0          0          0          0   _printf_f.o
      1050          0          0          0          0        216   _printf_fp_dec.o
       128         16          0          0          0         84   _printf_fp_infnan.o
         6          0          0          0          0          0   _printf_g.o
       148          4         40          0          0        160   _printf_hex_int_ll_ptr.o
         6          0          0          0          0          0   _printf_i.o
       178          0          0          0          0         88   _printf_intcommon.o
        10          0          0          0          0          0   _printf_l.o
         6          0          0          0          0          0   _printf_lc.o
        10          0          0          0          0          0   _printf_ll.o
         6          0          0          0          0          0   _printf_lld.o
         6          0          0          0          0          0   _printf_lli.o
         6          0          0          0          0          0   _printf_llo.o
         6          0          0          0          0          0   _printf_llu.o
         6          0          0          0          0          0   _printf_llx.o
       124         16          0          0          0         92   _printf_longlong_dec.o
         6          0          0          0          0          0   _printf_ls.o
         6          0          0          0          0          0   _printf_n.o
         6          0          0          0          0          0   _printf_o.o
       112          8          0          0          0        124   _printf_oct_int_ll.o
         6          0          0          0          0          0   _printf_p.o
        78          0          0          0          0        108   _printf_pad.o
         0          0          0          0          0          0   _printf_percent.o
         4          0          0          0          0          0   _printf_percent_end.o
         6          0          0          0          0          0   _printf_s.o
        82          0          0          0          0         80   _printf_str.o
        36          0          0          0          0         84   _printf_truncate.o
         6          0          0          0          0          0   _printf_u.o
        44          0          0          0          0        108   _printf_wchar.o
       188          6          8          0          0         92   _printf_wctomb.o
         6          0          0          0          0          0   _printf_x.o
        10          0          0          0          0         68   _sputc.o
        64          0          0          0          0         92   _wcrtomb.o
       220          4        148          0          0         96   bigflt0.o
      1910        128          0          0          0        672   btod.o
        24          4          0          0          0         84   c89printf.o
        36          4          0          0          0         76   c89vsprintf.o
        12          0          0          0          0         72   exit.o
         8          0          0          0          0         68   ferror.o
         6          0          0          0          0        152   heapauxi.o
        44         10        272          0          0         76   lc_ctype_c.o
        44         10         28          0          0         76   lc_numeric_c.o
         2          0          0          0          0          0   libinit.o
        30          0          0          0          0          0   libinit2.o
         2          0          0          0          0          0   libshutdown.o
         2          0          0          0          0          0   libshutdown2.o
         8          4          0          0         96         68   libspace.o
       138          0          0          0          0         80   lludiv10.o
        16          4          0          0          0         76   rt_ctype_table.o
         8          4          0          0          0         68   rt_locale_intlibspace.o
        68          0          0          0          0         68   rt_memclr.o
        78          0          0          0          0         80   rt_memclr_w.o
         2          0          0          0          0          0   rtexit.o
        10          0          0          0          0          0   rtexit2.o
       128          0          0          0          0         68   strcmpv7m.o
        72          0          0          0          0         80   strcpy.o
        62          0          0          0          0         76   strlen.o
        86          0          0          0          0         76   strncpy.o
        36          0          0          0          0         80   strstr.o
        74          0          0          0          0         80   sys_stackheap_outer.o
         2          0          0          0          0         68   use_no_semi.o
         2          0          0          0          0         68   use_no_semi_2.o
        12          0          0          0          0         68   dretinf.o
        86          4          0          0          0         84   f2d.o
       388         76          0          0          0         96   fdiv.o
        38          0          0          0          0         68   fflt_clz.o
       258          4          0          0          0         84   fmul.o
       140          4          0          0          0         84   fnaninf.o
        10          0          0          0          0         68   fretinf.o
         4          0          0          0          0         68   printf1.o
         0          0          0          0          0          0   usenofp.o
        40          0          0          0          0         68   fpclassify.o

    ----------------------------------------------------------------------
      7472        358        516          0         96       5332   Library Totals
        22          0          3          0          0          0   (incl. Padding)

    ----------------------------------------------------------------------

      Code (inc. data)   RO Data    RW Data    ZI Data      Debug   Library Name

      6474        270        513          0         96       4644   c_w.l
       936         88          0          0          0        620   fz_ws.l
        40          0          0          0          0         68   m_ws.l

    ----------------------------------------------------------------------
      7472        358        516          0         96       5332   Library Totals

    ----------------------------------------------------------------------

==============================================================================


      Code (inc. data)   RO Data    RW Data    ZI Data      Debug   

     24076       1926       2860       1360       6480     373106   Grand Totals
     24076       1926       2860        440       6480     373106   ELF Image Totals (compressed)
     24076       1926       2860        440          0          0   ROM Totals

==============================================================================

    Total RO  Size (Code + RO Data)                26936 (  26.30kB)
    Total RW  Size (RW Data + ZI Data)              7840 (   7.66kB)
    Total ROM Size (Code + RO Data + RW Data)      27376 (  26.73kB)

==============================================================================

