Product: MDK-ARM Professional 5.10
Component: ARM Compiler 5.04 update 1 (build 49)
Tool: armlink [5040049]

==============================================================================

Section Cross References

    system_stm32f10x.o(.text) refers to system_stm32f10x.o(.data) for SystemCoreClock
    main.o(.text) refers to _printf_pad.o(.text) for _printf_pre_padding
    main.o(.text) refers to _printf_percent.o(.ARM.Collect$$_printf_percent$$00000000) for _printf_percent
    main.o(.text) refers to _printf_p.o(.ARM.Collect$$_printf_percent$$00000002) for _printf_p
    main.o(.text) refers to _printf_s.o(.ARM.Collect$$_printf_percent$$00000014) for _printf_s
    main.o(.text) refers to _printf_n.o(.ARM.Collect$$_printf_percent$$00000001) for _printf_n
    main.o(.text) refers to _printf_charcount.o(.text) for _printf_charcount
    main.o(.text) refers to _printf_hex_int_ll_ptr.o(.text) for _printf_longlong_hex
    main.o(.text) refers to _printf_str.o(.text) for _printf_str
    main.o(.text) refers to _printf_d.o(.ARM.Collect$$_printf_percent$$00000009) for _printf_d
    main.o(.text) refers to _printf_dec.o(.text) for _printf_int_dec
    main.o(.text) refers to delay.o(.text) for delay_ms
    main.o(.text) refers to nbiot.o(.text) for NB_send_cmd
    main.o(.text) refers to rt_memclr.o(.text) for __aeabi_memclr
    main.o(.text) refers to __2printf.o(.text) for __2printf
    main.o(.text) refers to strstr.o(.text) for strstr
    main.o(.text) refers to oled.o(.text) for OLED_ShowString
    main.o(.text) refers to usart3.o(.text) for ClearRAM
    main.o(.text) refers to __2sprintf.o(.text) for __2sprintf
    main.o(.text) refers to strlen.o(.text) for strlen
    main.o(.text) refers to strncpy.o(.text) for strncpy
    main.o(.text) refers to sys.o(.text) for NVIC_Configuration
    main.o(.text) refers to usart.o(.text) for uart_init
    main.o(.text) refers to led.o(.text) for LED_Init
    main.o(.text) refers to adcx.o(.text) for ADCx_Init
    main.o(.text) refers to usart2.o(.text) for USART2_Init
    main.o(.text) refers to dht11.o(.text) for DHT11_Init
    main.o(.text) refers to http_demo.o(.text) for HTTP_PostPkt
    main.o(.text) refers to hexstr.o(.text) for Str2Hex
    main.o(.text) refers to usart2.o(.data) for USART2_RX_STA
    main.o(.text) refers to usart2.o(.bss) for USART2_RX_BUF
    main.o(.text) refers to main.o(.bss) for cardIMSI
    main.o(.text) refers to main.o(.data) for DHT11_Data
    main.o(.data) refers to main.o(.conststring) for .conststring
    key.o(.text) refers to stm32f10x_rcc.o(.text) for RCC_APB2PeriphClockCmd
    key.o(.text) refers to stm32f10x_gpio.o(.text) for GPIO_PinRemapConfig
    key.o(.text) refers to delay.o(.text) for delay_ms
    key.o(.text) refers to key.o(.data) for key_up
    led.o(.text) refers to stm32f10x_rcc.o(.text) for RCC_APB2PeriphClockCmd
    led.o(.text) refers to stm32f10x_gpio.o(.text) for GPIO_Init
    usart2.o(.text) refers to stm32f10x_tim.o(.text) for TIM_SetCounter
    usart2.o(.text) refers to stm32f10x_usart.o(.text) for USART_GetITStatus
    usart2.o(.text) refers to stm32f10x_rcc.o(.text) for RCC_APB1PeriphClockCmd
    usart2.o(.text) refers to misc.o(.text) for NVIC_Init
    usart2.o(.text) refers to stm32f10x_dma.o(.text) for DMA_DeInit
    usart2.o(.text) refers to stm32f10x_gpio.o(.text) for GPIO_Init
    usart2.o(.text) refers to c89vsprintf.o(.text) for __c89vsprintf
    usart2.o(.text) refers to strlen.o(.text) for strlen
    usart2.o(.text) refers to usart2.o(.data) for USART2_RX_STA
    usart2.o(.text) refers to usart2.o(.bss) for USART2_RX_BUF
    usart2.o(.text) refers to nbiot.o(.data) for Scan_Wtime
    usart3.o(.text) refers to stm32f10x_rcc.o(.text) for RCC_APB1PeriphClockCmd
    usart3.o(.text) refers to stm32f10x_usart.o(.text) for USART_DeInit
    usart3.o(.text) refers to stm32f10x_gpio.o(.text) for GPIO_Init
    usart3.o(.text) refers to misc.o(.text) for NVIC_Init
    usart3.o(.text) refers to usart3.o(.data) for USART3_RX_STA
    usart3.o(.text) refers to usart3.o(.bss) for USART3_RX_BUF
    lcd5110.o(.text) refers to stm32f10x_gpio.o(.text) for GPIO_ResetBits
    lcd5110.o(.text) refers to stm32f10x_rcc.o(.text) for RCC_APB2PeriphClockCmd
    lcd5110.o(.text) refers to delay.o(.text) for delay_ms
    lcd5110.o(.text) refers to stm32f10x_dma.o(.text) for DMA_GetCurrDataCounter
    lcd5110.o(.text) refers to lcd5110.o(.constdata) for Font6x8
    lcd5110.o(.text) refers to lcd5110.o(.bss) for lcd_buf
    beep.o(.text) refers to stm32f10x_rcc.o(.text) for RCC_APB2PeriphClockCmd
    beep.o(.text) refers to stm32f10x_gpio.o(.text) for GPIO_Init
    adcx.o(.text) refers to stm32f10x_rcc.o(.text) for RCC_APB2PeriphClockCmd
    adcx.o(.text) refers to stm32f10x_gpio.o(.text) for GPIO_Init
    adcx.o(.text) refers to stm32f10x_dma.o(.text) for DMA_DeInit
    adcx.o(.text) refers to stm32f10x_adc.o(.text) for ADC_Init
    adcx.o(.text) refers to adcx.o(.data) for ADC_ConvertedValue
[...]
    .text                                    0x08004270   Section        0  strstr.o(.text)
    .text                                    0x08004294   Section        0  strlen.o(.text)
    .text                                    0x080042d2   Section        0  strcat.o(.text)
    .text                                    0x080042ea   Section       68  rt_memclr.o(.text)
    .text                                    0x0800432e   Section       86  strncpy.o(.text)
    .text                                    0x08004384   Section        0  heapauxi.o(.text)
    .text                                    0x0800438a   Section        2  use_no_semi.o(.text)
    .text                                    0x0800438c   Section        0  _printf_truncate.o(.text)
    .text                                    0x080043b0   Section        0  _printf_intcommon.o(.text)
    .text                                    0x08004464   Section        0  _printf_char_common.o(.text)
    _printf_input_char                       0x08004465   Thumb Code    10  _printf_char_common.o(.text)
    .text                                    0x08004494   Section        0  _sputc.o(.text)
    .text                                    0x0800449e   Section        0  _printf_char.o(.text)
    .text                                    0x080044cc   Section        0  _printf_char_file.o(.text)
    .text                                    0x080044f0   Section        0  _printf_wctomb.o(.text)
    .text                                    0x080045ac   Section        0  _printf_longlong_dec.o(.text)
    .text                                    0x08004624   Section        0  _printf_oct_int_ll.o(.text)
    _printf_longlong_oct_internal            0x08004625   Thumb Code     0  _printf_oct_int_ll.o(.text)
    .text                                    0x08004694   Section       78  rt_memclr_w.o(.text)
    .text                                    0x080046e2   Section      138  lludiv10.o(.text)
    .text                                    0x0800476c   Section        0  _printf_fp_dec.o(.text)
    _fp_digits                               0x0800476f   Thumb Code   428  _printf_fp_dec.o(.text)
    .text                                    0x08004b82   Section        0  _printf_wchar.o(.text)
    .text                                    0x08004bae   Section        0  ferror.o(.text)
    .text                                    0x08004bb6   Section        0  _wcrtomb.o(.text)
    .text                                    0x08004bf6   Section       74  sys_stackheap_outer.o(.text)
    .text                                    0x08004c40   Section       16  rt_ctype_table.o(.text)
    .text                                    0x08004c50   Section        8  rt_locale_intlibspace.o(.text)
    .text                                    0x08004c58   Section        0  _printf_fp_infnan.o(.text)
    .text                                    0x08004cd8   Section        0  bigflt0.o(.text)
    .text                                    0x08004db0   Section        0  exit.o(.text)
    .text                                    0x08004dbc   Section        8  libspace.o(.text)
    .text                                    0x08004dc4   Section      128  strcmpv7m.o(.text)
    CL$$btod_d2e                             0x08004e44   Section       62  btod.o(CL$$btod_d2e)
    CL$$btod_d2e_denorm_low                  0x08004e82   Section       70  btod.o(CL$$btod_d2e_denorm_low)
    CL$$btod_d2e_norm_op1                    0x08004ec8   Section       96  btod.o(CL$$btod_d2e_norm_op1)
    CL$$btod_div_common                      0x08004f28   Section      824  btod.o(CL$$btod_div_common)
    CL$$btod_e2e                             0x08005260   Section      198  btod.o(CL$$btod_e2e)
    CL$$btod_ediv                            0x08005326   Section       40  btod.o(CL$$btod_ediv)
    CL$$btod_emul                            0x0800534e   Section       40  btod.o(CL$$btod_emul)
    CL$$btod_mult_common                     0x08005376   Section      580  btod.o(CL$$btod_mult_common)
    i.__ARM_fpclassify                       0x080055ba   Section        0  fpclassify.o(i.__ARM_fpclassify)
    i._is_digit                              0x080055e2   Section        0  __printf_wp.o(i._is_digit)
    locale$$code                             0x080055f0   Section       44  lc_numeric_c.o(locale$$code)
    locale$$code                             0x0800561c   Section       44  lc_ctype_c.o(locale$$code)
    x$fpl$printf1                            0x08005648   Section        4  printf1.o(x$fpl$printf1)
    .constdata                               0x0800564c   Section     2072  oled.o(.constdata)
    x$fpl$usenofp                            0x0800564c   Section        0  usenofp.o(x$fpl$usenofp)
    .constdata                               0x08005e64   Section       40  _printf_hex_int_ll_ptr.o(.constdata)
    uc_hextab                                0x08005e64   Data          20  _printf_hex_int_ll_ptr.o(.constdata)
    lc_hextab                                0x08005e78   Data          20  _printf_hex_int_ll_ptr.o(.constdata)
    .constdata                               0x08005e8c   Section       17  __printf_flags_ss_wp.o(.constdata)
    maptable                                 0x08005e8c   Data          17  __printf_flags_ss_wp.o(.constdata)
    .constdata                               0x08005ea0   Section        8  _printf_wctomb.o(.constdata)
    initial_mbstate                          0x08005ea0   Data           8  _printf_wctomb.o(.constdata)
    .constdata                               0x08005ea8   Section      148  bigflt0.o(.constdata)
    tenpwrs_x                                0x08005ea8   Data          60  bigflt0.o(.constdata)
    tenpwrs_i                                0x08005ee4   Data          64  bigflt0.o(.constdata)
    .conststring                             0x08005f3c   Section        3  main.o(.conststring)
    locale$$data                             0x08005f60   Section       28  lc_numeric_c.o(locale$$data)
    __lcnum_c_name                           0x08005f64   Data           2  lc_numeric_c.o(locale$$data)
    __lcnum_c_start                          0x08005f6c   Data           0  lc_numeric_c.o(locale$$data)
    __lcnum_c_point                          0x08005f78   Data           0  lc_numeric_c.o(locale$$data)
    __lcnum_c_thousands                      0x08005f7a   Data           0  lc_numeric_c.o(locale$$data)
    __lcnum_c_grouping                       0x08005f7b   Data           0  lc_numeric_c.o(locale$$data)
    locale$$data                             0x08005f7c   Section      272  lc_ctype_c.o(locale$$data)
    __lcnum_c_end                            0x08005f7c   Data           0  lc_numeric_c.o(locale$$data)
    __lcctype_c_name                         0x08005f80   Data           2  lc_ctype_c.o(locale$$data)
    __lcctype_c_start                        0x08005f88   Data           0  lc_ctype_c.o(locale$$data)
    __lcctype_c_end                          0x0800608c   Data           0  lc_ctype_c.o(locale$$data)
    .data                                    0x20000000   Section       20  system_stm32f10x.o(.data)
    .data                                    0x20000014   Section     1037  main.o(.data)
    .data                                    0x20000421   Section        1  key.o(.data)
    key_up                                   0x20000421   Data           1  key.o(.data)
    .data                                    0x20000422   Section        3  usart2.o(.data)
    i                                        0x20000424   Data           1  usart2.o(.data)
    .data                                    0x20000426   Section        4  usart3.o(.data)
    .data                                    0x2000042a   Section        2  adcx.o(.data)
    .data                                    0x2000042c   Section      256  oled.o(.data)
    .data                                    0x2000052c   Section        4  delay.o(.data)
    fac_us                                   0x2000052c   Data           1  delay.o(.data)
    fac_ms                                   0x2000052e   Data           2  delay.o(.data)
    .data                                    0x20000530   Section        6  usart.o(.data)
    .data                                    0x20000536   Section       20  stm32f10x_rcc.o(.data)
    APBAHBPrescTable                         0x20000536   Data          16  stm32f10x_rcc.o(.data)
    ADCPrescTable                            0x20000546   Data           4  stm32f10x_rcc.o(.data)
    .data                                    0x2000054c   Section        8  nbiot.o(.data)
    .bss                                     0x20000554   Section     2200  main.o(.bss)
    .bss                                     0x20000df0   Section     2048  usart2.o(.bss)
    .bss                                     0x200015f0   Section      400  usart3.o(.bss)
    .bss                                     0x20001780   Section      200  usart.o(.bss)
    .bss                                     0x20001848   Section       96  libspace.o(.bss)
    HEAP                                     0x200018a8   Section      512  startup_stm32f10x_md.o(HEAP)
    Heap_Mem                                 0x200018a8   Data         512  startup_stm32f10x_md.o(HEAP)
    STACK                                    0x20001aa8   Section     1024  startup_stm32f10x_md.o(STACK)
    Stack_Mem                                0x20001aa8   Data        1024  startup_stm32f10x_md.o(STACK)
    __initial_sp                             0x20001ea8   Data           0  startup_stm32f10x_md.o(STACK)

    Global Symbols

    Symbol Name                              Value     Ov Type        Size  Object(Section)

    BuildAttributes$$THM_ISAv4$P$D$K$B$S$PE$A:L22UL41UL21$X:L11$S22US41US21$IEEE1$IW$USESV6$~STKCKD$USESV7$~SHL$OTIME$ROPI$IEEEJ$EBA8$UX$STANDARDLIB$REQ8$PRES8$EABIv2 0x00000000   Number         0  anon$$obj.o ABSOLUTE
    __ARM_use_no_argv                        0x00000000   Number         0  main.o ABSOLUTE
    _printf_flags                            0x00000000   Number         0  printf_stubs.o ABSOLUTE
    _printf_return_value                     0x00000000   Number         0  printf_stubs.o ABSOLUTE
    _printf_sizespec                         0x00000000   Number         0  printf_stubs.o ABSOLUTE
    _printf_widthprec                        0x00000000   Number         0  printf_stubs.o ABSOLUTE
    __ARM_exceptions_init                     - Undefined Weak Reference
    __alloca_initialize                       - Undefined Weak Reference
    __cpp_initialize__aeabi_                  - Undefined Weak Reference
    __cxa_finalize                            - Undefined Weak Reference
    __sigvec_lookup                           - Undefined Weak Reference
    _atexit_init                              - Undefined Weak Reference
    _call_atexit_fns                          - Undefined Weak Reference
    _clock_init                               - Undefined Weak Reference
    _fp_trap_init                             - Undefined Weak Reference
    _fp_trap_shutdown                         - Undefined Weak Reference
    _get_lc_collate                           - Undefined Weak Reference
    _get_lc_monetary                          - Undefined Weak Reference
    _get_lc_time                              - Undefined Weak Reference
    _getenv_init                              - Undefined Weak Reference
    _handle_redirection                       - Undefined Weak Reference
    _init_alloc                               - Undefined Weak Reference
    _init_user_alloc                          - Undefined Weak Reference
    _initio                                   - Undefined Weak Reference
    _mutex_acquire                            - Undefined Weak Reference
    _mutex_release                            - Undefined Weak Reference
    _printf_fp_hex                            - Undefined Weak Reference
    _printf_mbtowc                            - Undefined Weak Reference
    _printf_wc                                - Undefined Weak Reference
    _rand_init                                - Undefined Weak Reference
    _signal_finish                            - Undefined Weak Reference
    _signal_init                              - Undefined Weak Reference
    _terminate_alloc                          - Undefined Weak Reference
    _terminate_user_alloc                     - Undefined Weak Reference
    _terminateio                              - Undefined Weak Reference
    __Vectors_Size                           0x000000ec   Number         0  startup_stm32f10x_md.o ABSOLUTE
    __Vectors                                0x08000000   Data           4  startup_stm32f10x_md.o(RESET)
    __Vectors_End                            0x080000ec   Data           0  startup_stm32f10x_md.o(RESET)
    __main                                   0x080000ed   Thumb Code     8  __main.o(!!!main)
    __scatterload                            0x080000f5   Thumb Code     0  __scatter.o(!!!scatter)
    __scatterload_rt2                        0x080000f5   Thumb Code    44  __scatter.o(!!!scatter)
    __scatterload_rt2_thumb_only             0x080000f5   Thumb Code     0  __scatter.o(!!!scatter)
    __scatterload_null                       0x08000103   Thumb Code     0  __scatter.o(!!!scatter)
    __decompress                             0x08000129   Thumb Code    90  __dczerorl2.o(!!dczerorl2)
    __decompress1                            0x08000129   Thumb Code     0  __dczerorl2.o(!!dczerorl2)
    __scatterload_zeroinit                   0x08000185   Thumb Code    28  __scatter_zi.o(!!handler_zi)
    _printf_n                                0x080001a1   Thumb Code     0  _printf_n.o(.ARM.Collect$$_printf_percent$$00000001)
    _printf_percent                          0x080001a1   Thumb Code     0  _printf_percent.o(.ARM.Collect$$_printf_percent$$00000000)
    _printf_p                                0x080001a7   Thumb Code     0  _printf_p.o(.ARM.Collect$$_printf_percent$$00000002)
    _printf_f                                0x080001ad   Thumb Code     0  _printf_f.o(.ARM.Collect$$_printf_percent$$00000003)
    _printf_e                                0x080001b3   Thumb Code     0  _printf_e.o(.ARM.Collect$$_printf_percent$$00000004)
    _printf_g                                0x080001b9   Thumb Code     0  _printf_g.o(.ARM.Collect$$_printf_percent$$00000005)
    _printf_a                                0x080001bf   Thumb Code     0  _printf_a.o(.ARM.Collect$$_printf_percent$$00000006)
    _printf_ll                               0x080001c5   Thumb Code     0  _printf_ll.o(.ARM.Collect$$_printf_percent$$00000007)
    _printf_i                                0x080001cf   Thumb Code     0  _printf_i.o(.ARM.Collect$$_printf_percent$$00000008)
    _printf_d                                0x080001d5   Thumb Code     0  _printf_d.o(.ARM.Collect$$_printf_percent$$00000009)
    _printf_u                                0x080001db   Thumb Code     0  _printf_u.o(.ARM.Collect$$_printf_percent$$0000000A)
    _printf_o                                0x080001e1   Thumb Code     0  _printf_o.o(.ARM.Collect$$_printf_percent$$0000000B)
    _printf_x                                0x080001e7   Thumb Code     0  _printf_x.o(.ARM.Collect$$_printf_percent$$0000000C)
    _printf_lli                              0x080001ed   Thumb Code     0  _printf_lli.o(.ARM.Collect$$_printf_percent$$0000000D)
    _printf_lld                              0x080001f3   Thumb Code     0  _printf_lld.o(.ARM.Collect$$_printf_percent$$0000000E)
    _printf_llu                              0x080001f9   Thumb Code     0  _printf_llu.o(.ARM.Collect$$_printf_percent$$0000000F)
    _printf_llo                              0x080001ff   Thumb Code     0  _printf_llo.o(.ARM.Collect$$_printf_percent$$00000010)
    _printf_llx                              0x08000205   Thumb Code     0  _printf_llx.o(.ARM.Collect$$_printf_percent$$00000011)
    _printf_l                                0x0800020b   Thumb Code     0  _printf_l.o(.ARM.Collect$$_printf_percent$$00000012)
    _printf_c                                0x08000215   Thumb Code     0  _printf_c.o(.ARM.Collect$$_printf_percent$$00000013)
    _printf_s                                0x0800021b   Thumb Code     0  _printf_s.o(.ARM.Collect$$_printf_percent$$00000014)
    _printf_lc                               0x08000221   Thumb Code     0  _printf_lc.o(.ARM.Collect$$_printf_percent$$00000015)
    _printf_ls                               0x08000227   Thumb Code     0  _printf_ls.o(.ARM.Collect$$_printf_percent$$00000016)
    _printf_percent_end                      0x0800022d   Thumb Code     0  _printf_percent_end.o(.ARM.Collect$$_printf_percent$$00000017)
    __rt_lib_init                            0x08000231   Thumb Code     0  libinit.o(.ARM.Collect$$libinit$$00000000)
    __rt_lib_init_fp_1                       0x08000233   Thumb Code     0  libinit2.o(.ARM.Collect$$libinit$$00000002)
    __rt_lib_init_heap_1                     0x08000233   Thumb Code     0  libinit2.o(.ARM.Collect$$libinit$$00000008)
    __rt_lib_init_lc_common                  0x08000233   Thumb Code     0  libinit2.o(.ARM.Collect$$libinit$$0000000D)
    __rt_lib_init_rand_1                     0x08000233   Thumb Code     0  libinit2.o(.ARM.Collect$$libinit$$0000000C)
    __rt_lib_init_user_alloc_1               0x08000233   Thumb Code     0  libinit2.o(.ARM.Collect$$libinit$$0000000A)
    __rt_lib_init_lc_collate_1               0x08000239   Thumb Code     0  libinit2.o(.ARM.Collect$$libinit$$0000000F)
    __rt_lib_init_lc_ctype_2                 0x08000239   Thumb Code     0  libinit2.o(.ARM.Collect$$libinit$$00000010)
    __rt_lib_init_lc_ctype_1                 0x08000245   Thumb Code     0  libinit2.o(.ARM.Collect$$libinit$$00000011)
    __rt_lib_init_lc_monetary_1              0x08000245   Thumb Code     0  libinit2.o(.ARM.Collect$$libinit$$00000013)
    __rt_lib_init_lc_numeric_2               0x08000245   Thumb Code     0  libinit2.o(.ARM.Collect$$libinit$$00000014)
    __rt_lib_init_alloca_1                   0x0800024f   Thumb Code     0  libinit2.o(.ARM.Collect$$libinit$$0000002C)
    __rt_lib_init_argv_1                     0x0800024f   Thumb Code     0  libinit2.o(.ARM.Collect$$libinit$$0000002A)
    __rt_lib_init_atexit_1                   0x0800024f   Thumb Code     0  libinit2.o(.ARM.Collect$$libinit$$00000019)
    __rt_lib_init_clock_1                    0x0800024f   Thumb Code     0  libinit2.o(.ARM.Collect$$libinit$$0000001F)
    __rt_lib_init_cpp_1                      0x0800024f   Thumb Code     0  libinit2.o(.ARM.Collect$$libinit$$00000030)
    __rt_lib_init_exceptions_1               0x0800024f   Thumb Code     0  libinit2.o(.ARM.Collect$$libinit$$0000002E)
    __rt_lib_init_fp_trap_1                  0x0800024f   Thumb Code     0  libinit2.o(.ARM.Collect$$libinit$$0000001D)
    __rt_lib_init_getenv_1                   0x0800024f   Thumb Code     0  libinit2.o(.ARM.Collect$$libinit$$00000021)
    __rt_lib_init_lc_numeric_1               0x0800024f   Thumb Code     0  libinit2.o(.ARM.Collect$$libinit$$00000015)
    __rt_lib_init_lc_time_1                  0x0800024f   Thumb Code     0  libinit2.o(.ARM.Collect$$libinit$$00000017)
    __rt_lib_init_return                     0x0800024f   Thumb Code     0  libinit2.o(.ARM.Collect$$libinit$$00000031)
    __rt_lib_init_signal_1                   0x0800024f   Thumb Code     0  libinit2.o(.ARM.Collect$$libinit$$0000001B)
    __rt_lib_init_stdio_1                    0x0800024f   Thumb Code     0  libinit2.o(.ARM.Collect$$libinit$$00000023)
    __rt_lib_shutdown                        0x08000251   Thumb Code     0  libshutdown.o(.ARM.Collect$$libshutdown$$00000000)
    __rt_lib_shutdown_fp_trap_1              0x08000253   Thumb Code     0  libshutdown2.o(.ARM.Collect$$libshutdown$$00000006)
    __rt_lib_shutdown_heap_1                 0x08000253   Thumb Code     0  libshutdown2.o(.ARM.Collect$$libshutdown$$0000000E)
    __rt_lib_shutdown_return                 0x08000253   Thumb Code     0  libshutdown2.o(.ARM.Collect$$libshutdown$$0000000F)
    __rt_lib_shutdown_signal_1               0x08000253   Thumb Code     0  libshutdown2.o(.ARM.Collect$$libshutdown$$00000009)
    __rt_lib_shutdown_stdio_1                0x08000253   Thumb Code     0  libshutdown2.o(.ARM.Collect$$libshutdown$$00000003)
    __rt_lib_shutdown_user_alloc_1           0x08000253   Thumb Code     0  libshutdown2.o(.ARM.Collect$$libshutdown$$0000000B)
    __rt_entry                               0x08000255   Thumb Code     0  rtentry.o(.ARM.Collect$$rtentry$$00000000)
    __rt_entry_presh_1                       0x08000255   Thumb Code     0  rtentry2.o(.ARM.Collect$$rtentry$$00000002)
    __rt_entry_sh                            0x08000255   Thumb Code     0  rtentry4.o(.ARM.Collect$$rtentry$$00000004)
    __rt_entry_li                            0x0800025b   Thumb Code     0  rtentry2.o(.ARM.Collect$$rtentry$$0000000A)
    __rt_entry_postsh_1                      0x0800025b   Thumb Code     0  rtentry2.o(.ARM.Collect$$rtentry$$00000009)
    __rt_entry_main                          0x0800025f   Thumb Code     0  rtentry2.o(.ARM.Collect$$rtentry$$0000000D)
    __rt_entry_postli_1                      0x0800025f   Thumb Code     0  rtentry2.o(.ARM.Collect$$rtentry$$0000000C)
    __rt_exit                                0x08000267   Thumb Code     0  rtexit.o(.ARM.Collect$$rtexit$$00000000)
    __rt_exit_ls                             0x08000269   Thumb Code     0  rtexit2.o(.ARM.Collect$$rtexit$$00000003)
    __rt_exit_prels_1                        0x08000269   Thumb Code     0  rtexit2.o(.ARM.Collect$$rtexit$$00000002)
    __rt_exit_exit                           0x0800026d   Thumb Code     0  rtexit2.o(.ARM.Collect$$rtexit$$00000004)
    SystemInit                               0x08000353   Thumb Code    78  system_stm32f10x.o(.text)
    SystemCoreClockUpdate                    0x080003a1   Thumb Code   142  system_stm32f10x.o(.text)
    NB_init                                  0x0800045d   Thumb Code   438  main.o(.text)
    main                                     0x08000613   Thumb Code   468  main.o(.text)
    NB_ret                                   0x080007e7   Thumb Code    38  main.o(.text)
    NMI_Handler                              0x08000a81   Thumb Code     2  stm32f10x_it.o(.text)
    HardFault_Handler                        0x08000a83   Thumb Code     4  stm32f10x_it.o(.text)
    MemManage_Handler                        0x08000a87   Thumb Code     4  stm32f10x_it.o(.text)
    BusFault_Handler                         0x08000a8b   Thumb Code     4  stm32f10x_it.o(.text)
    UsageFault_Handler                       0x08000a8f   Thumb Code     4  stm32f10x_it.o(.text)
    SVC_Handler                              0x08000a93   Thumb Code     2  stm32f10x_it.o(.text)
    DebugMon_Handler                         0x08000a95   Thumb Code     2  stm32f10x_it.o(.text)
    PendSV_Handler                           0x08000a97   Thumb Code     2  stm32f10x_it.o(.text)
    SysTick_Handler                          0x08000a99   Thumb Code     2  stm32f10x_it.o(.text)
    KEY_Init                                 0x08000a9d   Thumb Code    82  key.o(.text)
    KEY_Scan                                 0x08000aef   Thumb Code   154  key.o(.text)
    LED_Init                                 0x08000b99   Thumb Code   114  led.o(.text)
    TIM4_Set                                 0x08000c11   Thumb Code    34  usart2.o(.text)
    USART2_IRQHandler                        0x08000c33   Thumb Code    84  usart2.o(.text)
    TIM4_Init                                0x08000c87   Thumb Code    82  usart2.o(.text)
    UART_DMA_Config                          0x08000cd9   Thumb Code    72  usart2.o(.text)
    USART2_Init                              0x08000d21   Thumb Code   204  usart2.o(.text)
    UART_DMA_Enable                          0x08000ded   Thumb Code    32  usart2.o(.text)
    u2_printf                                0x08000e0d   Thumb Code    56  usart2.o(.text)
    TIM4_SetARR                              0x08000e45   Thumb Code    36  usart2.o(.text)
    TIM4_IRQHandler                          0x08000e69   Thumb Code   104  usart2.o(.text)
    uart3_init                               0x08000ef5   Thumb Code   156  usart3.o(.text)
    USART3_IRQHandler                        0x08000f91   Thumb Code   130  usart3.o(.text)
    Uart1_SendStr                            0x08001031   Thumb Code    34  usart3.o(.text)
    Usart_SendStr_length                     0x08001053   Thumb Code    32  usart3.o(.text)
    Usart_SendString                         0x08001073   Thumb Code    28  usart3.o(.text)
    ClearRAM                                 0x0800108f   Thumb Code    18  usart3.o(.text)
    ADCx_Init                                0x080011bb   Thumb Code    12  adcx.o(.text)
    Value2Hex                                0x080011d9   Thumb Code    36  hexstr.o(.text)
    Str2Hex                                  0x080011fd   Thumb Code    84  hexstr.o(.text)
    OLED_WR_Byte                             0x08001251   Thumb Code   112  oled.o(.text)
    OLED_Set_Pos                             0x080012c1   Thumb Code    46  oled.o(.text)
    OLED_Display_On                          0x080012ef   Thumb Code    28  oled.o(.text)
    OLED_Display_Off                         0x0800130b   Thumb Code    28  oled.o(.text)
    OLED_Clear                               0x08001327   Thumb Code    64  oled.o(.text)
    OLED_ShowChar                            0x08001367   Thumb Code   106  oled.o(.text)
    oled_pow                                 0x080013d1   Thumb Code    22  oled.o(.text)
    OLED_ShowNum                             0x080013e7   Thumb Code   132  oled.o(.text)
    OLED_ShowString                          0x0800146b   Thumb Code    54  oled.o(.text)
    OLED_ShowCHinese                         0x080014a1   Thumb Code    98  oled.o(.text)
    OLED_DrawBMP                             0x08001503   Thumb Code   118  oled.o(.text)
    OLED_Init                                0x08001579   Thumb Code   386  oled.o(.text)
    HTTP_PostPkt                             0x080016fd   Thumb Code   104  http_demo.o(.text)
    DHT11_Init                               0x080017db   Thumb Code    16  dht11.o(.text)
    DHT11_Read_TempAndHumidity               0x0800187b   Thumb Code   154  dht11.o(.text)
    delay_init                               0x08001919   Thumb Code    50  delay.o(.text)
    delay_us                                 0x0800194b   Thumb Code    72  delay.o(.text)
    delay_ms                                 0x08001993   Thumb Code    72  delay.o(.text)
    NVIC_Configuration                       0x080019ed   Thumb Code    12  sys.o(.text)
    _sys_exit                                0x080019f9   Thumb Code     6  usart.o(.text)
    fputc                                    0x080019ff   Thumb Code    24  usart.o(.text)
    uart_init                                0x08001a17   Thumb Code   158  usart.o(.text)
    USART1_IRQHandler                        0x08001ab5   Thumb Code   122  usart.o(.text)
    Reset_Handler                            0x08001b41   Thumb Code     8  startup_stm32f10x_md.o(.text)
    ADC1_2_IRQHandler                        0x08001b5b   Thumb Code     0  startup_stm32f10x_md.o(.text)
    CAN1_RX1_IRQHandler                      0x08001b5b   Thumb Code     0  startup_stm32f10x_md.o(.text)
    CAN1_SCE_IRQHandler                      0x08001b5b   Thumb Code     0  startup_stm32f10x_md.o(.text)
    DMA1_Channel1_IRQHandler                 0x08001b5b   Thumb Code     0  startup_stm32f10x_md.o(.text)
    DMA1_Channel2_IRQHandler                 0x08001b5b   Thumb Code     0  startup_stm32f10x_md.o(.text)
    DMA1_Channel3_IRQHandler                 0x08001b5b   Thumb Code     0  startup_stm32f10x_md.o(.text)
    DMA1_Channel4_IRQHandler                 0x08001b5b   Thumb Code     0  startup_stm32f10x_md.o(.text)
    DMA1_Channel5_IRQHandler                 0x08001b5b   Thumb Code     0  startup_stm32f10x_md.o(.text)
    DMA1_Channel6_IRQHandler                 0x08001b5b   Thumb Code     0  startup_stm32f10x_md.o(.text)
    DMA1_Channel7_IRQHandler                 0x08001b5b   Thumb Code     0  startup_stm32f10x_md.o(.text)
    EXTI0_IRQHandler                         0x08001b5b   Thumb Code     0  startup_stm32f10x_md.o(.text)
    EXTI15_10_IRQHandler                     0x08001b5b   Thumb Code     0  startup_stm32f10x_md.o(.text)
    EXTI1_IRQHandler                         0x08001b5b   Thumb Code     0  startup_stm32f10x_md.o(.text)
    EXTI2_IRQHandler                         0x08001b5b   Thumb Code     0  startup_stm32f10x_md.o(.text)
    EXTI3_IRQHandler                         0x08001b5b   Thumb Code     0  startup_stm32f10x_md.o(.text)
    EXTI4_IRQHandler                         0x08001b5b   Thumb Code     0  startup_stm32f10x_md.o(.text)
    EXTI9_5_IRQHandler                       0x08001b5b   Thumb Code     0  startup_stm32f10x_md.o(.text)
    FLASH_IRQHandler                         0x08001b5b   Thumb Code     0  startup_stm32f10x_md.o(.text)
    I2C1_ER_IRQHandler                       0x08001b5b   Thumb Code     0  startup_stm32f10x_md.o(.text)
    I2C1_EV_IRQHandler                       0x08001b5b   Thumb Code     0  startup_stm32f10x_md.o(.text)
    I2C2_ER_IRQHandler                       0x08001b5b   Thumb Code     0  startup_stm32f10x_md.o(.text)
    I2C2_EV_IRQHandler                       0x08001b5b   Thumb Code     0  startup_stm32f10x_md.o(.text)
    PVD_IRQHandler                           0x08001b5b   Thumb Code     0  startup_stm32f10x_md.o(.text)
    RCC_IRQHandler                           0x08001b5b   Thumb Code     0  startup_stm32f10x_md.o(.text)
    RTCAlarm_IRQHandler                      0x08001b5b   Thumb Code     0  startup_stm32f10x_md.o(.text)
    RTC_IRQHandler                           0x08001b5b   Thumb Code     0  startup_stm32f10x_md.o(.text)
    SPI1_IRQHandler                          0x08001b5b   Thumb Code     0  startup_stm32f10x_md.o(.text)
    SPI2_IRQHandler                          0x08001b5b   Thumb Code     0  startup_stm32f10x_md.o(.text)
    TAMPER_IRQHandler                        0x08001b5b   Thumb Code     0  startup_stm32f10x_md.o(.text)
    TIM1_BRK_IRQHandler                      0x08001b5b   Thumb Code     0  startup_stm32f10x_md.o(.text)
    TIM1_CC_IRQHandler                       0x08001b5b   Thumb Code     0  startup_stm32f10x_md.o(.text)
    TIM1_TRG_COM_IRQHandler                  0x08001b5b   Thumb Code     0  startup_stm32f10x_md.o(.text)
    TIM1_UP_IRQHandler                       0x08001b5b   Thumb Code     0  startup_stm32f10x_md.o(.text)
    TIM2_IRQHandler                          0x08001b5b   Thumb Code     0  startup_stm32f10x_md.o(.text)
    TIM3_IRQHandler                          0x08001b5b   Thumb Code     0  startup_stm32f10x_md.o(.text)
    USBWakeUp_IRQHandler                     0x08001b5b   Thumb Code     0  startup_stm32f10x_md.o(.text)
    USB_HP_CAN1_TX_IRQHandler                0x08001b5b   Thumb Code     0  startup_stm32f10x_md.o(.text)
    USB_LP_CAN1_RX0_IRQHandler               0x08001b5b   Thumb Code     0  startup_stm32f10x_md.o(.text)
    WWDG_IRQHandler                          0x08001b5b   Thumb Code     0  startup_stm32f10x_md.o(.text)
    __user_initial_stackheap                 0x08001b5d   Thumb Code     0  startup_stm32f10x_md.o(.text)
    NVIC_PriorityGroupConfig                 0x08001b81   Thumb Code    10  misc.o(.text)
    NVIC_Init                                0x08001b8b   Thumb Code   100  misc.o(.text)
    NVIC_SetVectorTable                      0x08001bef   Thumb Code    14  misc.o(.text)
    NVIC_SystemLPConfig                      0x08001bfd   Thumb Code    34  misc.o(.text)
    SysTick_CLKSourceConfig                  0x08001c1f   Thumb Code    40  misc.o(.text)
    GPIO_DeInit                              0x08001c5d   Thumb Code   172  stm32f10x_gpio.o(.text)
    GPIO_AFIODeInit                          0x08001d09   Thumb Code    20  stm32f10x_gpio.o(.text)
    GPIO_Init                                0x08001d1d   Thumb Code   278  stm32f10x_gpio.o(.text)
    GPIO_StructInit                          0x08001e33   Thumb Code    16  stm32f10x_gpio.o(.text)
    GPIO_ReadInputDataBit                    0x08001e43   Thumb Code    18  stm32f10x_gpio.o(.text)
    GPIO_ReadInputData                       0x08001e55   Thumb Code     8  stm32f10x_gpio.o(.text)
    GPIO_ReadOutputDataBit                   0x08001e5d   Thumb Code    18  stm32f10x_gpio.o(.text)
    GPIO_ReadOutputData                      0x08001e6f   Thumb Code     8  stm32f10x_gpio.o(.text)
    GPIO_SetBits                             0x08001e77   Thumb Code     4  stm32f10x_gpio.o(.text)
    GPIO_ResetBits                           0x08001e7b   Thumb Code     4  stm32f10x_gpio.o(.text)
    GPIO_WriteBit                            0x08001e7f   Thumb Code    10  stm32f10x_gpio.o(.text)
    GPIO_Write                               0x08001e89   Thumb Code     4  stm32f10x_gpio.o(.text)
    GPIO_PinLockConfig                       0x08001e8d   Thumb Code    18  stm32f10x_gpio.o(.text)
    GPIO_EventOutputConfig                   0x08001e9f   Thumb Code    26  stm32f10x_gpio.o(.text)
    GPIO_EventOutputCmd                      0x08001eb9   Thumb Code     6  stm32f10x_gpio.o(.text)
    GPIO_PinRemapConfig                      0x08001ebf   Thumb Code   138  stm32f10x_gpio.o(.text)
    GPIO_EXTILineConfig                      0x08001f49   Thumb Code    66  stm32f10x_gpio.o(.text)
    GPIO_ETH_MediaInterfaceConfig            0x08001f8b   Thumb Code     8  stm32f10x_gpio.o(.text)
    RCC_DeInit                               0x08001fb9   Thumb Code    64  stm32f10x_rcc.o(.text)
    RCC_HSEConfig                            0x08001ff9   Thumb Code    70  stm32f10x_rcc.o(.text)
    RCC_GetFlagStatus                        0x0800203f   Thumb Code    56  stm32f10x_rcc.o(.text)
    RCC_WaitForHSEStartUp                    0x08002077   Thumb Code    56  stm32f10x_rcc.o(.text)
    RCC_AdjustHSICalibrationValue            0x080020af   Thumb Code    20  stm32f10x_rcc.o(.text)
    RCC_HSICmd                               0x080020c3   Thumb Code     6  stm32f10x_rcc.o(.text)
    RCC_PLLConfig                            0x080020c9   Thumb Code    24  stm32f10x_rcc.o(.text)
    RCC_PLLCmd                               0x080020e1   Thumb Code     6  stm32f10x_rcc.o(.text)
    RCC_SYSCLKConfig                         0x080020e7   Thumb Code    18  stm32f10x_rcc.o(.text)
    RCC_GetSYSCLKSource                      0x080020f9   Thumb Code    10  stm32f10x_rcc.o(.text)
    RCC_HCLKConfig                           0x08002103   Thumb Code    18  stm32f10x_rcc.o(.text)
    RCC_PCLK1Config                          0x08002115   Thumb Code    18  stm32f10x_rcc.o(.text)
    RCC_PCLK2Config                          0x08002127   Thumb Code    20  stm32f10x_rcc.o(.text)
    RCC_ITConfig                             0x0800213b   Thumb Code    26  stm32f10x_rcc.o(.text)
    RCC_USBCLKConfig                         0x08002155   Thumb Code     8  stm32f10x_rcc.o(.text)
    RCC_ADCCLKConfig                         0x0800215d   Thumb Code    18  stm32f10x_rcc.o(.text)
    RCC_LSEConfig                            0x0800216f   Thumb Code    50  stm32f10x_rcc.o(.text)
    RCC_LSICmd                               0x080021a1   Thumb Code     6  stm32f10x_rcc.o(.text)
    RCC_RTCCLKConfig                         0x080021a7   Thumb Code    12  stm32f10x_rcc.o(.text)
    RCC_RTCCLKCmd                            0x080021b3   Thumb Code     8  stm32f10x_rcc.o(.text)
    RCC_GetClocksFreq                        0x080021bb   Thumb Code   192  stm32f10x_rcc.o(.text)
    RCC_AHBPeriphClockCmd                    0x0800227b   Thumb Code    26  stm32f10x_rcc.o(.text)
    RCC_APB2PeriphClockCmd                   0x08002295   Thumb Code    26  stm32f10x_rcc.o(.text)
    RCC_APB1PeriphClockCmd                   0x080022af   Thumb Code    26  stm32f10x_rcc.o(.text)
    RCC_APB2PeriphResetCmd                   0x080022c9   Thumb Code    26  stm32f10x_rcc.o(.text)
    RCC_APB1PeriphResetCmd                   0x080022e3   Thumb Code    26  stm32f10x_rcc.o(.text)
    RCC_BackupResetCmd                       0x080022fd   Thumb Code     8  stm32f10x_rcc.o(.text)
    RCC_ClockSecuritySystemCmd               0x08002305   Thumb Code     6  stm32f10x_rcc.o(.text)
    RCC_MCOConfig                            0x0800230b   Thumb Code     6  stm32f10x_rcc.o(.text)
    RCC_ClearFlag                            0x08002311   Thumb Code    14  stm32f10x_rcc.o(.text)
    RCC_GetITStatus                          0x0800231f   Thumb Code    20  stm32f10x_rcc.o(.text)
    RCC_ClearITPendingBit                    0x08002333   Thumb Code     6  stm32f10x_rcc.o(.text)
    USART_DeInit                             0x08002365   Thumb Code   134  stm32f10x_usart.o(.text)
    USART_Init                               0x080023eb   Thumb Code   210  stm32f10x_usart.o(.text)
    USART_StructInit                         0x080024bd   Thumb Code    24  stm32f10x_usart.o(.text)
    USART_ClockInit                          0x080024d5   Thumb Code    34  stm32f10x_usart.o(.text)
    USART_ClockStructInit                    0x080024f7   Thumb Code    12  stm32f10x_usart.o(.text)
    USART_Cmd                                0x08002503   Thumb Code    24  stm32f10x_usart.o(.text)
    USART_ITConfig                           0x0800251b   Thumb Code    74  stm32f10x_usart.o(.text)
    USART_DMACmd                             0x08002565   Thumb Code    18  stm32f10x_usart.o(.text)
    USART_SetAddress                         0x08002577   Thumb Code    18  stm32f10x_usart.o(.text)
    USART_WakeUpConfig                       0x08002589   Thumb Code    18  stm32f10x_usart.o(.text)
    USART_ReceiverWakeUpCmd                  0x0800259b   Thumb Code    24  stm32f10x_usart.o(.text)
    USART_LINBreakDetectLengthConfig         0x080025b3   Thumb Code    18  stm32f10x_usart.o(.text)
    USART_LINCmd                             0x080025c5   Thumb Code    24  stm32f10x_usart.o(.text)
    USART_SendData                           0x080025dd   Thumb Code     8  stm32f10x_usart.o(.text)
    USART_ReceiveData                        0x080025e5   Thumb Code    10  stm32f10x_usart.o(.text)
    USART_SendBreak                          0x080025ef   Thumb Code    10  stm32f10x_usart.o(.text)
    USART_SetGuardTime                       0x080025f9   Thumb Code    16  stm32f10x_usart.o(.text)
    USART_SetPrescaler                       0x08002609   Thumb Code    16  stm32f10x_usart.o(.text)
    USART_SmartCardCmd                       0x08002619   Thumb Code    24  stm32f10x_usart.o(.text)
    USART_SmartCardNACKCmd                   0x08002631   Thumb Code    24  stm32f10x_usart.o(.text)
    USART_HalfDuplexCmd                      0x08002649   Thumb Code    24  stm32f10x_usart.o(.text)
    USART_OverSampling8Cmd                   0x08002661   Thumb Code    22  stm32f10x_usart.o(.text)
    USART_OneBitMethodCmd                    0x08002677   Thumb Code    24  stm32f10x_usart.o(.text)
    USART_IrDAConfig                         0x0800268f   Thumb Code    18  stm32f10x_usart.o(.text)
    USART_IrDACmd                            0x080026a1   Thumb Code    24  stm32f10x_usart.o(.text)
    USART_GetFlagStatus                      0x080026b9   Thumb Code    26  stm32f10x_usart.o(.text)
    USART_ClearFlag                          0x080026d3   Thumb Code    18  stm32f10x_usart.o(.text)
    USART_GetITStatus                        0x080026e5   Thumb Code    84  stm32f10x_usart.o(.text)
    USART_ClearITPendingBit                  0x08002739   Thumb Code    52  stm32f10x_usart.o(.text)
    TIM_DeInit                               0x0800276d   Thumb Code   424  stm32f10x_tim.o(.text)
    TIM_TimeBaseInit                         0x08002915   Thumb Code   122  stm32f10x_tim.o(.text)
    TIM_OC1Init                              0x0800298f   Thumb Code   132  stm32f10x_tim.o(.text)
    TIM_OC2Init                              0x08002a13   Thumb Code   154  stm32f10x_tim.o(.text)
    TIM_OC3Init                              0x08002aad   Thumb Code   150  stm32f10x_tim.o(.text)
    TIM_OC4Init                              0x08002b43   Thumb Code   182  stm32f10x_tim.o(.text)
    TIM_SetIC4Prescaler                      0x08002bf9   Thumb Code    26  stm32f10x_tim.o(.text)
    TIM_SetIC3Prescaler                      0x08002c95   Thumb Code    18  stm32f10x_tim.o(.text)
    TIM_SetIC2Prescaler                      0x08002d21   Thumb Code    26  stm32f10x_tim.o(.text)
    TIM_SetIC1Prescaler                      0x08002dbd   Thumb Code    18  stm32f10x_tim.o(.text)
    TIM_ICInit                               0x08002e3b   Thumb Code   150  stm32f10x_tim.o(.text)
    TIM_PWMIConfig                           0x08002ed1   Thumb Code   124  stm32f10x_tim.o(.text)
    TIM_BDTRConfig                           0x08002f4d   Thumb Code    32  stm32f10x_tim.o(.text)
    TIM_TimeBaseStructInit                   0x08002f6d   Thumb Code    18  stm32f10x_tim.o(.text)
    TIM_OCStructInit                         0x08002f7f   Thumb Code    20  stm32f10x_tim.o(.text)
    TIM_ICStructInit                         0x08002f93   Thumb Code    18  stm32f10x_tim.o(.text)
    TIM_BDTRStructInit                       0x08002fa5   Thumb Code    40  stm32f10x_tim.o(.text)
    TIM_Cmd                                  0x08002fcd   Thumb Code    24  stm32f10x_tim.o(.text)
    TIM_CtrlPWMOutputs                       0x08002fe5   Thumb Code    30  stm32f10x_tim.o(.text)
    TIM_ITConfig                             0x08003003   Thumb Code    18  stm32f10x_tim.o(.text)
    TIM_GenerateEvent                        0x08003015   Thumb Code     4  stm32f10x_tim.o(.text)
    TIM_DMAConfig                            0x08003019   Thumb Code    10  stm32f10x_tim.o(.text)
    TIM_DMACmd                               0x08003023   Thumb Code    18  stm32f10x_tim.o(.text)
    TIM_InternalClockConfig                  0x08003035   Thumb Code    12  stm32f10x_tim.o(.text)
    TIM_SelectInputTrigger                   0x08003041   Thumb Code    18  stm32f10x_tim.o(.text)
    TIM_ITRxExternalClockConfig              0x08003053   Thumb Code    24  stm32f10x_tim.o(.text)
    TIM_TIxExternalClockConfig               0x0800306b   Thumb Code    62  stm32f10x_tim.o(.text)
    TIM_ETRConfig                            0x080030a9   Thumb Code    28  stm32f10x_tim.o(.text)
    TIM_ETRClockMode1Config                  0x080030c5   Thumb Code    54  stm32f10x_tim.o(.text)
    TIM_ETRClockMode2Config                  0x080030fb   Thumb Code    32  stm32f10x_tim.o(.text)
    TIM_PrescalerConfig                      0x0800311b   Thumb Code     6  stm32f10x_tim.o(.text)
    TIM_CounterModeConfig                    0x08003121   Thumb Code    18  stm32f10x_tim.o(.text)
    TIM_EncoderInterfaceConfig               0x08003133   Thumb Code    66  stm32f10x_tim.o(.text)
    TIM_ForcedOC1Config                      0x08003175   Thumb Code    18  stm32f10x_tim.o(.text)
    TIM_ForcedOC2Config                      0x08003187   Thumb Code    26  stm32f10x_tim.o(.text)
    TIM_ForcedOC3Config                      0x080031a1   Thumb Code    18  stm32f10x_tim.o(.text)
    TIM_ForcedOC4Config                      0x080031b3   Thumb Code    26  stm32f10x_tim.o(.text)
    TIM_ARRPreloadConfig                     0x080031cd   Thumb Code    24  stm32f10x_tim.o(.text)
    TIM_SelectCOM                            0x080031e5   Thumb Code    24  stm32f10x_tim.o(.text)
    TIM_SelectCCDMA                          0x080031fd   Thumb Code    24  stm32f10x_tim.o(.text)
    TIM_CCPreloadControl                     0x08003215   Thumb Code    24  stm32f10x_tim.o(.text)
    TIM_OC1PreloadConfig                     0x0800322d   Thumb Code    18  stm32f10x_tim.o(.text)
    TIM_OC2PreloadConfig                     0x0800323f   Thumb Code    26  stm32f10x_tim.o(.text)
    TIM_OC3PreloadConfig                     0x08003259   Thumb Code    18  stm32f10x_tim.o(.text)
    TIM_OC4PreloadConfig                     0x0800326b   Thumb Code    26  stm32f10x_tim.o(.text)
    TIM_OC1FastConfig                        0x08003285   Thumb Code    18  stm32f10x_tim.o(.text)
    TIM_OC2FastConfig                        0x08003297   Thumb Code    26  stm32f10x_tim.o(.text)
    TIM_OC3FastConfig                        0x080032b1   Thumb Code    18  stm32f10x_tim.o(.text)
    TIM_OC4FastConfig                        0x080032c3   Thumb Code    26  stm32f10x_tim.o(.text)
    TIM_ClearOC1Ref                          0x080032dd   Thumb Code    18  stm32f10x_tim.o(.text)
    TIM_ClearOC2Ref                          0x080032ef   Thumb Code    24  stm32f10x_tim.o(.text)
    TIM_ClearOC3Ref                          0x08003307   Thumb Code    18  stm32f10x_tim.o(.text)
    TIM_ClearOC4Ref                          0x08003319   Thumb Code    24  stm32f10x_tim.o(.text)
    TIM_OC1PolarityConfig                    0x08003331   Thumb Code    18  stm32f10x_tim.o(.text)
    TIM_OC1NPolarityConfig                   0x08003343   Thumb Code    18  stm32f10x_tim.o(.text)
    TIM_OC2PolarityConfig                    0x08003355   Thumb Code    26  stm32f10x_tim.o(.text)
    TIM_OC2NPolarityConfig                   0x0800336f   Thumb Code    26  stm32f10x_tim.o(.text)
    TIM_OC3PolarityConfig                    0x08003389   Thumb Code    26  stm32f10x_tim.o(.text)
    TIM_OC3NPolarityConfig                   0x080033a3   Thumb Code    26  stm32f10x_tim.o(.text)
    TIM_OC4PolarityConfig                    0x080033bd   Thumb Code    26  stm32f10x_tim.o(.text)
    TIM_CCxCmd                               0x080033d7   Thumb Code    30  stm32f10x_tim.o(.text)
    TIM_CCxNCmd                              0x080033f5   Thumb Code    30  stm32f10x_tim.o(.text)
    TIM_SelectOCxM                           0x08003413   Thumb Code    82  stm32f10x_tim.o(.text)
    TIM_UpdateDisableConfig                  0x08003465   Thumb Code    24  stm32f10x_tim.o(.text)
    TIM_UpdateRequestConfig                  0x0800347d   Thumb Code    24  stm32f10x_tim.o(.text)
    TIM_SelectHallSensor                     0x08003495   Thumb Code    24  stm32f10x_tim.o(.text)
    TIM_SelectOnePulseMode                   0x080034ad   Thumb Code    18  stm32f10x_tim.o(.text)
    TIM_SelectOutputTrigger                  0x080034bf   Thumb Code    18  stm32f10x_tim.o(.text)
    TIM_SelectSlaveMode                      0x080034d1   Thumb Code    18  stm32f10x_tim.o(.text)
    TIM_SelectMasterSlaveMode                0x080034e3   Thumb Code    18  stm32f10x_tim.o(.text)
    TIM_SetCounter                           0x080034f5   Thumb Code     4  stm32f10x_tim.o(.text)
    TIM_SetAutoreload                        0x080034f9   Thumb Code     4  stm32f10x_tim.o(.text)
    TIM_SetCompare1                          0x080034fd   Thumb Code     4  stm32f10x_tim.o(.text)
    TIM_SetCompare2                          0x08003501   Thumb Code     4  stm32f10x_tim.o(.text)
    TIM_SetCompare3                          0x08003505   Thumb Code     4  stm32f10x_tim.o(.text)
    TIM_SetCompare4                          0x08003509   Thumb Code     6  stm32f10x_tim.o(.text)
    TIM_SetClockDivision                     0x0800350f   Thumb Code    18  stm32f10x_tim.o(.text)
    TIM_GetCapture1                          0x08003521   Thumb Code     6  stm32f10x_tim.o(.text)
    TIM_GetCapture2                          0x08003527   Thumb Code     6  stm32f10x_tim.o(.text)
    TIM_GetCapture3                          0x0800352d   Thumb Code     6  stm32f10x_tim.o(.text)
    TIM_GetCapture4                          0x08003533   Thumb Code     8  stm32f10x_tim.o(.text)
    TIM_GetCounter                           0x0800353b   Thumb Code     6  stm32f10x_tim.o(.text)
    TIM_GetPrescaler                         0x08003541   Thumb Code     6  stm32f10x_tim.o(.text)
    TIM_GetFlagStatus                        0x08003547   Thumb Code    18  stm32f10x_tim.o(.text)
    TIM_ClearFlag                            0x08003559   Thumb Code     6  stm32f10x_tim.o(.text)
    TIM_GetITStatus                          0x0800355f   Thumb Code    34  stm32f10x_tim.o(.text)
    TIM_ClearITPendingBit                    0x08003581   Thumb Code     6  stm32f10x_tim.o(.text)
    DMA_DeInit                               0x08003589   Thumb Code   324  stm32f10x_dma.o(.text)
    DMA_Init                                 0x080036cd   Thumb Code    60  stm32f10x_dma.o(.text)
    DMA_StructInit                           0x08003709   Thumb Code    26  stm32f10x_dma.o(.text)
    DMA_Cmd                                  0x08003723   Thumb Code    24  stm32f10x_dma.o(.text)
    DMA_ITConfig                             0x0800373b   Thumb Code    18  stm32f10x_dma.o(.text)
    DMA_SetCurrDataCounter                   0x0800374d   Thumb Code     4  stm32f10x_dma.o(.text)
    DMA_GetCurrDataCounter                   0x08003751   Thumb Code     8  stm32f10x_dma.o(.text)
    DMA_GetFlagStatus                        0x08003759   Thumb Code    40  stm32f10x_dma.o(.text)
    DMA_ClearFlag                            0x08003781   Thumb Code    22  stm32f10x_dma.o(.text)
    DMA_GetITStatus                          0x08003797   Thumb Code    40  stm32f10x_dma.o(.text)
    DMA_ClearITPendingBit                    0x080037bf   Thumb Code    22  stm32f10x_dma.o(.text)
    ADC_DeInit                               0x080037dd   Thumb Code    78  stm32f10x_adc.o(.text)
    ADC_Init                                 0x0800382b   Thumb Code    70  stm32f10x_adc.o(.text)
    ADC_StructInit                           0x08003871   Thumb Code    18  stm32f10x_adc.o(.text)
    ADC_Cmd                                  0x08003883   Thumb Code    22  stm32f10x_adc.o(.text)
    ADC_DMACmd                               0x08003899   Thumb Code    22  stm32f10x_adc.o(.text)
    ADC_ITConfig                             0x080038af   Thumb Code    24  stm32f10x_adc.o(.text)
    ADC_ResetCalibration                     0x080038c7   Thumb Code    10  stm32f10x_adc.o(.text)
    ADC_GetResetCalibrationStatus            0x080038d1   Thumb Code    20  stm32f10x_adc.o(.text)
    ADC_StartCalibration                     0x080038e5   Thumb Code    10  stm32f10x_adc.o(.text)
    ADC_GetCalibrationStatus                 0x080038ef   Thumb Code    20  stm32f10x_adc.o(.text)
    ADC_SoftwareStartConvCmd                 0x08003903   Thumb Code    22  stm32f10x_adc.o(.text)
    ADC_GetSoftwareStartConvStatus           0x08003919   Thumb Code    20  stm32f10x_adc.o(.text)
    ADC_DiscModeChannelCountConfig           0x0800392d   Thumb Code    24  stm32f10x_adc.o(.text)
    ADC_DiscModeCmd                          0x08003945   Thumb Code    22  stm32f10x_adc.o(.text)
    ADC_RegularChannelConfig                 0x0800395b   Thumb Code   184  stm32f10x_adc.o(.text)
    ADC_ExternalTrigConvCmd                  0x08003a13   Thumb Code    22  stm32f10x_adc.o(.text)
    ADC_GetConversionValue                   0x08003a29   Thumb Code     8  stm32f10x_adc.o(.text)
    ADC_GetDualModeConversionValue           0x08003a31   Thumb Code     8  stm32f10x_adc.o(.text)
    ADC_AutoInjectedConvCmd                  0x08003a39   Thumb Code    22  stm32f10x_adc.o(.text)
    ADC_InjectedDiscModeCmd                  0x08003a4f   Thumb Code    22  stm32f10x_adc.o(.text)
    ADC_ExternalTrigInjectedConvConfig       0x08003a65   Thumb Code    16  stm32f10x_adc.o(.text)
    ADC_ExternalTrigInjectedConvCmd          0x08003a75   Thumb Code    22  stm32f10x_adc.o(.text)
    ADC_SoftwareStartInjectedConvCmd         0x08003a8b   Thumb Code    22  stm32f10x_adc.o(.text)
    ADC_GetSoftwareStartInjectedConvCmdStatus 0x08003aa1   Thumb Code    20  stm32f10x_adc.o(.text)
    ADC_InjectedChannelConfig                0x08003ab5   Thumb Code   130  stm32f10x_adc.o(.text)
    ADC_InjectedSequencerLengthConfig        0x08003b37   Thumb Code    24  stm32f10x_adc.o(.text)
    ADC_SetInjectedOffset                    0x08003b4f   Thumb Code    20  stm32f10x_adc.o(.text)
    ADC_GetInjectedConversionValue           0x08003b63   Thumb Code    28  stm32f10x_adc.o(.text)
    ADC_AnalogWatchdogCmd                    0x08003b7f   Thumb Code    16  stm32f10x_adc.o(.text)
    ADC_AnalogWatchdogThresholdsConfig       0x08003b8f   Thumb Code     6  stm32f10x_adc.o(.text)
    ADC_AnalogWatchdogSingleChannelConfig    0x08003b95   Thumb Code    16  stm32f10x_adc.o(.text)
    ADC_TempSensorVrefintCmd                 0x08003ba5   Thumb Code    64  stm32f10x_adc.o(.text)
    ADC_GetFlagStatus                        0x08003be5   Thumb Code    18  stm32f10x_adc.o(.text)
    ADC_ClearFlag                            0x08003bf7   Thumb Code     6  stm32f10x_adc.o(.text)
    ADC_GetITStatus                          0x08003bfd   Thumb Code    36  stm32f10x_adc.o(.text)
    ADC_ClearITPendingBit                    0x08003c21   Thumb Code    10  stm32f10x_adc.o(.text)
    sim_at_response                          0x08003c2d   Thumb Code    46  nbiot.o(.text)
    NB_check_cmd                             0x08003c5b   Thumb Code    44  nbiot.o(.text)
    NB_send_cmd                              0x08003c87   Thumb Code   212  nbiot.o(.text)
    NB_wait_request                          0x08003d5b   Thumb Code    84  nbiot.o(.text)
    NB_chr2hex                               0x08003daf   Thumb Code    54  nbiot.o(.text)
    NB_hex2chr                               0x08003de5   Thumb Code    34  nbiot.o(.text)
    BC95_RECData                             0x08003e07   Thumb Code    74  nbiot.o(.text)
    __use_no_semihosting                     0x08003ead   Thumb Code     2  use_no_semi_2.o(.text)
    __c89vsprintf                            0x08003eb1   Thumb Code    32  c89vsprintf.o(.text)
    __2printf                                0x08003ed5   Thumb Code    20  __2printf.o(.text)
    __2sprintf                               0x08003eed   Thumb Code    38  __2sprintf.o(.text)
    _printf_pre_padding                      0x08003f19   Thumb Code    44  _printf_pad.o(.text)
    _printf_post_padding                     0x08003f45   Thumb Code    34  _printf_pad.o(.text)
    _printf_str                              0x08003f67   Thumb Code    82  _printf_str.o(.text)
    _printf_int_dec                          0x08003fb9   Thumb Code   100  _printf_dec.o(.text)
    _printf_charcount                        0x0800402d   Thumb Code    40  _printf_charcount.o(.text)
    _printf_longlong_hex                     0x08004055   Thumb Code    86  _printf_hex_int_ll_ptr.o(.text)
    _printf_int_hex                          0x080040ab   Thumb Code    28  _printf_hex_int_ll_ptr.o(.text)
    _printf_ll_hex                           0x080040c7   Thumb Code    12  _printf_hex_int_ll_ptr.o(.text)
    _printf_hex_ptr                          0x080040d3   Thumb Code    18  _printf_hex_int_ll_ptr.o(.text)
    __printf                                 0x080040e9   Thumb Code   388  __printf_flags_ss_wp.o(.text)
    strstr                                   0x08004271   Thumb Code    36  strstr.o(.text)
    strlen                                   0x08004295   Thumb Code    62  strlen.o(.text)
    strcat                                   0x080042d3   Thumb Code    24  strcat.o(.text)
    __aeabi_memclr                           0x080042eb   Thumb Code     0  rt_memclr.o(.text)
    __rt_memclr                              0x080042eb   Thumb Code    68  rt_memclr.o(.text)
    _memset                                  0x080042ef   Thumb Code     0  rt_memclr.o(.text)
    strncpy                                  0x0800432f   Thumb Code    86  strncpy.o(.text)
    __use_two_region_memory                  0x08004385   Thumb Code     2  heapauxi.o(.text)
    __rt_heap_escrow$2region                 0x08004387   Thumb Code     2  heapauxi.o(.text)
    __rt_heap_expand$2region                 0x08004389   Thumb Code     2  heapauxi.o(.text)
    __I$use$semihosting                      0x0800438b   Thumb Code     0  use_no_semi.o(.text)
    __use_no_semihosting_swi                 0x0800438b   Thumb Code     2  use_no_semi.o(.text)
    _printf_truncate_signed                  0x0800438d   Thumb Code    18  _printf_truncate.o(.text)
    _printf_truncate_unsigned                0x0800439f   Thumb Code    18  _printf_truncate.o(.text)
    _printf_int_common                       0x080043b1   Thumb Code   178  _printf_intcommon.o(.text)
    _printf_char_common                      0x0800446f   Thumb Code    32  _printf_char_common.o(.text)
    _sputc                                   0x08004495   Thumb Code    10  _sputc.o(.text)
    _printf_cs_common                        0x0800449f   Thumb Code    20  _printf_char.o(.text)
    _printf_char                             0x080044b3   Thumb Code    16  _printf_char.o(.text)
    _printf_string                           0x080044c3   Thumb Code     8  _printf_char.o(.text)
    _printf_char_file                        0x080044cd   Thumb Code    32  _printf_char_file.o(.text)
    _printf_wctomb                           0x080044f1   Thumb Code   182  _printf_wctomb.o(.text)
    _printf_longlong_dec                     0x080045ad   Thumb Code   104  _printf_longlong_dec.o(.text)
    _printf_longlong_oct                     0x08004625   Thumb Code    68  _printf_oct_int_ll.o(.text)
    _printf_int_oct                          0x08004669   Thumb Code    24  _printf_oct_int_ll.o(.text)
    _printf_ll_oct                           0x08004681   Thumb Code    12  _printf_oct_int_ll.o(.text)
    __aeabi_memclr4                          0x08004695   Thumb Code     0  rt_memclr_w.o(.text)
    __aeabi_memclr8                          0x08004695   Thumb Code     0  rt_memclr_w.o(.text)
    __rt_memclr_w                            0x08004695   Thumb Code    78  rt_memclr_w.o(.text)
    _memset_w                                0x08004699   Thumb Code     0  rt_memclr_w.o(.text)
    _ll_udiv10                               0x080046e3   Thumb Code   138  lludiv10.o(.text)
    __lib_sel_fp_printf                      0x0800476d   Thumb Code     2  _printf_fp_dec.o(.text)
    _printf_fp_dec_real                      0x0800491b   Thumb Code   616  _printf_fp_dec.o(.text)
    _printf_lcs_common                       0x08004b83   Thumb Code    20  _printf_wchar.o(.text)
    _printf_wchar                            0x08004b97   Thumb Code    16  _printf_wchar.o(.text)
    _printf_wstring                          0x08004ba7   Thumb Code     8  _printf_wchar.o(.text)
    ferror                                   0x08004baf   Thumb Code     8  ferror.o(.text)
    _wcrtomb                                 0x08004bb7   Thumb Code    64  _wcrtomb.o(.text)
    __user_setup_stackheap                   0x08004bf7   Thumb Code    74  sys_stackheap_outer.o(.text)
    __rt_ctype_table                         0x08004c41   Thumb Code    16  rt_ctype_table.o(.text)
    __rt_locale                              0x08004c51   Thumb Code     8  rt_locale_intlibspace.o(.text)
    _printf_fp_infnan                        0x08004c59   Thumb Code   112  _printf_fp_infnan.o(.text)
    _btod_etento                             0x08004cd9   Thumb Code   212  bigflt0.o(.text)
    exit                                     0x08004db1   Thumb Code    12  exit.o(.text)
    __user_libspace                          0x08004dbd   Thumb Code     8  libspace.o(.text)
    __user_perproc_libspace                  0x08004dbd   Thumb Code     0  libspace.o(.text)
    __user_perthread_libspace                0x08004dbd   Thumb Code     0  libspace.o(.text)
    strcmp                                   0x08004dc5   Thumb Code   128  strcmpv7m.o(.text)
    _btod_d2e                                0x08004e45   Thumb Code    62  btod.o(CL$$btod_d2e)
    _d2e_denorm_low                          0x08004e83   Thumb Code    70  btod.o(CL$$btod_d2e_denorm_low)
    _d2e_norm_op1                            0x08004ec9   Thumb Code    96  btod.o(CL$$btod_d2e_norm_op1)
    __btod_div_common                        0x08004f29   Thumb Code   696  btod.o(CL$$btod_div_common)
    _e2e                                     0x08005261   Thumb Code   198  btod.o(CL$$btod_e2e)
    _btod_ediv                               0x08005327   Thumb Code    40  btod.o(CL$$btod_ediv)
    _btod_emul                               0x0800534f   Thumb Code    40  btod.o(CL$$btod_emul)
    __btod_mult_common                       0x08005377   Thumb Code   580  btod.o(CL$$btod_mult_common)
    __ARM_fpclassify                         0x080055bb   Thumb Code    40  fpclassify.o(i.__ARM_fpclassify)
    _is_digit                                0x080055e3   Thumb Code    14  __printf_wp.o(i._is_digit)
    _get_lc_numeric                          0x080055f1   Thumb Code    44  lc_numeric_c.o(locale$$code)
    _get_lc_ctype                            0x0800561d   Thumb Code    44  lc_ctype_c.o(locale$$code)
    _printf_fp_dec                           0x08005649   Thumb Code     4  printf1.o(x$fpl$printf1)
    F6x8                                     0x0800564c   Data         552  oled.o(.constdata)
    __I$use$fp                               0x0800564c   Number         0  usenofp.o(x$fpl$usenofp)
    F8X16                                    0x08005874   Data        1520  oled.o(.constdata)
    Region$$Table$$Base                      0x08005f40   Number         0  anon$$obj.o(Region$$Table)
    Region$$Table$$Limit                     0x08005f60   Number         0  anon$$obj.o(Region$$Table)
    __ctype                                  0x08005f89   Data           0  lc_ctype_c.o(locale$$data)
    SystemCoreClock                          0x20000000   Data           4  system_stm32f10x.o(.data)
    AHBPrescTable                            0x20000004   Data          16  system_stm32f10x.o(.data)
    BMP1                                     0x20000014   Data        1024  main.o(.data)
    Mystr                                    0x20000414   Data           4  main.o(.data)
    id                                       0x20000418   Data           4  main.o(.data)
    DHT11_Data                               0x2000041c   Data           5  main.o(.data)
    USART2_RX_STA                            0x20000422   Data           2  usart2.o(.data)
    RxCounter                                0x20000426   Data           1  usart3.o(.data)
    RxCounter1                               0x20000427   Data           1  usart3.o(.data)
    USART3_RX_STA                            0x20000428   Data           2  usart3.o(.data)
    ADC_ConvertedValue                       0x2000042a   Data           2  adcx.o(.data)
    Hzk                                      0x2000042c   Data         256  oled.o(.data)
    __stdout                                 0x20000530   Data           4  usart.o(.data)
    USART_RX_STA                             0x20000534   Data           2  usart.o(.data)
    Scan_Wtime                               0x2000054c   Data           1  nbiot.o(.data)
    BT_Scan_mode                             0x2000054d   Data           1  nbiot.o(.data)
    extstrx                                  0x20000550   Data           4  nbiot.o(.data)
    commandAT                                0x20000554   Data         255  main.o(.bss)
    locationLen                              0x20000653   Data         255  main.o(.bss)
    location                                 0x20000752   Data         255  main.o(.bss)
    locationxianshi                          0x20000851   Data         255  main.o(.bss)
    locationHex                              0x20000950   Data         255  main.o(.bss)
    HTTPTCPData                              0x20000a4f   Data         255  main.o(.bss)
    COM1Hex                                  0x20000b4e   Data         255  main.o(.bss)
    COM1Data                                 0x20000c4d   Data         255  main.o(.bss)
    cardIMSI                                 0x20000d4c   Data          80  main.o(.bss)
    signalCSQ                                0x20000d9c   Data          80  main.o(.bss)
    USART2_TX_BUF                            0x20000df0   Data        1024  usart2.o(.bss)
    USART2_RX_BUF                            0x200011f0   Data        1024  usart2.o(.bss)
    RxBuffer                                 0x200015f0   Data         100  usart3.o(.bss)
    RxBuffer1                                0x20001654   Data         100  usart3.o(.bss)
    USART3_RX_BUF                            0x200016b8   Data         200  usart3.o(.bss)
    USART_RX_BUF                             0x20001780   Data         200  usart.o(.bss)
    __libspace_start                         0x20001848   Data          96  libspace.o(.bss)
    __temporary_stack_top$libspace           0x200018a8   Data           0  libspace.o(.bss)



==============================================================================

Memory Map of the image

  Image Entry point : 0x080000ed

  Load Region LR_IROM1 (Base: 0x08000000, Size: 0x000065e0, Max: 0x00020000, ABSOLUTE, COMPRESSED[0x00006240])

    Execution Region ER_IROM1 (Base: 0x08000000, Size: 0x0000608c, Max: 0x00020000, ABSOLUTE)

    Base Addr    Size         Type   Attr      Idx    E Section Name        Object

    0x08000000   0x000000ec   Data   RO          476    RESET               startup_stm32f10x_md.o
    0x080000ec   0x00000008   Code   RO          672  * !!!main             c_w.l(__main.o)
    0x080000f4   0x00000034   Code   RO          933    !!!scatter          c_w.l(__scatter.o)
    0x08000128   0x0000005a   Code   RO          931    !!dczerorl2         c_w.l(__dczerorl2.o)
    0x08000182   0x00000002   PAD
    0x08000184   0x0000001c   Code   RO          935    !!handler_zi        c_w.l(__scatter_zi.o)
    0x080001a0   0x00000000   Code   RO          659    .ARM.Collect$$_printf_percent$$00000000  c_w.l(_printf_percent.o)
    0x080001a0   0x00000006   Code   RO          656    .ARM.Collect$$_printf_percent$$00000001  c_w.l(_printf_n.o)
    0x080001a6   0x00000006   Code   RO          657    .ARM.Collect$$_printf_percent$$00000002  c_w.l(_printf_p.o)
    0x080001ac   0x00000006   Code   RO          705    .ARM.Collect$$_printf_percent$$00000003  c_w.l(_printf_f.o)
    0x080001b2   0x00000006   Code   RO          706    .ARM.Collect$$_printf_percent$$00000004  c_w.l(_printf_e.o)
    0x080001b8   0x00000006   Code   RO          707    .ARM.Collect$$_printf_percent$$00000005  c_w.l(_printf_g.o)
    0x080001be   0x00000006   Code   RO          708    .ARM.Collect$$_printf_percent$$00000006  c_w.l(_printf_a.o)
    0x080001c4   0x0000000a   Code   RO          713    .ARM.Collect$$_printf_percent$$00000007  c_w.l(_printf_ll.o)
    0x080001ce   0x00000006   Code   RO          703    .ARM.Collect$$_printf_percent$$00000008  c_w.l(_printf_i.o)
    0x080001d4   0x00000006   Code   RO          658    .ARM.Collect$$_printf_percent$$00000009  c_w.l(_printf_d.o)
    0x080001da   0x00000006   Code   RO          704    .ARM.Collect$$_printf_percent$$0000000A  c_w.l(_printf_u.o)
    0x080001e0   0x00000006   Code   RO          702    .ARM.Collect$$_printf_percent$$0000000B  c_w.l(_printf_o.o)
    0x080001e6   0x00000006   Code   RO          701    .ARM.Collect$$_printf_percent$$0000000C  c_w.l(_printf_x.o)
    0x080001ec   0x00000006   Code   RO          710    .ARM.Collect$$_printf_percent$$0000000D  c_w.l(_printf_lli.o)
    0x080001f2   0x00000006   Code   RO          711    .ARM.Collect$$_printf_percent$$0000000E  c_w.l(_printf_lld.o)
    0x080001f8   0x00000006   Code   RO          712    .ARM.Collect$$_printf_percent$$0000000F  c_w.l(_printf_llu.o)
    0x080001fe   0x00000006   Code   RO          717    .ARM.Collect$$_printf_percent$$00000010  c_w.l(_printf_llo.o)
    0x08000204   0x00000006   Code   RO          718    .ARM.Collect$$_printf_percent$$00000011  c_w.l(_printf_llx.o)
    0x0800020a   0x0000000a   Code   RO          714    .ARM.Collect$$_printf_percent$$00000012  c_w.l(_printf_l.o)
    0x08000214   0x00000006   Code   RO          700    .ARM.Collect$$_printf_percent$$00000013  c_w.l(_printf_c.o)
    0x0800021a   0x00000006   Code   RO          655    .ARM.Collect$$_printf_percent$$00000014  c_w.l(_printf_s.o)
    0x08000220   0x00000006   Code   RO          715    .ARM.Collect$$_printf_percent$$00000015  c_w.l(_printf_lc.o)
    0x08000226   0x00000006   Code   RO          716    .ARM.Collect$$_printf_percent$$00000016  c_w.l(_printf_ls.o)
    0x0800022c   0x00000004   Code   RO          709    .ARM.Collect$$_printf_percent$$00000017  c_w.l(_printf_percent_end.o)
    0x08000230   0x00000002   Code   RO          798    .ARM.Collect$$libinit$$00000000  c_w.l(libinit.o)
    0x08000232   0x00000000   Code   RO          815    .ARM.Collect$$libinit$$00000002  c_w.l(libinit2.o)
    0x08000232   0x00000000   Code   RO          818    .ARM.Collect$$libinit$$00000008  c_w.l(libinit2.o)
    0x08000232   0x00000000   Code   RO          820    .ARM.Collect$$libinit$$0000000A  c_w.l(libinit2.o)
    0x08000232   0x00000000   Code   RO          822    .ARM.Collect$$libinit$$0000000C  c_w.l(libinit2.o)
    0x08000232   0x00000006   Code   RO          823    .ARM.Collect$$libinit$$0000000D  c_w.l(libinit2.o)
    0x08000238   0x00000000   Code   RO          825    .ARM.Collect$$libinit$$0000000F  c_w.l(libinit2.o)
    0x08000238   0x0000000c   Code   RO          826    .ARM.Collect$$libinit$$00000010  c_w.l(libinit2.o)
    0x08000244   0x00000000   Code   RO          827    .ARM.Collect$$libinit$$00000011  c_w.l(libinit2.o)
    0x08000244   0x00000000   Code   RO          829    .ARM.Collect$$libinit$$00000013  c_w.l(libinit2.o)
    0x08000244   0x0000000a   Code   RO          830    .ARM.Collect$$libinit$$00000014  c_w.l(libinit2.o)
    0x0800024e   0x00000000   Code   RO          831    .ARM.Collect$$libinit$$00000015  c_w.l(libinit2.o)
    0x0800024e   0x00000000   Code   RO          833    .ARM.Collect$$libinit$$00000017  c_w.l(libinit2.o)
    0x0800024e   0x00000000   Code   RO          835    .ARM.Collect$$libinit$$00000019  c_w.l(libinit2.o)
    0x0800024e   0x00000000   Code   RO          837    .ARM.Collect$$libinit$$0000001B  c_w.l(libinit2.o)
    0x0800024e   0x00000000   Code   RO          839    .ARM.Collect$$libinit$$0000001D  c_w.l(libinit2.o)
    0x0800024e   0x00000000   Code   RO          841    .ARM.Collect$$libinit$$0000001F  c_w.l(libinit2.o)
    0x0800024e   0x00000000   Code   RO          843    .ARM.Collect$$libinit$$00000021  c_w.l(libinit2.o)
    0x0800024e   0x00000000   Code   RO          845    .ARM.Collect$$libinit$$00000023  c_w.l(libinit2.o)
    0x0800024e   0x00000000   Code   RO          849    .ARM.Collect$$libinit$$0000002A  c_w.l(libinit2.o)
    0x0800024e   0x00000000   Code   RO          851    .ARM.Collect$$libinit$$0000002C  c_w.l(libinit2.o)
    0x0800024e   0x00000000   Code   RO          853    .ARM.Collect$$libinit$$0000002E  c_w.l(libinit2.o)
    0x0800024e   0x00000000   Code   RO          855    .ARM.Collect$$libinit$$00000030  c_w.l(libinit2.o)
    0x0800024e   0x00000002   Code   RO          856    .ARM.Collect$$libinit$$00000031  c_w.l(libinit2.o)
    0x08000250   0x00000002   Code   RO          874    .ARM.Collect$$libshutdown$$00000000  c_w.l(libshutdown.o)
    0x08000252   0x00000000   Code   RO          885    .ARM.Collect$$libshutdown$$00000003  c_w.l(libshutdown2.o)
    0x08000252   0x00000000   Code   RO          888    .ARM.Collect$$libshutdown$$00000006  c_w.l(libshutdown2.o)
    0x08000252   0x00000000   Code   RO          891    .ARM.Collect$$libshutdown$$00000009  c_w.l(libshutdown2.o)
    0x08000252   0x00000000   Code   RO          893    .ARM.Collect$$libshutdown$$0000000B  c_w.l(libshutdown2.o)
    0x08000252   0x00000000   Code   RO          896    .ARM.Collect$$libshutdown$$0000000E  c_w.l(libshutdown2.o)
    0x08000252   0x00000002   Code   RO          897    .ARM.Collect$$libshutdown$$0000000F  c_w.l(libshutdown2.o)
    0x08000254   0x00000000   Code   RO          676    .ARM.Collect$$rtentry$$00000000  c_w.l(rtentry.o)
    0x08000254   0x00000000   Code   RO          724    .ARM.Collect$$rtentry$$00000002  c_w.l(rtentry2.o)
    0x08000254   0x00000006   Code   RO          736    .ARM.Collect$$rtentry$$00000004  c_w.l(rtentry4.o)
    0x0800025a   0x00000000   Code   RO          726    .ARM.Collect$$rtentry$$00000009  c_w.l(rtentry2.o)
    0x0800025a   0x00000004   Code   RO          727    .ARM.Collect$$rtentry$$0000000A  c_w.l(rtentry2.o)
    0x0800025e   0x00000000   Code   RO          729    .ARM.Collect$$rtentry$$0000000C  c_w.l(rtentry2.o)
    0x0800025e   0x00000008   Code   RO          730    .ARM.Collect$$rtentry$$0000000D  c_w.l(rtentry2.o)
    0x08000266   0x00000002   Code   RO          807    .ARM.Collect$$rtexit$$00000000  c_w.l(rtexit.o)
    0x08000268   0x00000000   Code   RO          858    .ARM.Collect$$rtexit$$00000002  c_w.l(rtexit2.o)
    0x08000268   0x00000004   Code   RO          859    .ARM.Collect$$rtexit$$00000003  c_w.l(rtexit2.o)
    0x0800026c   0x00000006   Code   RO          860    .ARM.Collect$$rtexit$$00000004  c_w.l(rtexit2.o)
    0x08000272   0x00000002   PAD
    0x08000274   0x000001e8   Code   RO            1    .text               system_stm32f10x.o
    0x0800045c   0x00000624   Code   RO          103    .text               main.o
    0x08000a80   0x0000001a   Code   RO          207    .text               stm32f10x_it.o
    0x08000a9a   0x00000002   PAD
    0x08000a9c   0x000000fc   Code   RO          226    .text               key.o
    0x08000b98   0x00000078   Code   RO          239    .text               led.o
    0x08000c10   0x000002e4   Code   RO          251    .text               usart2.o
    0x08000ef4   0x000001c4   Code   RO          277    .text               usart3.o
    0x080010b8   0x00000120   Code   RO          337    .text               adcx.o
    0x080011d8   0x00000078   Code   RO          352    .text               hexstr.o
    0x08001250   0x000004aa   Code   RO          364    .text               oled.o
    0x080016fa   0x00000002   PAD
    0x080016fc   0x000000b8   Code   RO          386    .text               http_demo.o
    0x080017b4   0x00000164   Code   RO          402    .text               dht11.o
    0x08001918   0x000000d4   Code   RO          414    .text               delay.o
    0x080019ec   0x0000000c   Code   RO          428    .text               sys.o
    0x080019f8   0x00000148   Code   RO          440    .text               usart.o
    0x08001b40   0x00000040   Code   RO          477    .text               startup_stm32f10x_md.o
    0x08001b80   0x000000dc   Code   RO          481    .text               misc.o
    0x08001c5c   0x0000035c   Code   RO          493    .text               stm32f10x_gpio.o
    0x08001fb8   0x000003ac   Code   RO          505    .text               stm32f10x_rcc.o
    0x08002364   0x00000408   Code   RO          519    .text               stm32f10x_usart.o
    0x0800276c   0x00000e1a   Code   RO          531    .text               stm32f10x_tim.o
    0x08003586   0x00000002   PAD
    0x08003588   0x00000254   Code   RO          543    .text               stm32f10x_dma.o
    0x080037dc   0x0000044e   Code   RO          555    .text               stm32f10x_adc.o
    0x08003c2a   0x00000002   PAD
    0x08003c2c   0x00000280   Code   RO          570    .text               nbiot.o
    0x08003eac   0x00000002   Code   RO          592    .text               c_w.l(use_no_semi_2.o)
    0x08003eae   0x00000002   PAD
    0x08003eb0   0x00000024   Code   RO          594    .text               c_w.l(c89vsprintf.o)
    0x08003ed4   0x00000018   Code   RO          596    .text               c_w.l(__2printf.o)
    0x08003eec   0x0000002c   Code   RO          598    .text               c_w.l(__2sprintf.o)
    0x08003f18   0x0000004e   Code   RO          606    .text               c_w.l(_printf_pad.o)
    0x08003f66   0x00000052   Code   RO          608    .text               c_w.l(_printf_str.o)
    0x08003fb8   0x00000074   Code   RO          610    .text               c_w.l(_printf_dec.o)
    0x0800402c   0x00000028   Code   RO          612    .text               c_w.l(_printf_charcount.o)
    0x08004054   0x00000094   Code   RO          632    .text               c_w.l(_printf_hex_int_ll_ptr.o)
    0x080040e8   0x00000188   Code   RO          652    .text               c_w.l(__printf_flags_ss_wp.o)
    0x08004270   0x00000024   Code   RO          660    .text               c_w.l(strstr.o)
    0x08004294   0x0000003e   Code   RO          662    .text               c_w.l(strlen.o)
    0x080042d2   0x00000018   Code   RO          664    .text               c_w.l(strcat.o)
    0x080042ea   0x00000044   Code   RO          666    .text               c_w.l(rt_memclr.o)
    0x0800432e   0x00000056   Code   RO          668    .text               c_w.l(strncpy.o)
    0x08004384   0x00000006   Code   RO          670    .text               c_w.l(heapauxi.o)
    0x0800438a   0x00000002   Code   RO          674    .text               c_w.l(use_no_semi.o)
    0x0800438c   0x00000024   Code   RO          677    .text               c_w.l(_printf_truncate.o)
    0x080043b0   0x000000b2   Code   RO          679    .text               c_w.l(_printf_intcommon.o)
    0x08004462   0x00000002   PAD
    0x08004464   0x00000030   Code   RO          681    .text               c_w.l(_printf_char_common.o)
    0x08004494   0x0000000a   Code   RO          683    .text               c_w.l(_sputc.o)
    0x0800449e   0x0000002c   Code   RO          685    .text               c_w.l(_printf_char.o)
    0x080044ca   0x00000002   PAD
    0x080044cc   0x00000024   Code   RO          687    .text               c_w.l(_printf_char_file.o)
    0x080044f0   0x000000bc   Code   RO          689    .text               c_w.l(_printf_wctomb.o)
    0x080045ac   0x00000078   Code   RO          692    .text               c_w.l(_printf_longlong_dec.o)
    0x08004624   0x00000070   Code   RO          698    .text               c_w.l(_printf_oct_int_ll.o)
    0x08004694   0x0000004e   Code   RO          719    .text               c_w.l(rt_memclr_w.o)
    0x080046e2   0x0000008a   Code   RO          738    .text               c_w.l(lludiv10.o)
    0x0800476c   0x00000416   Code   RO          740    .text               c_w.l(_printf_fp_dec.o)
    0x08004b82   0x0000002c   Code   RO          744    .text               c_w.l(_printf_wchar.o)
    0x08004bae   0x00000008   Code   RO          746    .text               c_w.l(ferror.o)
    0x08004bb6   0x00000040   Code   RO          750    .text               c_w.l(_wcrtomb.o)
    0x08004bf6   0x0000004a   Code   RO          752    .text               c_w.l(sys_stackheap_outer.o)
    0x08004c40   0x00000010   Code   RO          754    .text               c_w.l(rt_ctype_table.o)
    0x08004c50   0x00000008   Code   RO          759    .text               c_w.l(rt_locale_intlibspace.o)
    0x08004c58   0x00000080   Code   RO          761    .text               c_w.l(_printf_fp_infnan.o)
    0x08004cd8   0x000000d8   Code   RO          763    .text               c_w.l(bigflt0.o)
    0x08004db0   0x0000000c   Code   RO          791    .text               c_w.l(exit.o)
    0x08004dbc   0x00000008   Code   RO          804    .text               c_w.l(libspace.o)
    0x08004dc4   0x00000080   Code   RO          812    .text               c_w.l(strcmpv7m.o)
    0x08004e44   0x0000003e   Code   RO          766    CL$$btod_d2e        c_w.l(btod.o)
    0x08004e82   0x00000046   Code   RO          768    CL$$btod_d2e_denorm_low  c_w.l(btod.o)
    0x08004ec8   0x00000060   Code   RO          767    CL$$btod_d2e_norm_op1  c_w.l(btod.o)
    0x08004f28   0x00000338   Code   RO          776    CL$$btod_div_common  c_w.l(btod.o)
    0x08005260   0x000000c6   Code   RO          773    CL$$btod_e2e        c_w.l(btod.o)
    0x08005326   0x00000028   Code   RO          770    CL$$btod_ediv       c_w.l(btod.o)
    0x0800534e   0x00000028   Code   RO          769    CL$$btod_emul       c_w.l(btod.o)
    0x08005376   0x00000244   Code   RO          775    CL$$btod_mult_common  c_w.l(btod.o)
    0x080055ba   0x00000028   Code   RO          802    i.__ARM_fpclassify  m_ws.l(fpclassify.o)
    0x080055e2   0x0000000e   Code   RO          645    i._is_digit         c_w.l(__printf_wp.o)
    0x080055f0   0x0000002c   Code   RO          789    locale$$code        c_w.l(lc_numeric_c.o)
    0x0800561c   0x0000002c   Code   RO          810    locale$$code        c_w.l(lc_ctype_c.o)
    0x08005648   0x00000004   Code   RO          721    x$fpl$printf1       fz_ws.l(printf1.o)
    0x0800564c   0x00000000   Code   RO          801    x$fpl$usenofp       fz_ws.l(usenofp.o)
    0x0800564c   0x00000818   Data   RO          365    .constdata          oled.o
    0x08005e64   0x00000028   Data   RO          633    .constdata          c_w.l(_printf_hex_int_ll_ptr.o)
    0x08005e8c   0x00000011   Data   RO          653    .constdata          c_w.l(__printf_flags_ss_wp.o)
    0x08005e9d   0x00000003   PAD
    0x08005ea0   0x00000008   Data   RO          690    .constdata          c_w.l(_printf_wctomb.o)
    0x08005ea8   0x00000094   Data   RO          764    .constdata          c_w.l(bigflt0.o)
    0x08005f3c   0x00000003   Data   RO          105    .conststring        main.o
    0x08005f3f   0x00000001   PAD
    0x08005f40   0x00000020   Data   RO          929    Region$$Table       anon$$obj.o
    0x08005f60   0x0000001c   Data   RO          788    locale$$data        c_w.l(lc_numeric_c.o)
    0x08005f7c   0x00000110   Data   RO          809    locale$$data        c_w.l(lc_ctype_c.o)


    Execution Region RW_IRAM1 (Base: 0x20000000, Size: 0x00001ea8, Max: 0x00005000, ABSOLUTE, COMPRESSED[0x000001b4])

    Base Addr    Size         Type   Attr      Idx    E Section Name        Object

    0x20000000   0x00000014   Data   RW            2    .data               system_stm32f10x.o
    0x20000014   0x0000040d   Data   RW          106    .data               main.o
    0x20000421   0x00000001   Data   RW          227    .data               key.o
    0x20000422   0x00000003   Data   RW          253    .data               usart2.o
    0x20000425   0x00000001   PAD
    0x20000426   0x00000004   Data   RW          279    .data               usart3.o
    0x2000042a   0x00000002   Data   RW          338    .data               adcx.o
    0x2000042c   0x00000100   Data   RW          366    .data               oled.o
    0x2000052c   0x00000004   Data   RW          415    .data               delay.o
    0x20000530   0x00000006   Data   RW          442    .data               usart.o
    0x20000536   0x00000014   Data   RW          506    .data               stm32f10x_rcc.o
    0x2000054a   0x00000002   PAD
    0x2000054c   0x00000008   Data   RW          572    .data               nbiot.o
    0x20000554   0x00000898   Zero   RW          104    .bss                main.o
    0x20000dec   0x00000004   PAD
    0x20000df0   0x00000800   Zero   RW          252    .bss                usart2.o
    0x200015f0   0x00000190   Zero   RW          278    .bss                usart3.o
    0x20001780   0x000000c8   Zero   RW          441    .bss                usart.o
    0x20001848   0x00000060   Zero   RW          805    .bss                c_w.l(libspace.o)
    0x200018a8   0x00000200   Zero   RW          475    HEAP                startup_stm32f10x_md.o
    0x20001aa8   0x00000400   Zero   RW          474    STACK               startup_stm32f10x_md.o


==============================================================================

Image component sizes


      Code (inc. data)   RO Data    RW Data    ZI Data      Debug   Object Name

       288         18          0          2          0       1529   adcx.o
         0          0          0          0          0         32   core_cm3.o
       212         18          0          4          0       1063   delay.o
       356          4          0          0          0       1812   dht11.o
       120          0          0          0          0       1012   hexstr.o
       184         80          0          0          0        735   http_demo.o
       252         16          0          1          0        848   key.o
       120          6          0          0          0        547   led.o
      1572        628          3       1037       2200     216889   main.o
       220         22          0          0          0       1849   misc.o
       640         92          0          8          0       3898   nbiot.o
      1194         16       2072        256          0       4745   oled.o
        64         26        236          0       1536        796   startup_stm32f10x_md.o
      1102         26          0          0          0      19973   stm32f10x_adc.o
       596          8          0          0          0       4374   stm32f10x_dma.o
       860         38          0          0          0       5693   stm32f10x_gpio.o
        26          0          0          0          0       1202   stm32f10x_it.o
       940         44          0         20          0       8884   stm32f10x_rcc.o
      3610         88          0          0          0      22176   stm32f10x_tim.o
      1032         22          0          0          0       8416   stm32f10x_usart.o
        12          0          0          0          0        473   sys.o
       488         46          0         20          0      59547   system_stm32f10x.o
       328         18          0          6        200       3230   usart.o
       740         36          0          3       2048       3941   usart2.o
       452         24          0          4        400       2988   usart3.o

    ----------------------------------------------------------------------
     15416       1276       2344       1364       6388     376652   Object Totals
         0          0         32          0          0          0   (incl. Generated)
         8          0          1          3          4          0   (incl. Padding)

    ----------------------------------------------------------------------

      Code (inc. data)   RO Data    RW Data    ZI Data      Debug   Library Member Name

        24          4          0          0          0         84   __2printf.o
        44          6          0          0          0         84   __2sprintf.o
        90          0          0          0          0          0   __dczerorl2.o
         8          0          0          0          0         68   __main.o
       392          4         17          0          0         92   __printf_flags_ss_wp.o
        14          0          0          0          0         68   __printf_wp.o
        52          8          0          0          0          0   __scatter.o
        28          0          0          0          0          0   __scatter_zi.o
         6          0          0          0          0          0   _printf_a.o
         6          0          0          0          0          0   _printf_c.o
        44          0          0          0          0        108   _printf_char.o
        48          6          0          0          0         96   _printf_char_common.o
        36          4          0          0          0         80   _printf_char_file.o
        40          0          0          0          0         68   _printf_charcount.o
         6          0          0          0          0          0   _printf_d.o
       116         16          0          0          0         92   _printf_dec.o
         6          0          0          0          0          0   _printf_e.o
         6          0          0          0          0          0   _printf_f.o
      1046          0          0          0          0        216   _printf_fp_dec.o
       128         16          0          0          0         84   _printf_fp_infnan.o
         6          0          0          0          0          0   _printf_g.o
       148          4         40          0          0        160   _printf_hex_int_ll_ptr.o
         6          0          0          0          0          0   _printf_i.o
       178          0          0          0          0         88   _printf_intcommon.o
        10          0          0          0          0          0   _printf_l.o
         6          0          0          0          0          0   _printf_lc.o
        10          0          0          0          0          0   _printf_ll.o
         6          0          0          0          0          0   _printf_lld.o
         6          0          0          0          0          0   _printf_lli.o
         6          0          0          0          0          0   _printf_llo.o
         6          0          0          0          0          0   _printf_llu.o
         6          0          0          0          0          0   _printf_llx.o
       120         16          0          0          0         92   _printf_longlong_dec.o
         6          0          0          0          0          0   _printf_ls.o
         6          0          0          0          0          0   _printf_n.o
         6          0          0          0          0          0   _printf_o.o
       112          8          0          0          0        124   _printf_oct_int_ll.o
         6          0          0          0          0          0   _printf_p.o
        78          0          0          0          0        108   _printf_pad.o
         0          0          0          0          0          0   _printf_percent.o
         4          0          0          0          0          0   _printf_percent_end.o
         6          0          0          0          0          0   _printf_s.o
        82          0          0          0          0         80   _printf_str.o
        36          0          0          0          0         84   _printf_truncate.o
         6          0          0          0          0          0   _printf_u.o
        44          0          0          0          0        108   _printf_wchar.o
       188          6          8          0          0         92   _printf_wctomb.o
         6          0          0          0          0          0   _printf_x.o
        10          0          0          0          0         68   _sputc.o
        64          0          0          0          0         92   _wcrtomb.o
       216          4        148          0          0         96   bigflt0.o
      1910        128          0          0          0        672   btod.o
        36          4          0          0          0         76   c89vsprintf.o
        12          0          0          0          0         72   exit.o
         8          0          0          0          0         68   ferror.o
         6          0          0          0          0        152   heapauxi.o
        44         10        272          0          0         76   lc_ctype_c.o
        44         10         28          0          0         76   lc_numeric_c.o
         2          0          0          0          0          0   libinit.o
        30          0          0          0          0          0   libinit2.o
         2          0          0          0          0          0   libshutdown.o
         2          0          0          0          0          0   libshutdown2.o
         8          4          0          0         96         68   libspace.o
       138          0          0          0          0         80   lludiv10.o
        16          4          0          0          0         76   rt_ctype_table.o
         8          4          0          0          0         68   rt_locale_intlibspace.o
        68          0          0          0          0         68   rt_memclr.o
        78          0          0          0          0         80   rt_memclr_w.o
         0          0          0          0          0          0   rtentry.o
        12          0          0          0          0          0   rtentry2.o
         6          0          0          0          0          0   rtentry4.o
         2          0          0          0          0          0   rtexit.o
        10          0          0          0          0          0   rtexit2.o
        24          0          0          0          0         68   strcat.o
       128          0          0          0          0         68   strcmpv7m.o
        62          0          0          0          0         76   strlen.o
        86          0          0          0          0         76   strncpy.o
        36          0          0          0          0         80   strstr.o
        74          0          0          0          0         80   sys_stackheap_outer.o
         2          0          0          0          0         68   use_no_semi.o
         2          0          0          0          0         68   use_no_semi_2.o
         4          0          0          0          0         68   printf1.o
         0          0          0          0          0          0   usenofp.o
        40          0          0          0          0         68   fpclassify.o

    ----------------------------------------------------------------------
      6440        266        516          0         96       4684   Library Totals
        10          0          3          0          0          0   (incl. Padding)

    ----------------------------------------------------------------------

      Code (inc. data)   RO Data    RW Data    ZI Data      Debug   Library Name

      6386        266        513          0         96       4548   c_w.l
         4          0          0          0          0         68   fz_ws.l
        40          0          0          0          0         68   m_ws.l

    ----------------------------------------------------------------------
      6440        266        516          0         96       4684   Library Totals

    ----------------------------------------------------------------------

==============================================================================


      Code (inc. data)   RO Data    RW Data    ZI Data      Debug   

     21856       1542       2860       1364       6484     376756   Grand Totals
     21856       1542       2860        436       6484     376756   ELF Image Totals (compressed)
     21856       1542       2860        436          0          0   ROM Totals

==============================================================================

    Total RO  Size (Code + RO Data)                24716 (  24.14kB)
    Total RW  Size (RW Data + ZI Data)              7848 (   7.66kB)
    Total ROM Size (Code + RO Data + RW Data)      25152 (  24.56kB)

==============================================================================

